Component: Arm Compiler for Embedded 6.18 Tool: armlink [5e4cc100]

==============================================================================

Section Cross References

    main.o(.text) refers to adc.o(.text) for adc_init
    main.o(.ARM.exidx) refers to main.o(.text) for [Anonymous Symbol]
    adc.o(.ARM.exidx) refers to adc.o(.text) for [Anonymous Symbol]
    datainit_ctboard.o(.text) refers to __scatter.o(!!!scatter) for __scatterload
    datainit_ctboard.o(.text) refers to main.o(.text) for main
    datainit_ctboard.o(.text) refers (Weak) to startup_ctboard.o(STACK) for Stack_Mem
    startup_ctboard.o(RESET) refers to startup_ctboard.o(STACK) for __initial_sp
    startup_ctboard.o(RESET) refers to startup_ctboard.o(.text) for Reset_Handler
    startup_ctboard.o(.text) refers to system_ctboard.o(.text) for __system
    startup_ctboard.o(.text) refers to datainit_ctboard.o(.text) for __main
    system_ctboard.o(.text) refers to hal_rcc.o(.text) for hal_rcc_reset
    system_ctboard.o(.text) refers to hal_pwr.o(.text) for hal_pwr_set_overdrive
    system_ctboard.o(.text) refers to hal_gpio.o(.text) for hal_gpio_init_alternate
    system_ctboard.o(.text) refers to hal_fmc.o(.text) for hal_fmc_init_sram
    system_ctboard.o(.ARM.exidx) refers to system_ctboard.o(.text) for [Anonymous Symbol]
    hal_ct_lcd.o(.text) refers to hal_ct_lcd.o(.rodata.str1.1) for [Anonymous Symbol]
    hal_ct_lcd.o(.ARM.exidx) refers to hal_ct_lcd.o(.text) for [Anonymous Symbol]
    hal_fmc.o(.ARM.exidx) refers to hal_fmc.o(.text) for [Anonymous Symbol]
    hal_gpio.o(.text) refers to aeabi_sdiv.o(.text) for __aeabi_uidiv
    hal_gpio.o(.ARM.exidx) refers to hal_gpio.o(.text) for [Anonymous Symbol]
    hal_pwr.o(.ARM.exidx) refers to hal_pwr.o(.text) for [Anonymous Symbol]
    hal_rcc.o(.ARM.exidx) refers to hal_rcc.o(.text) for [Anonymous Symbol]
    __scatter.o(!!!scatter) refers to __rtentry.o(.ARM.Collect$$rtentry$$00000000) for __rt_entry
    __rtentry.o(.ARM.Collect$$rtentry$$00000000) refers (Special) to __rtentry2.o(.ARM.Collect$$rtentry$$0000000A) for __rt_entry_li
    __rtentry.o(.ARM.Collect$$rtentry$$00000000) refers (Special) to __rtentry2.o(.ARM.Collect$$rtentry$$0000000D) for __rt_entry_main
    __rtentry.o(.ARM.Collect$$rtentry$$00000000) refers (Special) to __rtentry2.o(.ARM.Collect$$rtentry$$0000000C) for __rt_entry_postli_1
    __rtentry.o(.ARM.Collect$$rtentry$$00000000) refers (Special) to __rtentry2.o(.ARM.Collect$$rtentry$$00000009) for __rt_entry_postsh_1
    __rtentry.o(.ARM.Collect$$rtentry$$00000000) refers (Special) to __rtentry2.o(.ARM.Collect$$rtentry$$00000002) for __rt_entry_presh_1
    __rtentry.o(.ARM.Collect$$rtentry$$00000000) refers (Special) to __rtentry4.o(.ARM.Collect$$rtentry$$00000004) for __rt_entry_sh
    aeabi_idiv0_sigfpe.o(.text) refers to rt_div0.o(.text) for __rt_div0
    __rtentry2.o(.ARM.Collect$$rtentry$$00000008) refers to boardinit2.o(.text) for _platform_post_stackheap_init
    __rtentry2.o(.ARM.Collect$$rtentry$$0000000A) refers to libinit.o(.ARM.Collect$$libinit$$00000000) for __rt_lib_init
    __rtentry2.o(.ARM.Collect$$rtentry$$0000000B) refers to boardinit3.o(.text) for _platform_post_lib_init
    __rtentry2.o(.ARM.Collect$$rtentry$$0000000D) refers to main.o(.text) for main
    __rtentry2.o(.ARM.Collect$$rtentry$$0000000D) refers to exit.o(.text) for exit
    __rtentry2.o(.ARM.exidx) refers to __rtentry2.o(.ARM.Collect$$rtentry$$00000001) for .ARM.Collect$$rtentry$$00000001
    __rtentry2.o(.ARM.exidx) refers to __rtentry2.o(.ARM.Collect$$rtentry$$00000008) for .ARM.Collect$$rtentry$$00000008
    __rtentry2.o(.ARM.exidx) refers to __rtentry2.o(.ARM.Collect$$rtentry$$0000000A) for .ARM.Collect$$rtentry$$0000000A
    __rtentry2.o(.ARM.exidx) refers to __rtentry2.o(.ARM.Collect$$rtentry$$0000000B) for .ARM.Collect$$rtentry$$0000000B
    __rtentry2.o(.ARM.exidx) refers to __rtentry2.o(.ARM.Collect$$rtentry$$0000000D) for .ARM.Collect$$rtentry$$0000000D
    __rtentry4.o(.ARM.Collect$$rtentry$$00000004) refers to datainit_ctboard.o(.text) for __user_setup_stackheap
    __rtentry4.o(.ARM.exidx) refers to __rtentry4.o(.ARM.Collect$$rtentry$$00000004) for .ARM.Collect$$rtentry$$00000004
    rt_div0.o(.text) refers to defsig_fpe_outer.o(.text) for __rt_SIGFPE
    exit.o(.text) refers to rtexit.o(.ARM.Collect$$rtexit$$00000000) for __rt_exit
    defsig_fpe_outer.o(.text) refers to defsig_fpe_inner.o(.text) for __rt_SIGFPE_inner
    defsig_fpe_outer.o(.text) refers to defsig_exit.o(.text) for __sig_exit
    defsig_fpe_formal.o(.text) refers to rt_raise.o(.text) for __rt_raise
    libinit.o(.ARM.Collect$$libinit$$00000000) refers (Special) to libinit2.o(.ARM.Collect$$libinit$$00000030) for __rt_lib_init_alloca_1
    libinit.o(.ARM.Collect$$libinit$$00000000) refers (Special) to libinit2.o(.ARM.Collect$$libinit$$0000002E) for __rt_lib_init_argv_1
    libinit.o(.ARM.Collect$$libinit$$00000000) refers (Special) to libinit2.o(.ARM.Collect$$libinit$$0000001D) for __rt_lib_init_atexit_1
    libinit.o(.ARM.Collect$$libinit$$00000000) refers (Special) to libinit2.o(.ARM.Collect$$libinit$$00000023) for __rt_lib_init_clock_1
    libinit.o(.ARM.Collect$$libinit$$00000000) refers (Special) to libinit2.o(.ARM.Collect$$libinit$$00000034) for __rt_lib_init_cpp_1
    libinit.o(.ARM.Collect$$libinit$$00000000) refers (Special) to libinit2.o(.ARM.Collect$$libinit$$00000032) for __rt_lib_init_exceptions_1
    libinit.o(.ARM.Collect$$libinit$$00000000) refers (Special) to libinit2.o(.ARM.Collect$$libinit$$00000002) for __rt_lib_init_fp_1
    libinit.o(.ARM.Collect$$libinit$$00000000) refers (Special) to libinit2.o(.ARM.Collect$$libinit$$00000021) for __rt_lib_init_fp_trap_1
    libinit.o(.ARM.Collect$$libinit$$00000000) refers (Special) to libinit2.o(.ARM.Collect$$libinit$$00000025) for __rt_lib_init_getenv_1
    libinit.o(.ARM.Collect$$libinit$$00000000) refers (Special) to libinit2.o(.ARM.Collect$$libinit$$0000000C) for __rt_lib_init_heap_1
    libinit.o(.ARM.Collect$$libinit$$00000000) refers (Special) to libinit2.o(.ARM.Collect$$libinit$$00000013) for __rt_lib_init_lc_collate_1
    libinit.o(.ARM.Collect$$libinit$$00000000) refers (Special) to libinit2.o(.ARM.Collect$$libinit$$00000015) for __rt_lib_init_lc_ctype_1
    libinit.o(.ARM.Collect$$libinit$$00000000) refers (Special) to libinit2.o(.ARM.Collect$$libinit$$00000017) for __rt_lib_init_lc_monetary_1
    libinit.o(.ARM.Collect$$libinit$$00000000) refers (Special) to libinit2.o(.ARM.Collect$$libinit$$00000019) for __rt_lib_init_lc_numeric_1
    libinit.o(.ARM.Collect$$libinit$$00000000) refers (Special) to libinit2.o(.ARM.Collect$$libinit$$0000001B) for __rt_lib_init_lc_time_1
    libinit.o(.ARM.Collect$$libinit$$00000000) refers (Special) to libinit2.o(.ARM.Collect$$libinit$$00000006) for __rt_lib_init_preinit_1
    libinit.o(.ARM.Collect$$libinit$$00000000) refers (Special) to libinit2.o(.ARM.Collect$$libinit$$00000010) for __rt_lib_init_rand_1
    libinit.o(.ARM.Collect$$libinit$$00000000) refers (Special) to libinit2.o(.ARM.Collect$$libinit$$00000004) for __rt_lib_init_relocate_pie_1
    libinit.o(.ARM.Collect$$libinit$$00000000) refers (Special) to libinit2.o(.ARM.Collect$$libinit$$00000035) for __rt_lib_init_return
    libinit.o(.ARM.Collect$$libinit$$00000000) refers (Special) to libinit2.o(.ARM.Collect$$libinit$$0000001F) for __rt_lib_init_signal_1
    libinit.o(.ARM.Collect$$libinit$$00000000) refers (Special) to libinit2.o(.ARM.Collect$$libinit$$00000027) for __rt_lib_init_stdio_1
    libinit.o(.ARM.Collect$$libinit$$00000000) refers (Special) to libinit2.o(.ARM.Collect$$libinit$$0000000E) for __rt_lib_init_user_alloc_1
    rtexit.o(.ARM.Collect$$rtexit$$00000000) refers (Special) to rtexit2.o(.ARM.Collect$$rtexit$$00000004) for __rt_exit_exit
    rtexit.o(.ARM.Collect$$rtexit$$00000000) refers (Special) to rtexit2.o(.ARM.Collect$$rtexit$$00000003) for __rt_exit_ls
    rtexit.o(.ARM.Collect$$rtexit$$00000000) refers (Special) to rtexit2.o(.ARM.Collect$$rtexit$$00000002) for __rt_exit_prels_1
    rtexit.o(.ARM.exidx) refers (Special) to rtexit2.o(.ARM.Collect$$rtexit$$00000004) for __rt_exit_exit
    rtexit.o(.ARM.exidx) refers (Special) to rtexit2.o(.ARM.Collect$$rtexit$$00000003) for __rt_exit_ls
    rtexit.o(.ARM.exidx) refers (Special) to rtexit2.o(.ARM.Collect$$rtexit$$00000002) for __rt_exit_prels_1
    rtexit.o(.ARM.exidx) refers to rtexit.o(.ARM.Collect$$rtexit$$00000000) for .ARM.Collect$$rtexit$$00000000
    rt_raise.o(.text) refers to __raise.o(.text) for __raise
    rt_raise.o(.text) refers to sys_exit.o(.text) for _sys_exit
    defsig_exit.o(.text) refers to sys_exit.o(.text) for _sys_exit
    defsig_fpe_inner.o(.text) refers to defsig_general.o(.text) for __default_signal_display
    libinit2.o(.ARM.Collect$$libinit$$00000012) refers to libinit2.o(.ARM.Collect$$libinit$$00000011) for .ARM.Collect$$libinit$$00000011
    libinit2.o(.ARM.Collect$$libinit$$00000014) refers to libinit2.o(.ARM.Collect$$libinit$$00000011) for .ARM.Collect$$libinit$$00000011
    libinit2.o(.ARM.Collect$$libinit$$00000016) refers to libinit2.o(.ARM.Collect$$libinit$$00000011) for .ARM.Collect$$libinit$$00000011
    libinit2.o(.ARM.Collect$$libinit$$00000018) refers to libinit2.o(.ARM.Collect$$libinit$$00000011) for .ARM.Collect$$libinit$$00000011
    libinit2.o(.ARM.Collect$$libinit$$0000001A) refers to libinit2.o(.ARM.Collect$$libinit$$00000011) for .ARM.Collect$$libinit$$00000011
    libinit2.o(.ARM.Collect$$libinit$$00000028) refers to argv_veneer.o(.text) for __ARM_argv_veneer
    libinit2.o(.ARM.Collect$$libinit$$00000029) refers to argv_veneer.o(.text) for __ARM_argv_veneer
    sys_exit.o(.text) refers (Special) to use_no_semi.o(.text) for __I$use$semihosting
    sys_exit.o(.text) refers (Special) to indicate_semi.o(.text) for __semihosting_library_function
    sys_exit_hlt.o(.text) refers (Special) to use_no_semi.o(.text) for __I$use$semihosting
    sys_exit_hlt.o(.text) refers (Special) to indicate_semi.o(.text) for __semihosting_library_function
    rtexit2.o(.ARM.Collect$$rtexit$$00000003) refers to libshutdown.o(.ARM.Collect$$libshutdown$$00000000) for __rt_lib_shutdown
    rtexit2.o(.ARM.Collect$$rtexit$$00000004) refers to sys_exit.o(.text) for _sys_exit
    rtexit2.o(.ARM.exidx) refers to rtexit2.o(.ARM.Collect$$rtexit$$00000001) for .ARM.Collect$$rtexit$$00000001
    rtexit2.o(.ARM.exidx) refers to rtexit2.o(.ARM.Collect$$rtexit$$00000003) for .ARM.Collect$$rtexit$$00000003
    rtexit2.o(.ARM.exidx) refers to rtexit2.o(.ARM.Collect$$rtexit$$00000004) for .ARM.Collect$$rtexit$$00000004
    __raise.o(.text) refers to defsig.o(CL$$defsig) for __default_signal_handler
    defsig_general.o(.text) refers to sys_wrch.o(.text) for _ttywrch
    sys_wrch.o(.text) refers (Special) to use_no_semi.o(.text) for __I$use$semihosting
    sys_wrch.o(.text) refers (Special) to indicate_semi.o(.text) for __semihosting_library_function
    sys_wrch_hlt.o(.text) refers (Special) to use_no_semi.o(.text) for __I$use$semihosting
    sys_wrch_hlt.o(.text) refers (Special) to indicate_semi.o(.text) for __semihosting_library_function
    defsig.o(CL$$defsig) refers to defsig_fpe_inner.o(.text) for __rt_SIGFPE_inner
    defsig.o(CL$$defsig) refers to defsig_rtmem_inner.o(.text) for __rt_SIGRTMEM_inner
    _get_argv_nomalloc.o(.text) refers (Special) to hrguard.o(.text) for __heap_region$guard
    _get_argv_nomalloc.o(.text) refers to defsig_rtmem_outer.o(.text) for __rt_SIGRTMEM
    _get_argv_nomalloc.o(.text) refers to sys_command.o(.text) for _sys_command_string
    libshutdown.o(.ARM.Collect$$libshutdown$$00000000) refers (Special) to libshutdown2.o(.ARM.Collect$$libshutdown$$00000002) for __rt_lib_shutdown_cpp_1
    libshutdown.o(.ARM.Collect$$libshutdown$$00000000) refers (Special) to libshutdown2.o(.ARM.Collect$$libshutdown$$00000007) for __rt_lib_shutdown_fp_trap_1
    libshutdown.o(.ARM.Collect$$libshutdown$$00000000) refers (Special) to libshutdown2.o(.ARM.Collect$$libshutdown$$0000000F) for __rt_lib_shutdown_heap_1
    libshutdown.o(.ARM.Collect$$libshutdown$$00000000) refers (Special) to libshutdown2.o(.ARM.Collect$$libshutdown$$00000010) for __rt_lib_shutdown_return
    libshutdown.o(.ARM.Collect$$libshutdown$$00000000) refers (Special) to libshutdown2.o(.ARM.Collect$$libshutdown$$0000000A) for __rt_lib_shutdown_signal_1
    libshutdown.o(.ARM.Collect$$libshutdown$$00000000) refers (Special) to libshutdown2.o(.ARM.Collect$$libshutdown$$00000004) for __rt_lib_shutdown_stdio_1
    libshutdown.o(.ARM.Collect$$libshutdown$$00000000) refers (Special) to libshutdown2.o(.ARM.Collect$$libshutdown$$0000000C) for __rt_lib_shutdown_user_alloc_1
    sys_command.o(.text) refers (Special) to use_no_semi.o(.text) for __I$use$semihosting
    sys_command.o(.text) refers (Special) to indicate_semi.o(.text) for __semihosting_library_function
    sys_command_hlt.o(.text) refers (Special) to use_no_semi.o(.text) for __I$use$semihosting
    sys_command_hlt.o(.text) refers (Special) to indicate_semi.o(.text) for __semihosting_library_function
    defsig_abrt_inner.o(.text) refers to defsig_general.o(.text) for __default_signal_display
    defsig_rtred_inner.o(.text) refers to defsig_general.o(.text) for __default_signal_display
    defsig_rtmem_inner.o(.text) refers to defsig_general.o(.text) for __default_signal_display
    defsig_rtmem_outer.o(.text) refers to defsig_rtmem_inner.o(.text) for __rt_SIGRTMEM_inner
    defsig_rtmem_outer.o(.text) refers to defsig_exit.o(.text) for __sig_exit
    defsig_rtmem_formal.o(.text) refers to rt_raise.o(.text) for __rt_raise
    defsig_stak_inner.o(.text) refers to defsig_general.o(.text) for __default_signal_display
    defsig_pvfn_inner.o(.text) refers to defsig_general.o(.text) for __default_signal_display
    defsig_cppl_inner.o(.text) refers to defsig_general.o(.text) for __default_signal_display
    defsig_segv_inner.o(.text) refers to defsig_general.o(.text) for __default_signal_display
    defsig_other.o(.text) refers to defsig_general.o(.text) for __default_signal_display


==============================================================================

Removing Unused input sections from the image.

    Removing main.o(.ARM.exidx), (8 bytes).
    Removing main.o(.ARM.use_no_argv), (4 bytes).
    Removing adc.o(.ARM.exidx), (24 bytes).
    Removing startup_ctboard.o(HEAP), (2048 bytes).
    Removing system_ctboard.o(.ARM.exidx), (72 bytes).
    Removing hal_ct_lcd.o(.text), (200 bytes).
    Removing hal_ct_lcd.o(.ARM.exidx), (24 bytes).
    Removing hal_ct_lcd.o(.rodata.str1.1), (21 bytes).
    Removing hal_fmc.o(.ARM.exidx), (16 bytes).
    Removing hal_gpio.o(.ARM.exidx), (136 bytes).
    Removing hal_pwr.o(.ARM.exidx), (56 bytes).
    Removing hal_rcc.o(.ARM.exidx), (40 bytes).

12 unused section(s) (total 2649 bytes) removed from the image.

==============================================================================

Image Symbol Table

    Local Symbols

    Symbol Name                              Value     Ov Type        Size  Object(Section)

    ../clib/angel/boardlib.s                 0x00000000   Number         0  boardinit1.o ABSOLUTE
    ../clib/angel/boardlib.s                 0x00000000   Number         0  boardinit2.o ABSOLUTE
    ../clib/angel/boardlib.s                 0x00000000   Number         0  boardinit3.o ABSOLUTE
    ../clib/angel/boardlib.s                 0x00000000   Number         0  boardshut.o ABSOLUTE
    ../clib/angel/handlers.s                 0x00000000   Number         0  __scatter_zi.o ABSOLUTE
    ../clib/angel/kernel.s                   0x00000000   Number         0  __rtentry.o ABSOLUTE
    ../clib/angel/kernel.s                   0x00000000   Number         0  __rtentry2.o ABSOLUTE
    ../clib/angel/kernel.s                   0x00000000   Number         0  __rtentry4.o ABSOLUTE
    ../clib/angel/kernel.s                   0x00000000   Number         0  rtexit.o ABSOLUTE
    ../clib/angel/kernel.s                   0x00000000   Number         0  rtexit2.o ABSOLUTE
    ../clib/angel/rt.s                       0x00000000   Number         0  aeabi_idiv0.o ABSOLUTE
    ../clib/angel/rt.s                       0x00000000   Number         0  aeabi_idiv0_sigfpe.o ABSOLUTE
    ../clib/angel/rt.s                       0x00000000   Number         0  rt_div0.o ABSOLUTE
    ../clib/angel/rt.s                       0x00000000   Number         0  rt_raise.o ABSOLUTE
    ../clib/angel/scatterp.s                 0x00000000   Number         0  __scatter.o ABSOLUTE
    ../clib/angel/sys.s                      0x00000000   Number         0  use_no_semi.o ABSOLUTE
    ../clib/angel/sys.s                      0x00000000   Number         0  indicate_semi.o ABSOLUTE
    ../clib/angel/sysapp.c                   0x00000000   Number         0  sys_exit.o ABSOLUTE
    ../clib/angel/sysapp.c                   0x00000000   Number         0  sys_exit_hlt.o ABSOLUTE
    ../clib/angel/sysapp.c                   0x00000000   Number         0  sys_wrch.o ABSOLUTE
    ../clib/angel/sysapp.c                   0x00000000   Number         0  sys_wrch_hlt.o ABSOLUTE
    ../clib/angel/sysapp.c                   0x00000000   Number         0  sys_command.o ABSOLUTE
    ../clib/angel/sysapp.c                   0x00000000   Number         0  sys_command_hlt.o ABSOLUTE
    ../clib/armsys.c                         0x00000000   Number         0  argv_veneer.o ABSOLUTE
    ../clib/armsys.c                         0x00000000   Number         0  _get_argv_nomalloc.o ABSOLUTE
    ../clib/armsys.c                         0x00000000   Number         0  no_argv.o ABSOLUTE
    ../clib/division.s                       0x00000000   Number         0  aeabi_sdiv.o ABSOLUTE
    ../clib/division.s                       0x00000000   Number         0  aeabi_sdiv_div0.o ABSOLUTE
    ../clib/heapalloc.c                      0x00000000   Number         0  hrguard.o ABSOLUTE
    ../clib/libinit.s                        0x00000000   Number         0  libinit.o ABSOLUTE
    ../clib/libinit.s                        0x00000000   Number         0  libinit2.o ABSOLUTE
    ../clib/libinit.s                        0x00000000   Number         0  libshutdown.o ABSOLUTE
    ../clib/libinit.s                        0x00000000   Number         0  libshutdown2.o ABSOLUTE
    ../clib/signal.c                         0x00000000   Number         0  defsig_fpe_outer.o ABSOLUTE
    ../clib/signal.c                         0x00000000   Number         0  defsig_fpe_formal.o ABSOLUTE
    ../clib/signal.c                         0x00000000   Number         0  defsig_exit.o ABSOLUTE
    ../clib/signal.c                         0x00000000   Number         0  defsig_fpe_inner.o ABSOLUTE
    ../clib/signal.c                         0x00000000   Number         0  __raise.o ABSOLUTE
    ../clib/signal.c                         0x00000000   Number         0  defsig_general.o ABSOLUTE
    ../clib/signal.c                         0x00000000   Number         0  defsig_abrt_inner.o ABSOLUTE
    ../clib/signal.c                         0x00000000   Number         0  defsig_rtred_inner.o ABSOLUTE
    ../clib/signal.c                         0x00000000   Number         0  defsig_rtmem_inner.o ABSOLUTE
    ../clib/signal.c                         0x00000000   Number         0  defsig_rtmem_outer.o ABSOLUTE
    ../clib/signal.c                         0x00000000   Number         0  defsig_rtmem_formal.o ABSOLUTE
    ../clib/signal.c                         0x00000000   Number         0  defsig_stak_inner.o ABSOLUTE
    ../clib/signal.c                         0x00000000   Number         0  defsig_pvfn_inner.o ABSOLUTE
    ../clib/signal.c                         0x00000000   Number         0  defsig_cppl_inner.o ABSOLUTE
    ../clib/signal.c                         0x00000000   Number         0  defsig_segv_inner.o ABSOLUTE
    ../clib/signal.c                         0x00000000   Number         0  defsig_other.o ABSOLUTE
    ../clib/signal.s                         0x00000000   Number         0  defsig.o ABSOLUTE
    ../clib/stdlib.c                         0x00000000   Number         0  exit.o ABSOLUTE
    ../fplib/cfplib/fpinit.c                 0x00000000   Number         0  fpinit.o ABSOLUTE
    RTE/Device/CT_Board_HS14_M0/datainit_ctboard.s 0x00000000   Number         0  datainit_ctboard.o ABSOLUTE
    RTE/Device/CT_Board_HS14_M0/startup_ctboard.s 0x00000000   Number         0  startup_ctboard.o ABSOLUTE
    adc.c                                    0x00000000   Number         0  adc.o ABSOLUTE
    dc.s                                     0x00000000   Number         0  dc.o ABSOLUTE
    hal_ct_lcd.c                             0x00000000   Number         0  hal_ct_lcd.o ABSOLUTE
    hal_fmc.c                                0x00000000   Number         0  hal_fmc.o ABSOLUTE
    hal_gpio.c                               0x00000000   Number         0  hal_gpio.o ABSOLUTE
    hal_pwr.c                                0x00000000   Number         0  hal_pwr.o ABSOLUTE
    hal_rcc.c                                0x00000000   Number         0  hal_rcc.o ABSOLUTE
    main.c                                   0x00000000   Number         0  main.o ABSOLUTE
    system_ctboard.c                         0x00000000   Number         0  system_ctboard.o ABSOLUTE
    RESET                                    0x08000000   Section      428  startup_ctboard.o(RESET)
    !!!scatter                               0x080001ac   Section       60  __scatter.o(!!!scatter)
    !!handler_zi                             0x080001e8   Section       28  __scatter_zi.o(!!handler_zi)
    .ARM.Collect$$libinit$$00000000          0x08000204   Section        2  libinit.o(.ARM.Collect$$libinit$$00000000)
    .ARM.Collect$$libinit$$00000002          0x08000206   Section        0  libinit2.o(.ARM.Collect$$libinit$$00000002)
    .ARM.Collect$$libinit$$00000004          0x08000206   Section        0  libinit2.o(.ARM.Collect$$libinit$$00000004)
    .ARM.Collect$$libinit$$00000006          0x08000206   Section        0  libinit2.o(.ARM.Collect$$libinit$$00000006)
    .ARM.Collect$$libinit$$0000000C          0x08000206   Section        0  libinit2.o(.ARM.Collect$$libinit$$0000000C)
    .ARM.Collect$$libinit$$0000000E          0x08000206   Section        0  libinit2.o(.ARM.Collect$$libinit$$0000000E)
    .ARM.Collect$$libinit$$00000010          0x08000206   Section        0  libinit2.o(.ARM.Collect$$libinit$$00000010)
    .ARM.Collect$$libinit$$00000013          0x08000206   Section        0  libinit2.o(.ARM.Collect$$libinit$$00000013)
    .ARM.Collect$$libinit$$00000015          0x08000206   Section        0  libinit2.o(.ARM.Collect$$libinit$$00000015)
    .ARM.Collect$$libinit$$00000017          0x08000206   Section        0  libinit2.o(.ARM.Collect$$libinit$$00000017)
    .ARM.Collect$$libinit$$00000019          0x08000206   Section        0  libinit2.o(.ARM.Collect$$libinit$$00000019)
    .ARM.Collect$$libinit$$0000001B          0x08000206   Section        0  libinit2.o(.ARM.Collect$$libinit$$0000001B)
    .ARM.Collect$$libinit$$0000001D          0x08000206   Section        0  libinit2.o(.ARM.Collect$$libinit$$0000001D)
    .ARM.Collect$$libinit$$0000001F          0x08000206   Section        0  libinit2.o(.ARM.Collect$$libinit$$0000001F)
    .ARM.Collect$$libinit$$00000021          0x08000206   Section        0  libinit2.o(.ARM.Collect$$libinit$$00000021)
    .ARM.Collect$$libinit$$00000023          0x08000206   Section        0  libinit2.o(.ARM.Collect$$libinit$$00000023)
    .ARM.Collect$$libinit$$00000025          0x08000206   Section        0  libinit2.o(.ARM.Collect$$libinit$$00000025)
    .ARM.Collect$$libinit$$00000027          0x08000206   Section        0  libinit2.o(.ARM.Collect$$libinit$$00000027)
    .ARM.Collect$$libinit$$0000002E          0x08000206   Section        0  libinit2.o(.ARM.Collect$$libinit$$0000002E)
    .ARM.Collect$$libinit$$00000030          0x08000206   Section        0  libinit2.o(.ARM.Collect$$libinit$$00000030)
    .ARM.Collect$$libinit$$00000032          0x08000206   Section        0  libinit2.o(.ARM.Collect$$libinit$$00000032)
    .ARM.Collect$$libinit$$00000034          0x08000206   Section        0  libinit2.o(.ARM.Collect$$libinit$$00000034)
    .ARM.Collect$$libinit$$00000035          0x08000206   Section        2  libinit2.o(.ARM.Collect$$libinit$$00000035)
    .ARM.Collect$$libshutdown$$00000000      0x08000208   Section        2  libshutdown.o(.ARM.Collect$$libshutdown$$00000000)
    .ARM.Collect$$libshutdown$$00000002      0x0800020a   Section        0  libshutdown2.o(.ARM.Collect$$libshutdown$$00000002)
    .ARM.Collect$$libshutdown$$00000004      0x0800020a   Section        0  libshutdown2.o(.ARM.Collect$$libshutdown$$00000004)
    .ARM.Collect$$libshutdown$$00000007      0x0800020a   Section        0  libshutdown2.o(.ARM.Collect$$libshutdown$$00000007)
    .ARM.Collect$$libshutdown$$0000000A      0x0800020a   Section        0  libshutdown2.o(.ARM.Collect$$libshutdown$$0000000A)
    .ARM.Collect$$libshutdown$$0000000C      0x0800020a   Section        0  libshutdown2.o(.ARM.Collect$$libshutdown$$0000000C)
    .ARM.Collect$$libshutdown$$0000000F      0x0800020a   Section        0  libshutdown2.o(.ARM.Collect$$libshutdown$$0000000F)
    .ARM.Collect$$libshutdown$$00000010      0x0800020a   Section        2  libshutdown2.o(.ARM.Collect$$libshutdown$$00000010)
    .ARM.Collect$$rtentry$$00000000          0x0800020c   Section        0  __rtentry.o(.ARM.Collect$$rtentry$$00000000)
    .ARM.Collect$$rtentry$$00000002          0x0800020c   Section        0  __rtentry2.o(.ARM.Collect$$rtentry$$00000002)
    .ARM.Collect$$rtentry$$00000004          0x0800020c   Section        6  __rtentry4.o(.ARM.Collect$$rtentry$$00000004)
    .ARM.Collect$$rtentry$$00000009          0x08000212   Section        0  __rtentry2.o(.ARM.Collect$$rtentry$$00000009)
    .ARM.Collect$$rtentry$$0000000A          0x08000212   Section        4  __rtentry2.o(.ARM.Collect$$rtentry$$0000000A)
    .ARM.Collect$$rtentry$$0000000C          0x08000216   Section        0  __rtentry2.o(.ARM.Collect$$rtentry$$0000000C)
    .ARM.Collect$$rtentry$$0000000D          0x08000216   Section        8  __rtentry2.o(.ARM.Collect$$rtentry$$0000000D)
    .ARM.Collect$$rtexit$$00000000           0x0800021e   Section        2  rtexit.o(.ARM.Collect$$rtexit$$00000000)
    .ARM.Collect$$rtexit$$00000002           0x08000220   Section        0  rtexit2.o(.ARM.Collect$$rtexit$$00000002)
    .ARM.Collect$$rtexit$$00000003           0x08000220   Section        4  rtexit2.o(.ARM.Collect$$rtexit$$00000003)
    .ARM.Collect$$rtexit$$00000004           0x08000224   Section        6  rtexit2.o(.ARM.Collect$$rtexit$$00000004)
    [Anonymous Symbol]                       0x0800022c   Section        0  main.o(.text)
    __arm_cp.0_0                             0x08000250   Number         4  main.o(.text)
    [Anonymous Symbol]                       0x08000254   Section        0  adc.o(.text)
    __arm_cp.0_0                             0x0800029c   Number         4  adc.o(.text)
    __arm_cp.0_1                             0x080002a0   Number         4  adc.o(.text)
    __arm_cp.0_2                             0x080002a4   Number         4  adc.o(.text)
    __arm_cp.0_3                             0x080002a8   Number         4  adc.o(.text)
    __arm_cp.0_4                             0x080002ac   Number         4  adc.o(.text)
    __arm_cp.0_5                             0x080002b0   Number         4  adc.o(.text)
    __arm_cp.0_6                             0x080002b4   Number         4  adc.o(.text)
    __arm_cp.0_7                             0x080002b8   Number         4  adc.o(.text)
    __arm_cp.0_8                             0x080002bc   Number         4  adc.o(.text)
    __arm_cp.0_9                             0x080002c0   Number         4  adc.o(.text)
    __arm_cp.1_0                             0x080002f8   Number         4  adc.o(.text)
    __arm_cp.1_1                             0x080002fc   Number         4  adc.o(.text)
    __arm_cp.1_2                             0x08000300   Number         4  adc.o(.text)
    __arm_cp.1_3                             0x08000304   Number         4  adc.o(.text)
    .text                                    0x0800031c   Section       40  datainit_ctboard.o(.text)
    .text                                    0x08000344   Section       36  startup_ctboard.o(.text)
    [Anonymous Symbol]                       0x08000368   Section        0  system_ctboard.o(.text)
    init_SystemClock                         0x08000385   Thumb Code   168  system_ctboard.o(.text)
    __arm_cp.2_0                             0x0800042c   Number         4  system_ctboard.o(.text)
    __arm_cp.2_1                             0x08000430   Number         4  system_ctboard.o(.text)
    __arm_cp.2_2                             0x08000434   Number         4  system_ctboard.o(.text)
    __arm_cp.2_3                             0x08000438   Number         4  system_ctboard.o(.text)
    __arm_cp.2_4                             0x0800043c   Number         4  system_ctboard.o(.text)
    init_FPU                                 0x08000441   Thumb Code     2  system_ctboard.o(.text)
    init_FMC_SRAM                            0x08000445   Thumb Code   340  system_ctboard.o(.text)
    __arm_cp.4_0                             0x08000598   Number         4  system_ctboard.o(.text)
    __arm_cp.4_1                             0x0800059c   Number         4  system_ctboard.o(.text)
    __arm_cp.4_2                             0x080005a0   Number         4  system_ctboard.o(.text)
    __arm_cp.4_3                             0x080005a4   Number         4  system_ctboard.o(.text)
    __arm_cp.4_4                             0x080005a8   Number         4  system_ctboard.o(.text)
    __arm_cp.4_5                             0x080005ac   Number         4  system_ctboard.o(.text)
    __arm_cp.4_6                             0x080005b0   Number         4  system_ctboard.o(.text)
    __arm_cp.4_7                             0x080005b4   Number         4  system_ctboard.o(.text)
    __arm_cp.4_8                             0x080005b8   Number         4  system_ctboard.o(.text)
    __arm_cp.4_9                             0x080005bc   Number         4  system_ctboard.o(.text)
    init_LCD                                 0x080005c1   Thumb Code    32  system_ctboard.o(.text)
    __arm_cp.5_0                             0x080005e0   Number         4  system_ctboard.o(.text)
    [Anonymous Symbol]                       0x080005f8   Section        0  hal_fmc.o(.text)
    __arm_cp.0_0                             0x08000660   Number         4  hal_fmc.o(.text)
    __arm_cp.0_1                             0x08000664   Number         4  hal_fmc.o(.text)
    __arm_cp.0_2                             0x08000668   Number         4  hal_fmc.o(.text)
    __arm_cp.0_3                             0x0800066c   Number         4  hal_fmc.o(.text)
    __arm_cp.0_4                             0x08000670   Number         4  hal_fmc.o(.text)
    __arm_cp.0_5                             0x08000674   Number         4  hal_fmc.o(.text)
    __arm_cp.0_6                             0x08000678   Number         4  hal_fmc.o(.text)
    __arm_cp.0_7                             0x0800067c   Number         4  hal_fmc.o(.text)
    __arm_cp.0_8                             0x08000680   Number         4  hal_fmc.o(.text)
    __arm_cp.0_9                             0x08000684   Number         4  hal_fmc.o(.text)
    __arm_cp.1_0                             0x080008b4   Number         4  hal_fmc.o(.text)
    __arm_cp.1_1                             0x080008b8   Number         4  hal_fmc.o(.text)
    __arm_cp.1_2                             0x080008bc   Number         4  hal_fmc.o(.text)
    __arm_cp.1_3                             0x080008c0   Number         4  hal_fmc.o(.text)
    __arm_cp.1_4                             0x080008c4   Number         4  hal_fmc.o(.text)
    __arm_cp.1_5                             0x080008c8   Number         4  hal_fmc.o(.text)
    __arm_cp.1_6                             0x080008cc   Number         4  hal_fmc.o(.text)
    [Anonymous Symbol]                       0x080008d0   Section        0  hal_gpio.o(.text)
    __arm_cp.0_0                             0x08000940   Number         4  hal_gpio.o(.text)
    __arm_cp.0_1                             0x08000944   Number         4  hal_gpio.o(.text)
    intercept_overwrite_register             0x080009c5   Thumb Code    48  hal_gpio.o(.text)
    __arm_cp.2_0                             0x080009f4   Number         4  hal_gpio.o(.text)
    __arm_cp.2_1                             0x080009f8   Number         4  hal_gpio.o(.text)
    __arm_cp.2_2                             0x080009fc   Number         4  hal_gpio.o(.text)
    create_pattern_mask                      0x08000a01   Thumb Code   156  hal_gpio.o(.text)
    __arm_cp.13_0                            0x080010b0   Number         4  hal_gpio.o(.text)
    __arm_cp.13_1                            0x080010b4   Number         4  hal_gpio.o(.text)
    __arm_cp.13_2                            0x080010b8   Number         4  hal_gpio.o(.text)
    __arm_cp.13_3                            0x080010bc   Number         4  hal_gpio.o(.text)
    __arm_cp.13_4                            0x080010c0   Number         4  hal_gpio.o(.text)
    __arm_cp.13_5                            0x080010c4   Number         4  hal_gpio.o(.text)
    __arm_cp.13_6                            0x080010c8   Number         4  hal_gpio.o(.text)
    __arm_cp.13_7                            0x080010cc   Number         4  hal_gpio.o(.text)
    __arm_cp.13_8                            0x080010d0   Number         4  hal_gpio.o(.text)
    __arm_cp.13_9                            0x080010d4   Number         4  hal_gpio.o(.text)
    __arm_cp.13_10                           0x080010d8   Number         4  hal_gpio.o(.text)
    __arm_cp.13_11                           0x080010dc   Number         4  hal_gpio.o(.text)
    __arm_cp.13_12                           0x080010e0   Number         4  hal_gpio.o(.text)
    get_syscfg_mask                          0x080010e5   Thumb Code   232  hal_gpio.o(.text)
    __arm_cp.14_0                            0x080011cc   Number         4  hal_gpio.o(.text)
    __arm_cp.14_1                            0x080011d0   Number         4  hal_gpio.o(.text)
    __arm_cp.14_2                            0x080011d4   Number         4  hal_gpio.o(.text)
    __arm_cp.14_3                            0x080011d8   Number         4  hal_gpio.o(.text)
    __arm_cp.14_4                            0x080011dc   Number         4  hal_gpio.o(.text)
    __arm_cp.14_5                            0x080011e0   Number         4  hal_gpio.o(.text)
    __arm_cp.14_6                            0x080011e4   Number         4  hal_gpio.o(.text)
    __arm_cp.14_7                            0x080011e8   Number         4  hal_gpio.o(.text)
    __arm_cp.14_8                            0x080011ec   Number         4  hal_gpio.o(.text)
    __arm_cp.14_9                            0x080011f0   Number         4  hal_gpio.o(.text)
    __arm_cp.15_0                            0x08001234   Number         4  hal_gpio.o(.text)
    __arm_cp.15_1                            0x08001238   Number         4  hal_gpio.o(.text)
    __arm_cp.16_0                            0x08001254   Number         4  hal_gpio.o(.text)
    [Anonymous Symbol]                       0x08001258   Section        0  hal_pwr.o(.text)
    __arm_cp.0_0                             0x08001268   Number         4  hal_pwr.o(.text)
    __arm_cp.0_1                             0x0800126c   Number         4  hal_pwr.o(.text)
    __arm_cp.1_0                             0x08001304   Number         4  hal_pwr.o(.text)
    __arm_cp.2_0                             0x08001334   Number         4  hal_pwr.o(.text)
    __arm_cp.3_0                             0x08001364   Number         4  hal_pwr.o(.text)
    __arm_cp.4_0                             0x08001394   Number         4  hal_pwr.o(.text)
    [Anonymous Symbol]                       0x080013ac   Section        0  hal_rcc.o(.text)
    __arm_cp.0_0                             0x08001440   Number         4  hal_rcc.o(.text)
    __arm_cp.0_1                             0x08001444   Number         4  hal_rcc.o(.text)
    __arm_cp.0_2                             0x08001448   Number         4  hal_rcc.o(.text)
    __arm_cp.0_3                             0x0800144c   Number         4  hal_rcc.o(.text)
    __arm_cp.0_4                             0x08001450   Number         4  hal_rcc.o(.text)
    __arm_cp.0_5                             0x08001454   Number         4  hal_rcc.o(.text)
    __arm_cp.0_6                             0x08001458   Number         4  hal_rcc.o(.text)
    __arm_cp.0_7                             0x0800145c   Number         4  hal_rcc.o(.text)
    __arm_cp.0_8                             0x08001460   Number         4  hal_rcc.o(.text)
    __arm_cp.0_9                             0x08001464   Number         4  hal_rcc.o(.text)
    __arm_cp.0_10                            0x08001468   Number         4  hal_rcc.o(.text)
    __arm_cp.0_11                            0x0800146c   Number         4  hal_rcc.o(.text)
    __arm_cp.0_12                            0x08001470   Number         4  hal_rcc.o(.text)
    __arm_cp.0_13                            0x08001474   Number         4  hal_rcc.o(.text)
    __arm_cp.0_14                            0x08001478   Number         4  hal_rcc.o(.text)
    __arm_cp.0_15                            0x0800147c   Number         4  hal_rcc.o(.text)
    __arm_cp.0_16                            0x08001480   Number         4  hal_rcc.o(.text)
    __arm_cp.0_17                            0x08001484   Number         4  hal_rcc.o(.text)
    __arm_cp.0_18                            0x08001488   Number         4  hal_rcc.o(.text)
    __arm_cp.0_19                            0x0800148c   Number         4  hal_rcc.o(.text)
    __arm_cp.0_20                            0x08001490   Number         4  hal_rcc.o(.text)
    __arm_cp.0_21                            0x08001494   Number         4  hal_rcc.o(.text)
    __arm_cp.0_22                            0x08001498   Number         4  hal_rcc.o(.text)
    __arm_cp.0_23                            0x0800149c   Number         4  hal_rcc.o(.text)
    __arm_cp.0_24                            0x080014a0   Number         4  hal_rcc.o(.text)
    __arm_cp.0_25                            0x080014a4   Number         4  hal_rcc.o(.text)
    __arm_cp.0_26                            0x080014a8   Number         4  hal_rcc.o(.text)
    __arm_cp.0_27                            0x080014ac   Number         4  hal_rcc.o(.text)
    __arm_cp.0_28                            0x080014b0   Number         4  hal_rcc.o(.text)
    __arm_cp.0_29                            0x080014b4   Number         4  hal_rcc.o(.text)
    __arm_cp.0_30                            0x080014b8   Number         4  hal_rcc.o(.text)
    __arm_cp.0_31                            0x080014bc   Number         4  hal_rcc.o(.text)
    __arm_cp.1_0                             0x0800164c   Number         4  hal_rcc.o(.text)
    __arm_cp.1_1                             0x08001650   Number         4  hal_rcc.o(.text)
    __arm_cp.1_2                             0x08001654   Number         4  hal_rcc.o(.text)
    __arm_cp.1_3                             0x08001658   Number         4  hal_rcc.o(.text)
    __arm_cp.2_0                             0x0800174c   Number         4  hal_rcc.o(.text)
    __arm_cp.2_1                             0x08001750   Number         4  hal_rcc.o(.text)
    __arm_cp.2_2                             0x08001754   Number         4  hal_rcc.o(.text)
    __arm_cp.3_0                             0x08001890   Number         4  hal_rcc.o(.text)
    __arm_cp.3_1                             0x08001894   Number         4  hal_rcc.o(.text)
    __arm_cp.3_2                             0x08001898   Number         4  hal_rcc.o(.text)
    __arm_cp.3_3                             0x0800189c   Number         4  hal_rcc.o(.text)
    __arm_cp.3_4                             0x080018a0   Number         4  hal_rcc.o(.text)
    __arm_cp.3_5                             0x080018a4   Number         4  hal_rcc.o(.text)
    __arm_cp.4_0                             0x0800193c   Number         4  hal_rcc.o(.text)
    __arm_cp.4_1                             0x08001940   Number         4  hal_rcc.o(.text)
    .text                                    0x08001944   Section      364  aeabi_sdiv.o(.text)
    .text                                    0x08001ab0   Section        0  exit.o(.text)
    .text                                    0x08001ac0   Section        0  sys_exit.o(.text)
    .text                                    0x08001acc   Section        2  use_no_semi.o(.text)
    .text                                    0x08001ace   Section        0  indicate_semi.o(.text)
    STACK                                    0x20000000   Section     8192  startup_ctboard.o(STACK)
    __initial_sp                             0x20002000   Data           0  startup_ctboard.o(STACK)

    Global Symbols

    Symbol Name                              Value     Ov Type        Size  Object(Section)

    BuildAttributes$$THM_ISAv3M$S$PE$A:L22$X:L11$S22$IEEE1$IW$~IW$USESV6$~STKCKD$USESV7$WCHAR32$ENUMINT$~SHL$OSPACE$ROPI$EBA8$UX$STANDARDLIB$REQ8$PRES8$EABIv2 0x00000000   Number         0  anon$$obj.o ABSOLUTE
    __ARM_exceptions_init                     - Undefined Weak Reference
    __alloca_initialize                       - Undefined Weak Reference
    __arm_preinit_                            - Undefined Weak Reference
    __arm_relocate_pie_                       - Undefined Weak Reference
    __cpp_initialize__aeabi_                  - Undefined Weak Reference
    __cxa_finalize                            - Undefined Weak Reference
    __rt_locale                               - Undefined Weak Reference
    __sigvec_lookup                           - Undefined Weak Reference
    _atexit_init                              - Undefined Weak Reference
    _call_atexit_fns                          - Undefined Weak Reference
    _clock_init                               - Undefined Weak Reference
    _fp_trap_init                             - Undefined Weak Reference
    _fp_trap_shutdown                         - Undefined Weak Reference
    _get_lc_collate                           - Undefined Weak Reference
    _get_lc_ctype                             - Undefined Weak Reference
    _get_lc_monetary                          - Undefined Weak Reference
    _get_lc_numeric                           - Undefined Weak Reference
    _get_lc_time                              - Undefined Weak Reference
    _getenv_init                              - Undefined Weak Reference
    _handle_redirection                       - Undefined Weak Reference
    _init_alloc                               - Undefined Weak Reference
    _init_user_alloc                          - Undefined Weak Reference
    _initio                                   - Undefined Weak Reference
    _rand_init                                - Undefined Weak Reference
    _signal_finish                            - Undefined Weak Reference
    _signal_init                              - Undefined Weak Reference
    _terminate_alloc                          - Undefined Weak Reference
    _terminate_user_alloc                     - Undefined Weak Reference
    _terminateio                              - Undefined Weak Reference
    __Vectors_Size                           0x000001ac   Number         0  startup_ctboard.o ABSOLUTE
    Stack_Size                               0x00002000   Number         0  startup_ctboard.o ABSOLUTE
    __Vectors                                0x08000000   Data           4  startup_ctboard.o(RESET)
    __Vectors_End                            0x080001ac   Data           0  startup_ctboard.o(RESET)
    __scatterload                            0x080001ad   Thumb Code     0  __scatter.o(!!!scatter)
    __scatterload_rt2                        0x080001ad   Thumb Code    52  __scatter.o(!!!scatter)
    __scatterload_rt2_thumb_only             0x080001ad   Thumb Code     0  __scatter.o(!!!scatter)
    __scatterload_null                       0x080001bd   Thumb Code     0  __scatter.o(!!!scatter)
    __scatterload_zeroinit                   0x080001e9   Thumb Code    28  __scatter_zi.o(!!handler_zi)
    __rt_lib_init                            0x08000205   Thumb Code     0  libinit.o(.ARM.Collect$$libinit$$00000000)
    __rt_lib_init_alloca_1                   0x08000207   Thumb Code     0  libinit2.o(.ARM.Collect$$libinit$$00000030)
    __rt_lib_init_argv_1                     0x08000207   Thumb Code     0  libinit2.o(.ARM.Collect$$libinit$$0000002E)
    __rt_lib_init_atexit_1                   0x08000207   Thumb Code     0  libinit2.o(.ARM.Collect$$libinit$$0000001D)
    __rt_lib_init_clock_1                    0x08000207   Thumb Code     0  libinit2.o(.ARM.Collect$$libinit$$00000023)
    __rt_lib_init_cpp_1                      0x08000207   Thumb Code     0  libinit2.o(.ARM.Collect$$libinit$$00000034)
    __rt_lib_init_exceptions_1               0x08000207   Thumb Code     0  libinit2.o(.ARM.Collect$$libinit$$00000032)
    __rt_lib_init_fp_1                       0x08000207   Thumb Code     0  libinit2.o(.ARM.Collect$$libinit$$00000002)
    __rt_lib_init_fp_trap_1                  0x08000207   Thumb Code     0  libinit2.o(.ARM.Collect$$libinit$$00000021)
    __rt_lib_init_getenv_1                   0x08000207   Thumb Code     0  libinit2.o(.ARM.Collect$$libinit$$00000025)
    __rt_lib_init_heap_1                     0x08000207   Thumb Code     0  libinit2.o(.ARM.Collect$$libinit$$0000000C)
    __rt_lib_init_lc_collate_1               0x08000207   Thumb Code     0  libinit2.o(.ARM.Collect$$libinit$$00000013)
    __rt_lib_init_lc_ctype_1                 0x08000207   Thumb Code     0  libinit2.o(.ARM.Collect$$libinit$$00000015)
    __rt_lib_init_lc_monetary_1              0x08000207   Thumb Code     0  libinit2.o(.ARM.Collect$$libinit$$00000017)
    __rt_lib_init_lc_numeric_1               0x08000207   Thumb Code     0  libinit2.o(.ARM.Collect$$libinit$$00000019)
    __rt_lib_init_lc_time_1                  0x08000207   Thumb Code     0  libinit2.o(.ARM.Collect$$libinit$$0000001B)
    __rt_lib_init_preinit_1                  0x08000207   Thumb Code     0  libinit2.o(.ARM.Collect$$libinit$$00000006)
    __rt_lib_init_rand_1                     0x08000207   Thumb Code     0  libinit2.o(.ARM.Collect$$libinit$$00000010)
    __rt_lib_init_relocate_pie_1             0x08000207   Thumb Code     0  libinit2.o(.ARM.Collect$$libinit$$00000004)
    __rt_lib_init_return                     0x08000207   Thumb Code     0  libinit2.o(.ARM.Collect$$libinit$$00000035)
    __rt_lib_init_signal_1                   0x08000207   Thumb Code     0  libinit2.o(.ARM.Collect$$libinit$$0000001F)
    __rt_lib_init_stdio_1                    0x08000207   Thumb Code     0  libinit2.o(.ARM.Collect$$libinit$$00000027)
    __rt_lib_init_user_alloc_1               0x08000207   Thumb Code     0  libinit2.o(.ARM.Collect$$libinit$$0000000E)
    __rt_lib_shutdown                        0x08000209   Thumb Code     0  libshutdown.o(.ARM.Collect$$libshutdown$$00000000)
    __rt_lib_shutdown_cpp_1                  0x0800020b   Thumb Code     0  libshutdown2.o(.ARM.Collect$$libshutdown$$00000002)
    __rt_lib_shutdown_fp_trap_1              0x0800020b   Thumb Code     0  libshutdown2.o(.ARM.Collect$$libshutdown$$00000007)
    __rt_lib_shutdown_heap_1                 0x0800020b   Thumb Code     0  libshutdown2.o(.ARM.Collect$$libshutdown$$0000000F)
    __rt_lib_shutdown_return                 0x0800020b   Thumb Code     0  libshutdown2.o(.ARM.Collect$$libshutdown$$00000010)
    __rt_lib_shutdown_signal_1               0x0800020b   Thumb Code     0  libshutdown2.o(.ARM.Collect$$libshutdown$$0000000A)
    __rt_lib_shutdown_stdio_1                0x0800020b   Thumb Code     0  libshutdown2.o(.ARM.Collect$$libshutdown$$00000004)
    __rt_lib_shutdown_user_alloc_1           0x0800020b   Thumb Code     0  libshutdown2.o(.ARM.Collect$$libshutdown$$0000000C)
    __rt_entry                               0x0800020d   Thumb Code     0  __rtentry.o(.ARM.Collect$$rtentry$$00000000)
    __rt_entry_presh_1                       0x0800020d   Thumb Code     0  __rtentry2.o(.ARM.Collect$$rtentry$$00000002)
    __rt_entry_sh                            0x0800020d   Thumb Code     0  __rtentry4.o(.ARM.Collect$$rtentry$$00000004)
    __rt_entry_li                            0x08000213   Thumb Code     0  __rtentry2.o(.ARM.Collect$$rtentry$$0000000A)
    __rt_entry_postsh_1                      0x08000213   Thumb Code     0  __rtentry2.o(.ARM.Collect$$rtentry$$00000009)
    __rt_entry_main                          0x08000217   Thumb Code     0  __rtentry2.o(.ARM.Collect$$rtentry$$0000000D)
    __rt_entry_postli_1                      0x08000217   Thumb Code     0  __rtentry2.o(.ARM.Collect$$rtentry$$0000000C)
    __rt_exit                                0x0800021f   Thumb Code     0  rtexit.o(.ARM.Collect$$rtexit$$00000000)
    __rt_exit_ls                             0x08000221   Thumb Code     0  rtexit2.o(.ARM.Collect$$rtexit$$00000003)
    __rt_exit_prels_1                        0x08000221   Thumb Code     0  rtexit2.o(.ARM.Collect$$rtexit$$00000002)
    __rt_exit_exit                           0x08000225   Thumb Code     0  rtexit2.o(.ARM.Collect$$rtexit$$00000004)
    main                                     0x0800022d   Thumb Code    36  main.o(.text)
    adc_init                                 0x08000255   Thumb Code    72  adc.o(.text)
    adc_get_value                            0x080002c5   Thumb Code    52  adc.o(.text)
    adc_filter_value                         0x08000309   Thumb Code    18  adc.o(.text)
    __main                                   0x0800031d   Thumb Code     8  datainit_ctboard.o(.text)
    __user_setup_stackheap                   0x08000325   Thumb Code    16  datainit_ctboard.o(.text)
    Reset_Handler                            0x08000345   Thumb Code     8  startup_ctboard.o(.text)
    NMI_Handler                              0x0800034d   Thumb Code     2  startup_ctboard.o(.text)
    HardFault_Handler                        0x0800034f   Thumb Code     2  startup_ctboard.o(.text)
    MemManage_Handler                        0x08000351   Thumb Code     2  startup_ctboard.o(.text)
    BusFault_Handler                         0x08000353   Thumb Code     2  startup_ctboard.o(.text)
    UsageFault_Handler                       0x08000355   Thumb Code     2  startup_ctboard.o(.text)
    SVC_Handler                              0x08000357   Thumb Code     2  startup_ctboard.o(.text)
    DebugMon_Handler                         0x08000359   Thumb Code     2  startup_ctboard.o(.text)
    PendSV_Handler                           0x0800035b   Thumb Code     2  startup_ctboard.o(.text)
    SysTick_Handler                          0x0800035d   Thumb Code     2  startup_ctboard.o(.text)
    ADC_IRQHandler                           0x0800035f   Thumb Code     0  startup_ctboard.o(.text)
    CAN1_RX0_IRQHandler                      0x0800035f   Thumb Code     0  startup_ctboard.o(.text)
    CAN1_RX1_IRQHandler                      0x0800035f   Thumb Code     0  startup_ctboard.o(.text)
    CAN1_SCE_IRQHandler                      0x0800035f   Thumb Code     0  startup_ctboard.o(.text)
    CAN1_TX_IRQHandler                       0x0800035f   Thumb Code     0  startup_ctboard.o(.text)
    CAN2_RX0_IRQHandler                      0x0800035f   Thumb Code     0  startup_ctboard.o(.text)
    CAN2_RX1_IRQHandler                      0x0800035f   Thumb Code     0  startup_ctboard.o(.text)
    CAN2_SCE_IRQHandler                      0x0800035f   Thumb Code     0  startup_ctboard.o(.text)
    CAN2_TX_IRQHandler                       0x0800035f   Thumb Code     0  startup_ctboard.o(.text)
    CRYP_IRQHandler                          0x0800035f   Thumb Code     0  startup_ctboard.o(.text)
    DCMI_IRQHandler                          0x0800035f   Thumb Code     0  startup_ctboard.o(.text)
    DMA1_Stream0_IRQHandler                  0x0800035f   Thumb Code     0  startup_ctboard.o(.text)
    DMA1_Stream1_IRQHandler                  0x0800035f   Thumb Code     0  startup_ctboard.o(.text)
    DMA1_Stream2_IRQHandler                  0x0800035f   Thumb Code     0  startup_ctboard.o(.text)
    DMA1_Stream3_IRQHandler                  0x0800035f   Thumb Code     0  startup_ctboard.o(.text)
    DMA1_Stream4_IRQHandler                  0x0800035f   Thumb Code     0  startup_ctboard.o(.text)
    DMA1_Stream5_IRQHandler                  0x0800035f   Thumb Code     0  startup_ctboard.o(.text)
    DMA1_Stream6_IRQHandler                  0x0800035f   Thumb Code     0  startup_ctboard.o(.text)
    DMA1_Stream7_IRQHandler                  0x0800035f   Thumb Code     0  startup_ctboard.o(.text)
    DMA2D_IRQHandler                         0x0800035f   Thumb Code     0  startup_ctboard.o(.text)
    DMA2_Stream0_IRQHandler                  0x0800035f   Thumb Code     0  startup_ctboard.o(.text)
    DMA2_Stream1_IRQHandler                  0x0800035f   Thumb Code     0  startup_ctboard.o(.text)
    DMA2_Stream2_IRQHandler                  0x0800035f   Thumb Code     0  startup_ctboard.o(.text)
    DMA2_Stream3_IRQHandler                  0x0800035f   Thumb Code     0  startup_ctboard.o(.text)
    DMA2_Stream4_IRQHandler                  0x0800035f   Thumb Code     0  startup_ctboard.o(.text)
    DMA2_Stream5_IRQHandler                  0x0800035f   Thumb Code     0  startup_ctboard.o(.text)
    DMA2_Stream6_IRQHandler                  0x0800035f   Thumb Code     0  startup_ctboard.o(.text)
    DMA2_Stream7_IRQHandler                  0x0800035f   Thumb Code     0  startup_ctboard.o(.text)
    ETH_IRQHandler                           0x0800035f   Thumb Code     0  startup_ctboard.o(.text)
    ETH_WKUP_IRQHandler                      0x0800035f   Thumb Code     0  startup_ctboard.o(.text)
    EXTI0_IRQHandler                         0x0800035f   Thumb Code     0  startup_ctboard.o(.text)
    EXTI15_10_IRQHandler                     0x0800035f   Thumb Code     0  startup_ctboard.o(.text)
    EXTI1_IRQHandler                         0x0800035f   Thumb Code     0  startup_ctboard.o(.text)
    EXTI2_IRQHandler                         0x0800035f   Thumb Code     0  startup_ctboard.o(.text)
    EXTI3_IRQHandler                         0x0800035f   Thumb Code     0  startup_ctboard.o(.text)
    EXTI4_IRQHandler                         0x0800035f   Thumb Code     0  startup_ctboard.o(.text)
    EXTI9_5_IRQHandler                       0x0800035f   Thumb Code     0  startup_ctboard.o(.text)
    FLASH_IRQHandler                         0x0800035f   Thumb Code     0  startup_ctboard.o(.text)
    FMC_IRQHandler                           0x0800035f   Thumb Code     0  startup_ctboard.o(.text)
    FPU_IRQHandler                           0x0800035f   Thumb Code     0  startup_ctboard.o(.text)
    HASH_RNG_IRQHandler                      0x0800035f   Thumb Code     0  startup_ctboard.o(.text)
    I2C1_ER_IRQHandler                       0x0800035f   Thumb Code     0  startup_ctboard.o(.text)
    I2C1_EV_IRQHandler                       0x0800035f   Thumb Code     0  startup_ctboard.o(.text)
    I2C2_ER_IRQHandler                       0x0800035f   Thumb Code     0  startup_ctboard.o(.text)
    I2C2_EV_IRQHandler                       0x0800035f   Thumb Code     0  startup_ctboard.o(.text)
    I2C3_ER_IRQHandler                       0x0800035f   Thumb Code     0  startup_ctboard.o(.text)
    I2C3_EV_IRQHandler                       0x0800035f   Thumb Code     0  startup_ctboard.o(.text)
    LTDC_ER_IRQHandler                       0x0800035f   Thumb Code     0  startup_ctboard.o(.text)
    LTDC_IRQHandler                          0x0800035f   Thumb Code     0  startup_ctboard.o(.text)
    OTG_FS_IRQHandler                        0x0800035f   Thumb Code     0  startup_ctboard.o(.text)
    OTG_FS_WKUP_IRQHandler                   0x0800035f   Thumb Code     0  startup_ctboard.o(.text)
    OTG_HS_EP1_IN_IRQHandler                 0x0800035f   Thumb Code     0  startup_ctboard.o(.text)
    OTG_HS_EP1_OUT_IRQHandler                0x0800035f   Thumb Code     0  startup_ctboard.o(.text)
    OTG_HS_IRQHandler                        0x0800035f   Thumb Code     0  startup_ctboard.o(.text)
    OTG_HS_WKUP_IRQHandler                   0x0800035f   Thumb Code     0  startup_ctboard.o(.text)
    PVD_IRQHandler                           0x0800035f   Thumb Code     0  startup_ctboard.o(.text)
    RCC_IRQHandler                           0x0800035f   Thumb Code     0  startup_ctboard.o(.text)
    RTC_Alarm_IRQHandler                     0x0800035f   Thumb Code     0  startup_ctboard.o(.text)
    RTC_WKUP_IRQHandler                      0x0800035f   Thumb Code     0  startup_ctboard.o(.text)
    SAI1_IRQHandler                          0x0800035f   Thumb Code     0  startup_ctboard.o(.text)
    SDIO_IRQHandler                          0x0800035f   Thumb Code     0  startup_ctboard.o(.text)
    SPI1_IRQHandler                          0x0800035f   Thumb Code     0  startup_ctboard.o(.text)
    SPI2_IRQHandler                          0x0800035f   Thumb Code     0  startup_ctboard.o(.text)
    SPI3_IRQHandler                          0x0800035f   Thumb Code     0  startup_ctboard.o(.text)
    SPI4_IRQHandler                          0x0800035f   Thumb Code     0  startup_ctboard.o(.text)
    SPI5_IRQHandler                          0x0800035f   Thumb Code     0  startup_ctboard.o(.text)
    SPI6_IRQHandler                          0x0800035f   Thumb Code     0  startup_ctboard.o(.text)
    TAMP_STAMP_IRQHandler                    0x0800035f   Thumb Code     0  startup_ctboard.o(.text)
    TIM1_BRK_TIM9_IRQHandler                 0x0800035f   Thumb Code     0  startup_ctboard.o(.text)
    TIM1_CC_IRQHandler                       0x0800035f   Thumb Code     0  startup_ctboard.o(.text)
    TIM1_TRG_COM_TIM11_IRQHandler            0x0800035f   Thumb Code     0  startup_ctboard.o(.text)
    TIM1_UP_TIM10_IRQHandler                 0x0800035f   Thumb Code     0  startup_ctboard.o(.text)
    TIM2_IRQHandler                          0x0800035f   Thumb Code     0  startup_ctboard.o(.text)
    TIM3_IRQHandler                          0x0800035f   Thumb Code     0  startup_ctboard.o(.text)
    TIM4_IRQHandler                          0x0800035f   Thumb Code     0  startup_ctboard.o(.text)
    TIM5_IRQHandler                          0x0800035f   Thumb Code     0  startup_ctboard.o(.text)
    TIM6_DAC_IRQHandler                      0x0800035f   Thumb Code     0  startup_ctboard.o(.text)
    TIM7_IRQHandler                          0x0800035f   Thumb Code     0  startup_ctboard.o(.text)
    TIM8_BRK_TIM12_IRQHandler                0x0800035f   Thumb Code     0  startup_ctboard.o(.text)
    TIM8_CC_IRQHandler                       0x0800035f   Thumb Code     0  startup_ctboard.o(.text)
    TIM8_TRG_COM_TIM14_IRQHandler            0x0800035f   Thumb Code     0  startup_ctboard.o(.text)
    TIM8_UP_TIM13_IRQHandler                 0x0800035f   Thumb Code     0  startup_ctboard.o(.text)
    UART4_IRQHandler                         0x0800035f   Thumb Code     0  startup_ctboard.o(.text)
    UART5_IRQHandler                         0x0800035f   Thumb Code     0  startup_ctboard.o(.text)
    UART7_IRQHandler                         0x0800035f   Thumb Code     0  startup_ctboard.o(.text)
    UART8_IRQHandler                         0x0800035f   Thumb Code     0  startup_ctboard.o(.text)
    USART1_IRQHandler                        0x0800035f   Thumb Code     0  startup_ctboard.o(.text)
    USART2_IRQHandler                        0x0800035f   Thumb Code     0  startup_ctboard.o(.text)
    USART3_IRQHandler                        0x0800035f   Thumb Code     0  startup_ctboard.o(.text)
    USART6_IRQHandler                        0x0800035f   Thumb Code     0  startup_ctboard.o(.text)
    WWDG_IRQHandler                          0x0800035f   Thumb Code     0  startup_ctboard.o(.text)
    __system                                 0x08000369   Thumb Code     8  system_ctboard.o(.text)
    system_enter_run                         0x08000371   Thumb Code    20  system_ctboard.o(.text)
    system_enter_sleep                       0x080005e5   Thumb Code     8  system_ctboard.o(.text)
    system_enter_stop                        0x080005ed   Thumb Code    10  system_ctboard.o(.text)
    system_enter_standby                     0x080005f7   Thumb Code     2  system_ctboard.o(.text)
    hal_fmc_reset                            0x080005f9   Thumb Code   104  hal_fmc.o(.text)
    hal_fmc_init_sram                        0x08000689   Thumb Code   556  hal_fmc.o(.text)
    hal_gpio_reset                           0x080008d1   Thumb Code   112  hal_gpio.o(.text)
    hal_gpio_init_input                      0x08000949   Thumb Code   122  hal_gpio.o(.text)
    hal_gpio_init_analog                     0x08000a9d   Thumb Code    74  hal_gpio.o(.text)
    hal_gpio_init_output                     0x08000ae7   Thumb Code   206  hal_gpio.o(.text)
    hal_gpio_init_alternate                  0x08000bb5   Thumb Code   186  hal_gpio.o(.text)
    hal_gpio_input_read                      0x08000c6f   Thumb Code    14  hal_gpio.o(.text)
    hal_gpio_output_read                     0x08000c7d   Thumb Code    14  hal_gpio.o(.text)
    hal_gpio_output_write                    0x08000c8b   Thumb Code    42  hal_gpio.o(.text)
    hal_gpio_bit_set                         0x08000cb5   Thumb Code    54  hal_gpio.o(.text)
    hal_gpio_bit_reset                       0x08000ceb   Thumb Code    54  hal_gpio.o(.text)
    hal_gpio_bit_toggle                      0x08000d21   Thumb Code    78  hal_gpio.o(.text)
    hal_gpio_irq_set                         0x08000d71   Thumb Code   832  hal_gpio.o(.text)
    hal_gpio_irq_status                      0x080011f5   Thumb Code    64  hal_gpio.o(.text)
    hal_gpio_irq_clear                       0x0800123d   Thumb Code    24  hal_gpio.o(.text)
    hal_pwr_reset                            0x08001259   Thumb Code    16  hal_pwr.o(.text)
    hal_pwr_set_backup_domain                0x08001271   Thumb Code   148  hal_pwr.o(.text)
    hal_pwr_set_backup_access                0x08001309   Thumb Code    44  hal_pwr.o(.text)
    hal_pwr_set_wakeup_pin                   0x08001339   Thumb Code    44  hal_pwr.o(.text)
    hal_pwr_set_flash_powerdown              0x08001369   Thumb Code    44  hal_pwr.o(.text)
    hal_pwr_set_overdrive                    0x08001399   Thumb Code    10  hal_pwr.o(.text)
    hal_pwr_set_underdrive                   0x080013a3   Thumb Code    10  hal_pwr.o(.text)
    hal_rcc_reset                            0x080013ad   Thumb Code   148  hal_rcc.o(.text)
    hal_rcc_set_peripheral                   0x080014c1   Thumb Code   396  hal_rcc.o(.text)
    hal_rcc_set_osc                          0x0800165d   Thumb Code   240  hal_rcc.o(.text)
    hal_rcc_setup_pll                        0x08001759   Thumb Code   312  hal_rcc.o(.text)
    hal_rcc_setup_clock                      0x080018a9   Thumb Code   148  hal_rcc.o(.text)
    __aeabi_uidiv                            0x08001945   Thumb Code     0  aeabi_sdiv.o(.text)
    __aeabi_uidivmod                         0x08001945   Thumb Code    20  aeabi_sdiv.o(.text)
    __aeabi_idiv                             0x08001959   Thumb Code     0  aeabi_sdiv.o(.text)
    __aeabi_idivmod                          0x08001959   Thumb Code   338  aeabi_sdiv.o(.text)
    exit                                     0x08001ab1   Thumb Code    16  exit.o(.text)
    _sys_exit                                0x08001ac1   Thumb Code     8  sys_exit.o(.text)
    __I$use$semihosting                      0x08001acd   Thumb Code     0  use_no_semi.o(.text)
    __use_no_semihosting_swi                 0x08001acd   Thumb Code     2  use_no_semi.o(.text)
    __semihosting_library_function           0x08001acf   Thumb Code     0  indicate_semi.o(.text)
    Region$$Table$$Base                      0x08001ad0   Number         0  anon$$obj.o(Region$$Table)
    Region$$Table$$Limit                     0x08001ae0   Number         0  anon$$obj.o(Region$$Table)
    Stack_Mem                                0x20000000   Data        8192  startup_ctboard.o(STACK)



==============================================================================

Memory Map of the image

  Image Entry point : 0x08000345

  Load Region LR_IROM1 (Base: 0x08000000, Size: 0x00001ae0, Max: 0x00200000, ABSOLUTE)

    Execution Region ER_IROM1 (Exec base: 0x08000000, Load base: 0x08000000, Size: 0x00001ae0, Max: 0x00200000, ABSOLUTE)

    Exec Addr    Load Addr    Size         Type   Attr      Idx    E Section Name        Object

    0x08000000   0x08000000   0x000001ac   Data   RO           24    RESET               startup_ctboard.o
    0x080001ac   0x080001ac   0x0000003c   Code   RO           78    !!!scatter          c_pu.l(__scatter.o)
    0x080001e8   0x080001e8   0x0000001c   Code   RO          248    !!handler_zi        c_pu.l(__scatter_zi.o)
    0x08000204   0x08000204   0x00000002   Code   RO          113    .ARM.Collect$$libinit$$00000000  c_pu.l(libinit.o)
    0x08000206   0x08000206   0x00000000   Code   RO          123    .ARM.Collect$$libinit$$00000002  c_pu.l(libinit2.o)
    0x08000206   0x08000206   0x00000000   Code   RO          125    .ARM.Collect$$libinit$$00000004  c_pu.l(libinit2.o)
    0x08000206   0x08000206   0x00000000   Code   RO          127    .ARM.Collect$$libinit$$00000006  c_pu.l(libinit2.o)
    0x08000206   0x08000206   0x00000000   Code   RO          130    .ARM.Collect$$libinit$$0000000C  c_pu.l(libinit2.o)
    0x08000206   0x08000206   0x00000000   Code   RO          132    .ARM.Collect$$libinit$$0000000E  c_pu.l(libinit2.o)
    0x08000206   0x08000206   0x00000000   Code   RO          134    .ARM.Collect$$libinit$$00000010  c_pu.l(libinit2.o)
    0x08000206   0x08000206   0x00000000   Code   RO          137    .ARM.Collect$$libinit$$00000013  c_pu.l(libinit2.o)
    0x08000206   0x08000206   0x00000000   Code   RO          139    .ARM.Collect$$libinit$$00000015  c_pu.l(libinit2.o)
    0x08000206   0x08000206   0x00000000   Code   RO          141    .ARM.Collect$$libinit$$00000017  c_pu.l(libinit2.o)
    0x08000206   0x08000206   0x00000000   Code   RO          143    .ARM.Collect$$libinit$$00000019  c_pu.l(libinit2.o)
    0x08000206   0x08000206   0x00000000   Code   RO          145    .ARM.Collect$$libinit$$0000001B  c_pu.l(libinit2.o)
    0x08000206   0x08000206   0x00000000   Code   RO          147    .ARM.Collect$$libinit$$0000001D  c_pu.l(libinit2.o)
    0x08000206   0x08000206   0x00000000   Code   RO          149    .ARM.Collect$$libinit$$0000001F  c_pu.l(libinit2.o)
    0x08000206   0x08000206   0x00000000   Code   RO          151    .ARM.Collect$$libinit$$00000021  c_pu.l(libinit2.o)
    0x08000206   0x08000206   0x00000000   Code   RO          153    .ARM.Collect$$libinit$$00000023  c_pu.l(libinit2.o)
    0x08000206   0x08000206   0x00000000   Code   RO          155    .ARM.Collect$$libinit$$00000025  c_pu.l(libinit2.o)
    0x08000206   0x08000206   0x00000000   Code   RO          157    .ARM.Collect$$libinit$$00000027  c_pu.l(libinit2.o)
    0x08000206   0x08000206   0x00000000   Code   RO          161    .ARM.Collect$$libinit$$0000002E  c_pu.l(libinit2.o)
    0x08000206   0x08000206   0x00000000   Code   RO          163    .ARM.Collect$$libinit$$00000030  c_pu.l(libinit2.o)
    0x08000206   0x08000206   0x00000000   Code   RO          165    .ARM.Collect$$libinit$$00000032  c_pu.l(libinit2.o)
    0x08000206   0x08000206   0x00000000   Code   RO          167    .ARM.Collect$$libinit$$00000034  c_pu.l(libinit2.o)
    0x08000206   0x08000206   0x00000002   Code   RO          168    .ARM.Collect$$libinit$$00000035  c_pu.l(libinit2.o)
    0x08000208   0x08000208   0x00000002   Code   RO          203    .ARM.Collect$$libshutdown$$00000000  c_pu.l(libshutdown.o)
    0x0800020a   0x0800020a   0x00000000   Code   RO          231    .ARM.Collect$$libshutdown$$00000002  c_pu.l(libshutdown2.o)
    0x0800020a   0x0800020a   0x00000000   Code   RO          233    .ARM.Collect$$libshutdown$$00000004  c_pu.l(libshutdown2.o)
    0x0800020a   0x0800020a   0x00000000   Code   RO          236    .ARM.Collect$$libshutdown$$00000007  c_pu.l(libshutdown2.o)
    0x0800020a   0x0800020a   0x00000000   Code   RO          239    .ARM.Collect$$libshutdown$$0000000A  c_pu.l(libshutdown2.o)
    0x0800020a   0x0800020a   0x00000000   Code   RO          241    .ARM.Collect$$libshutdown$$0000000C  c_pu.l(libshutdown2.o)
    0x0800020a   0x0800020a   0x00000000   Code   RO          244    .ARM.Collect$$libshutdown$$0000000F  c_pu.l(libshutdown2.o)
    0x0800020a   0x0800020a   0x00000002   Code   RO          245    .ARM.Collect$$libshutdown$$00000010  c_pu.l(libshutdown2.o)
    0x0800020c   0x0800020c   0x00000000   Code   RO           80    .ARM.Collect$$rtentry$$00000000  c_pu.l(__rtentry.o)
    0x0800020c   0x0800020c   0x00000000   Code   RO           86    .ARM.Collect$$rtentry$$00000002  c_pu.l(__rtentry2.o)
    0x0800020c   0x0800020c   0x00000006   Code   RO           98    .ARM.Collect$$rtentry$$00000004  c_pu.l(__rtentry4.o)
    0x08000212   0x08000212   0x00000000   Code   RO           88    .ARM.Collect$$rtentry$$00000009  c_pu.l(__rtentry2.o)
    0x08000212   0x08000212   0x00000004   Code   RO           89    .ARM.Collect$$rtentry$$0000000A  c_pu.l(__rtentry2.o)
    0x08000216   0x08000216   0x00000000   Code   RO           91    .ARM.Collect$$rtentry$$0000000C  c_pu.l(__rtentry2.o)
    0x08000216   0x08000216   0x00000008   Code   RO           92    .ARM.Collect$$rtentry$$0000000D  c_pu.l(__rtentry2.o)
    0x0800021e   0x0800021e   0x00000002   Code   RO          114    .ARM.Collect$$rtexit$$00000000  c_pu.l(rtexit.o)
    0x08000220   0x08000220   0x00000000   Code   RO          174    .ARM.Collect$$rtexit$$00000002  c_pu.l(rtexit2.o)
    0x08000220   0x08000220   0x00000004   Code   RO          175    .ARM.Collect$$rtexit$$00000003  c_pu.l(rtexit2.o)
    0x08000224   0x08000224   0x00000006   Code   RO          176    .ARM.Collect$$rtexit$$00000004  c_pu.l(rtexit2.o)
    0x0800022a   0x0800022a   0x00000002   PAD
    0x0800022c   0x0800022c   0x00000028   Code   RO            1    .text               main.o
    0x08000254   0x08000254   0x000000c6   Code   RO            9    .text               adc.o
    0x0800031a   0x0800031a   0x00000002   PAD
    0x0800031c   0x0800031c   0x00000028   Code   RO           16    .text               datainit_ctboard.o
    0x08000344   0x08000344   0x00000024   Code   RO           25  * .text               startup_ctboard.o
    0x08000368   0x08000368   0x00000290   Code   RO           29    .text               system_ctboard.o
    0x080005f8   0x080005f8   0x000002d8   Code   RO           44    .text               hal_fmc.o
    0x080008d0   0x080008d0   0x00000988   Code   RO           51    .text               hal_gpio.o
    0x08001258   0x08001258   0x00000154   Code   RO           58    .text               hal_pwr.o
    0x080013ac   0x080013ac   0x00000598   Code   RO           65    .text               hal_rcc.o
    0x08001944   0x08001944   0x0000016c   Code   RO           74    .text               c_pu.l(aeabi_sdiv.o)
    0x08001ab0   0x08001ab0   0x00000010   Code   RO          102    .text               c_pu.l(exit.o)
    0x08001ac0   0x08001ac0   0x0000000c   Code   RO          169    .text               c_pu.l(sys_exit.o)
    0x08001acc   0x08001acc   0x00000002   Code   RO          192    .text               c_pu.l(use_no_semi.o)
    0x08001ace   0x08001ace   0x00000000   Code   RO          194    .text               c_pu.l(indicate_semi.o)
    0x08001ace   0x08001ace   0x00000002   PAD
    0x08001ad0   0x08001ad0   0x00000010   Data   RO          247    Region$$Table       anon$$obj.o


    Execution Region RW_IRAM1 (Exec base: 0x20000000, Load base: 0x08001ae0, Size: 0x00002000, Max: 0x00030000, ABSOLUTE)

    Exec Addr    Load Addr    Size         Type   Attr      Idx    E Section Name        Object

    0x20000000        -       0x00002000   Zero   RW           22    STACK               startup_ctboard.o


==============================================================================

Image component sizes


      Code (inc. data)   RO Data    RW Data    ZI Data      Debug   Object Name

       198         56          0          0          0       2646   adc.o
        40         16          0          0          0        472   datainit_ctboard.o
       728        100          0          0          0       3155   hal_fmc.o
      2440        124          0          0          0       8378   hal_gpio.o
       340         24          0          0          0       1881   hal_pwr.o
      1432        280          0          0          0       4727   hal_rcc.o
        40          4          0          0          0       1298   main.o
        36          8        428          0       8192        816   startup_ctboard.o
       656         64          0          0          0       6743   system_ctboard.o

    ----------------------------------------------------------------------
      5912        676        444          0       8192      30116   Object Totals
         0          0         16          0          0          0   (incl. Generated)
         2          0          0          0          0          0   (incl. Padding)

    ----------------------------------------------------------------------

      Code (inc. data)   RO Data    RW Data    ZI Data      Debug   Library Member Name

         0          0          0          0          0          0   __rtentry.o
        12          0          0          0          0          0   __rtentry2.o
         6          0          0          0          0          0   __rtentry4.o
        60          8          0          0          0         68   __scatter.o
        28          0          0          0          0          0   __scatter_zi.o
       364          4          0          0          0         92   aeabi_sdiv.o
        16          0          0          0          0         68   exit.o
         0          0          0          0          0          0   indicate_semi.o
         2          0          0          0          0          0   libinit.o
         2          0          0          0          0          0   libinit2.o
         2          0          0          0          0          0   libshutdown.o
         2          0          0          0          0          0   libshutdown2.o
         2          0          0          0          0          0   rtexit.o
        10          0          0          0          0          0   rtexit2.o
        12          4          0          0          0         60   sys_exit.o
         2          0          0          0          0         68   use_no_semi.o

    ----------------------------------------------------------------------
       524         16          0          0          0        356   Library Totals
         4          0          0          0          0          0   (incl. Padding)

    ----------------------------------------------------------------------

      Code (inc. data)   RO Data    RW Data    ZI Data      Debug   Library Name

       520         16          0          0          0        356   c_pu.l

    ----------------------------------------------------------------------
       524         16          0          0          0        356   Library Totals

    ----------------------------------------------------------------------

==============================================================================


      Code (inc. data)   RO Data    RW Data    ZI Data      Debug   

      6436        692        444          0       8192      30168   Grand Totals
      6436        692        444          0       8192      30168   ELF Image Totals
      6436        692        444          0          0          0   ROM Totals

==============================================================================

    Total RO  Size (Code + RO Data)                 6880 (   6.72kB)
    Total RW  Size (RW Data + ZI Data)              8192 (   8.00kB)
    Total ROM Size (Code + RO Data + RW Data)       6880 (   6.72kB)

==============================================================================

