<html>
<body>
<pre>
<h1>µVision Build Log</h1>
<h2>Tool Versions:</h2>
IDE-Version: µVision V5.37.0.0
Copyright (C) 2022 ARM Ltd and ARM Germany GmbH. All rights reserved.
License Information: test test, test, LIC=----
 
Tool Versions:
Toolchain:       MDK-Lite  Version: 5.37.0.0
Toolchain Path:  C:\Keil_v5\ARM\ARMCLANG\Bin
C Compiler:      ArmClang.exe V6.18
Assembler:       Armasm.exe V6.18
Linker/Locator:  ArmLink.exe V6.18
Library Manager: ArmAr.exe V6.18
Hex Converter:   FromElf.exe V6.18
CPU DLL:         SARMCM3.DLL V5.37.0.0
Dialog DLL:      DARMCM1.DLL V1.19.6.0
Target DLL:      STLink\ST-LINKIII-KEIL_SWO.dll V3.0.9.0
Dialog DLL:      TARMCM1.DLL V1.14.6.0
 
<h2>Project:</h2>
C:\Users\fuser\Documents\CT2\sw07_lab_adc\lab_adc\project\Lab.uvprojx
Project File Date:  04/18/2023

<h2>Output:</h2>
*** Using Compiler 'V6.18', folder: 'C:\Keil_v5\ARM\ARMCLANG\Bin'
Build target 'Target 1'
compiling main.c...
app/main.c(92): warning: unused parameter 'value' [-Wunused-parameter]
static uint16_t normalize_value(uint16_t value, adc_resolution_t resolution)
                                         ^
app/main.c(92): warning: unused parameter 'resolution' [-Wunused-parameter]
static uint16_t normalize_value(uint16_t value, adc_resolution_t resolution)
                                                                 ^
app/main.c(105): warning: variable 'normalized' is uninitialized when used here [-Wuninitialized]
    return (uint16_t)normalized;
                     ^~~~~~~~~~
app/main.c(95): note: initialize the variable 'normalized' to silence this warning
    uint32_t normalized;
                       ^
                        = 0
app/main.c(92): warning: unused function 'normalize_value' [-Wunused-function]
static uint16_t normalize_value(uint16_t value, adc_resolution_t resolution)
                ^
app/main.c(113): warning: unused function 'display_on_lcd' [-Wunused-function]
static void display_on_lcd(uint16_t data_3dec_places)
            ^
5 warnings generated.
compiling adc.c...
app/adc.c(101): warning: implicit conversion loses integer precision: 'volatile uint32_t' (aka 'volatile unsigned int') to 'uint16_t' (aka 'unsigned short') [-Wimplicit-int-conversion]
                adc_value = ADC3->DR;
                          ~ ~~~~~~^~
app/adc.c(112): warning: unused parameter 'adc_value' [-Wunused-parameter]
uint16_t adc_filter_value(uint16_t adc_value)
                                   ^
2 warnings generated.
linking...
Program Size: Code=6436 RO-data=444 RW-data=0 ZI-data=8192  
".\build\Lab.axf" - 0 Error(s), 7 Warning(s).

<h2>Software Packages used:</h2>

Package Vendor: InES
                https://ennis.zhaw.ch/pack/InES.CTBoard14_DFP.4.0.3.pack
                InES.CTBoard14_DFP.4.0.3
                CT Board 14 (STM32F429ZI) Device Support
   * Component: Startup Version: 4.0.3
   * Component: LCD Version: 3.0.3
   * Component: FMC Version: 3.0.1
   * Component: GPIO Version: 4.0.1
   * Component: PWR Version: 2.2.0
   * Component: RCC Version: 4.0.1

<h2>Collection of Component include folders:</h2>
  ./RTE/_Target_1
  C:/Users/fuser/AppData/Local/Arm/Packs/InES/CTBoard14_DFP/4.0.3/Device/Include
  C:/Users/fuser/AppData/Local/Arm/Packs/InES/CTBoard14_DFP/4.0.3/Device/Include/m0
  C:/Users/fuser/AppData/Local/Arm/Packs/InES/CTBoard14_DFP/4.0.3/HAL/Include

<h2>Collection of Component Files used:</h2>

   * Component: InES::Device:Startup:4.0.3
      Include file:  Device/Include/reg_ctboard.h
      Source file:   Device/Source/startup_ctboard.s
      Source file:   Device/Source/system_ctboard.c
      Include file:  Device/Include/system_ctboard.h
      Include file:  Device/Include/reg_stm32f4xx.h
      Source file:   Device/Source/datainit_ctboard.s
      Include file:  Device/Include/m0/platform_ctboard.h

   * Component: InES::HAL:CT Board:LCD:3.0.3
      Include file:  Device/Include/reg_ctboard.h
      Include file:  HAL/Include/hal_ct_lcd.h
      Source file:   HAL/Source/hal_ct_lcd.c

   * Component: InES::HAL:FMC:3.0.1
      Include file:  Device/Include/reg_stm32f4xx.h
      Include file:  HAL/Include/hal_common.h
      Include file:  HAL/Include/hal_fmc.h
      Source file:   HAL/Source/hal_fmc.c

   * Component: InES::HAL:GPIO:4.0.1
      Source file:   HAL/Source/hal_gpio.c
      Include file:  Device/Include/reg_stm32f4xx.h
      Include file:  HAL/Include/hal_common.h
      Include file:  HAL/Include/hal_gpio.h

   * Component: InES::HAL:PWR:2.2.0
      Include file:  Device/Include/reg_stm32f4xx.h
      Include file:  HAL/Include/hal_common.h
      Include file:  HAL/Include/hal_pwr.h
      Source file:   HAL/Source/hal_pwr.c

   * Component: InES::HAL:RCC:4.0.1
      Include file:  Device/Include/reg_stm32f4xx.h
      Include file:  HAL/Include/hal_rcc.h
      Source file:   HAL/Source/hal_rcc.c
      Include file:  HAL/Include/hal_common.h
Build Time Elapsed:  00:00:02
</pre>
</body>
</html>
