<html>
<body>
<pre>
<h1>µVision Build Log</h1>
<h2>Tool Versions:</h2>
IDE-Version: µVision V5.37.0.0
Copyright (C) 2022 ARM Ltd and ARM Germany GmbH. All rights reserved.
License Information: test test, test, LIC=----
 
Tool Versions:
Toolchain:       MDK-Lite  Version: 5.37.0.0
Toolchain Path:  C:\Keil_v5\ARM\ARMCLANG\Bin
C Compiler:      ArmClang.exe V6.18
Assembler:       Armasm.exe V6.18
Linker/Locator:  ArmLink.exe V6.18
Library Manager: ArmAr.exe V6.18
Hex Converter:   FromElf.exe V6.18
CPU DLL:         SARMCM3.DLL V5.37.0.0
Dialog DLL:      DARMCM1.DLL V1.19.6.0
Target DLL:      STLink\ST-LINKIII-KEIL_SWO.dll V3.0.9.0
Dialog DLL:      TARMCM1.DLL V1.14.6.0
 
<h2>Project:</h2>
C:\Users\fuser\Downloads\lab_spi_1\lab_spi_1\project\spi_test.uvprojx
Project File Date:  03/15/2023

<h2>Output:</h2>
*** Using Compiler 'V6.18', folder: 'C:\Keil_v5\ARM\ARMCLANG\Bin'
Build target 'SPI_Test'
compiling hal_spi.c...
app/hal_spi.c(87): warning: implicit conversion loses integer precision: 'volatile uint32_t' (aka 'volatile unsigned int') to 'uint8_t' (aka 'unsigned char') [-Wimplicit-int-conversion]
        uint8_t valueFromRX = SPI1->DR;
                ~~~~~~~~~~~   ~~~~~~^~
app/hal_spi.c(87): warning: mixing declarations and code is incompatible with standards before C99 [-Wdeclaration-after-statement]
        uint8_t valueFromRX = SPI1->DR;
                ^
2 warnings generated.
linking...
Program Size: Code=6756 RO-data=444 RW-data=0 ZI-data=8192  
".\build\spi_test.axf" - 0 Error(s), 2 Warning(s).

<h2>Software Packages used:</h2>

Package Vendor: InES
                https://ennis.zhaw.ch/pack/InES.CTBoard14_DFP.4.0.3.pack
                InES.CTBoard14_DFP.4.0.3
                CT Board 14 (STM32F429ZI) Device Support
   * Component: Startup Version: 4.0.3
   * Component: FMC Version: 3.0.1
   * Component: GPIO Version: 4.0.1
   * Component: PWR Version: 2.2.0
   * Component: RCC Version: 4.0.1

<h2>Collection of Component include folders:</h2>
  ./RTE/_SPI_Test
  C:/Users/fuser/AppData/Local/Arm/Packs/InES/CTBoard14_DFP/4.0.3/Device/Include
  C:/Users/fuser/AppData/Local/Arm/Packs/InES/CTBoard14_DFP/4.0.3/Device/Include/m0
  C:/Users/fuser/AppData/Local/Arm/Packs/InES/CTBoard14_DFP/4.0.3/HAL/Include

<h2>Collection of Component Files used:</h2>

   * Component: InES::Device:Startup:4.0.3
      Include file:  Device/Include/m0/platform_ctboard.h
      Source file:   Device/Source/startup_ctboard.s
      Source file:   Device/Source/datainit_ctboard.s
      Include file:  Device/Include/reg_ctboard.h
      Include file:  Device/Include/reg_stm32f4xx.h
      Include file:  Device/Include/system_ctboard.h
      Source file:   Device/Source/system_ctboard.c

   * Component: InES::HAL:FMC:3.0.1
      Source file:   HAL/Source/hal_fmc.c
      Include file:  HAL/Include/hal_common.h
      Include file:  HAL/Include/hal_fmc.h
      Include file:  Device/Include/reg_stm32f4xx.h

   * Component: InES::HAL:GPIO:4.0.1
      Source file:   HAL/Source/hal_gpio.c
      Include file:  Device/Include/reg_stm32f4xx.h
      Include file:  HAL/Include/hal_gpio.h
      Include file:  HAL/Include/hal_common.h

   * Component: InES::HAL:PWR:2.2.0
      Include file:  Device/Include/reg_stm32f4xx.h
      Include file:  HAL/Include/hal_common.h
      Source file:   HAL/Source/hal_pwr.c
      Include file:  HAL/Include/hal_pwr.h

   * Component: InES::HAL:RCC:4.0.1
      Include file:  Device/Include/reg_stm32f4xx.h
      Include file:  HAL/Include/hal_common.h
      Source file:   HAL/Source/hal_rcc.c
      Include file:  HAL/Include/hal_rcc.h
Build Time Elapsed:  00:00:02
</pre>
</body>
</html>
