Component: Arm Compiler for Embedded 6.18 Tool: armlink [5e4cc100]

==============================================================================

Section Cross References

    test.o(.text) refers to hal_spi.o(.text) for hal_spi_init
    test.o(.ARM.exidx) refers to test.o(.text) for [Anonymous Symbol]
    hal_spi.o(.ARM.exidx) refers to hal_spi.o(.text) for [Anonymous Symbol]
    datainit_ctboard.o(.text) refers to __scatter.o(!!!scatter) for __scatterload
    datainit_ctboard.o(.text) refers to test.o(.text) for main
    datainit_ctboard.o(.text) refers (Weak) to startup_ctboard.o(STACK) for Stack_Mem
    startup_ctboard.o(RESET) refers to startup_ctboard.o(STACK) for __initial_sp
    startup_ctboard.o(RESET) refers to startup_ctboard.o(.text) for Reset_Handler
    startup_ctboard.o(.text) refers to system_ctboard.o(.text) for __system
    startup_ctboard.o(.text) refers to datainit_ctboard.o(.text) for __main
    system_ctboard.o(.text) refers to hal_rcc.o(.text) for hal_rcc_reset
    system_ctboard.o(.text) refers to hal_pwr.o(.text) for hal_pwr_set_overdrive
    system_ctboard.o(.text) refers to hal_gpio.o(.text) for hal_gpio_init_alternate
    system_ctboard.o(.text) refers to hal_fmc.o(.text) for hal_fmc_init_sram
    system_ctboard.o(.ARM.exidx) refers to system_ctboard.o(.text) for [Anonymous Symbol]
    hal_fmc.o(.ARM.exidx) refers to hal_fmc.o(.text) for [Anonymous Symbol]
    hal_gpio.o(.text) refers to aeabi_sdiv.o(.text) for __aeabi_uidiv
    hal_gpio.o(.ARM.exidx) refers to hal_gpio.o(.text) for [Anonymous Symbol]
    hal_pwr.o(.ARM.exidx) refers to hal_pwr.o(.text) for [Anonymous Symbol]
    hal_rcc.o(.ARM.exidx) refers to hal_rcc.o(.text) for [Anonymous Symbol]
    __scatter.o(!!!scatter) refers to __rtentry.o(.ARM.Collect$$rtentry$$00000000) for __rt_entry
    __rtentry.o(.ARM.Collect$$rtentry$$00000000) refers (Special) to __rtentry2.o(.ARM.Collect$$rtentry$$0000000A) for __rt_entry_li
    __rtentry.o(.ARM.Collect$$rtentry$$00000000) refers (Special) to __rtentry2.o(.ARM.Collect$$rtentry$$0000000D) for __rt_entry_main
    __rtentry.o(.ARM.Collect$$rtentry$$00000000) refers (Special) to __rtentry2.o(.ARM.Collect$$rtentry$$0000000C) for __rt_entry_postli_1
    __rtentry.o(.ARM.Collect$$rtentry$$00000000) refers (Special) to __rtentry2.o(.ARM.Collect$$rtentry$$00000009) for __rt_entry_postsh_1
    __rtentry.o(.ARM.Collect$$rtentry$$00000000) refers (Special) to __rtentry2.o(.ARM.Collect$$rtentry$$00000002) for __rt_entry_presh_1
    __rtentry.o(.ARM.Collect$$rtentry$$00000000) refers (Special) to __rtentry4.o(.ARM.Collect$$rtentry$$00000004) for __rt_entry_sh
    aeabi_idiv0_sigfpe.o(.text) refers to rt_div0.o(.text) for __rt_div0
    __rtentry2.o(.ARM.Collect$$rtentry$$00000008) refers to boardinit2.o(.text) for _platform_post_stackheap_init
    __rtentry2.o(.ARM.Collect$$rtentry$$0000000A) refers to libinit.o(.ARM.Collect$$libinit$$00000000) for __rt_lib_init
    __rtentry2.o(.ARM.Collect$$rtentry$$0000000B) refers to boardinit3.o(.text) for _platform_post_lib_init
    __rtentry2.o(.ARM.Collect$$rtentry$$0000000D) refers to test.o(.text) for main
    __rtentry2.o(.ARM.Collect$$rtentry$$0000000D) refers to exit.o(.text) for exit
    __rtentry2.o(.ARM.exidx) refers to __rtentry2.o(.ARM.Collect$$rtentry$$00000001) for .ARM.Collect$$rtentry$$00000001
    __rtentry2.o(.ARM.exidx) refers to __rtentry2.o(.ARM.Collect$$rtentry$$00000008) for .ARM.Collect$$rtentry$$00000008
    __rtentry2.o(.ARM.exidx) refers to __rtentry2.o(.ARM.Collect$$rtentry$$0000000A) for .ARM.Collect$$rtentry$$0000000A
    __rtentry2.o(.ARM.exidx) refers to __rtentry2.o(.ARM.Collect$$rtentry$$0000000B) for .ARM.Collect$$rtentry$$0000000B
    __rtentry2.o(.ARM.exidx) refers to __rtentry2.o(.ARM.Collect$$rtentry$$0000000D) for .ARM.Collect$$rtentry$$0000000D
    __rtentry4.o(.ARM.Collect$$rtentry$$00000004) refers to datainit_ctboard.o(.text) for __user_setup_stackheap
    __rtentry4.o(.ARM.exidx) refers to __rtentry4.o(.ARM.Collect$$rtentry$$00000004) for .ARM.Collect$$rtentry$$00000004
    rt_div0.o(.text) refers to defsig_fpe_outer.o(.text) for __rt_SIGFPE
    exit.o(.text) refers to rtexit.o(.ARM.Collect$$rtexit$$00000000) for __rt_exit
    defsig_fpe_outer.o(.text) refers to defsig_fpe_inner.o(.text) for __rt_SIGFPE_inner
    defsig_fpe_outer.o(.text) refers to defsig_exit.o(.text) for __sig_exit
    defsig_fpe_formal.o(.text) refers to rt_raise.o(.text) for __rt_raise
    libinit.o(.ARM.Collect$$libinit$$00000000) refers (Special) to libinit2.o(.ARM.Collect$$libinit$$00000030) for __rt_lib_init_alloca_1
    libinit.o(.ARM.Collect$$libinit$$00000000) refers (Special) to libinit2.o(.ARM.Collect$$libinit$$0000002E) for __rt_lib_init_argv_1
    libinit.o(.ARM.Collect$$libinit$$00000000) refers (Special) to libinit2.o(.ARM.Collect$$libinit$$0000001D) for __rt_lib_init_atexit_1
    libinit.o(.ARM.Collect$$libinit$$00000000) refers (Special) to libinit2.o(.ARM.Collect$$libinit$$00000023) for __rt_lib_init_clock_1
    libinit.o(.ARM.Collect$$libinit$$00000000) refers (Special) to libinit2.o(.ARM.Collect$$libinit$$00000034) for __rt_lib_init_cpp_1
    libinit.o(.ARM.Collect$$libinit$$00000000) refers (Special) to libinit2.o(.ARM.Collect$$libinit$$00000032) for __rt_lib_init_exceptions_1
    libinit.o(.ARM.Collect$$libinit$$00000000) refers (Special) to libinit2.o(.ARM.Collect$$libinit$$00000002) for __rt_lib_init_fp_1
    libinit.o(.ARM.Collect$$libinit$$00000000) refers (Special) to libinit2.o(.ARM.Collect$$libinit$$00000021) for __rt_lib_init_fp_trap_1
    libinit.o(.ARM.Collect$$libinit$$00000000) refers (Special) to libinit2.o(.ARM.Collect$$libinit$$00000025) for __rt_lib_init_getenv_1
    libinit.o(.ARM.Collect$$libinit$$00000000) refers (Special) to libinit2.o(.ARM.Collect$$libinit$$0000000C) for __rt_lib_init_heap_1
    libinit.o(.ARM.Collect$$libinit$$00000000) refers (Special) to libinit2.o(.ARM.Collect$$libinit$$00000013) for __rt_lib_init_lc_collate_1
    libinit.o(.ARM.Collect$$libinit$$00000000) refers (Special) to libinit2.o(.ARM.Collect$$libinit$$00000015) for __rt_lib_init_lc_ctype_1
    libinit.o(.ARM.Collect$$libinit$$00000000) refers (Special) to libinit2.o(.ARM.Collect$$libinit$$00000017) for __rt_lib_init_lc_monetary_1
    libinit.o(.ARM.Collect$$libinit$$00000000) refers (Special) to libinit2.o(.ARM.Collect$$libinit$$00000019) for __rt_lib_init_lc_numeric_1
    libinit.o(.ARM.Collect$$libinit$$00000000) refers (Special) to libinit2.o(.ARM.Collect$$libinit$$0000001B) for __rt_lib_init_lc_time_1
    libinit.o(.ARM.Collect$$libinit$$00000000) refers (Special) to libinit2.o(.ARM.Collect$$libinit$$00000006) for __rt_lib_init_preinit_1
    libinit.o(.ARM.Collect$$libinit$$00000000) refers (Special) to libinit2.o(.ARM.Collect$$libinit$$00000010) for __rt_lib_init_rand_1
    libinit.o(.ARM.Collect$$libinit$$00000000) refers (Special) to libinit2.o(.ARM.Collect$$libinit$$00000004) for __rt_lib_init_relocate_pie_1
    libinit.o(.ARM.Collect$$libinit$$00000000) refers (Special) to libinit2.o(.ARM.Collect$$libinit$$00000035) for __rt_lib_init_return
    libinit.o(.ARM.Collect$$libinit$$00000000) refers (Special) to libinit2.o(.ARM.Collect$$libinit$$0000001F) for __rt_lib_init_signal_1
    libinit.o(.ARM.Collect$$libinit$$00000000) refers (Special) to libinit2.o(.ARM.Collect$$libinit$$00000027) for __rt_lib_init_stdio_1
    libinit.o(.ARM.Collect$$libinit$$00000000) refers (Special) to libinit2.o(.ARM.Collect$$libinit$$0000000E) for __rt_lib_init_user_alloc_1
    rtexit.o(.ARM.Collect$$rtexit$$00000000) refers (Special) to rtexit2.o(.ARM.Collect$$rtexit$$00000004) for __rt_exit_exit
    rtexit.o(.ARM.Collect$$rtexit$$00000000) refers (Special) to rtexit2.o(.ARM.Collect$$rtexit$$00000003) for __rt_exit_ls
    rtexit.o(.ARM.Collect$$rtexit$$00000000) refers (Special) to rtexit2.o(.ARM.Collect$$rtexit$$00000002) for __rt_exit_prels_1
    rtexit.o(.ARM.exidx) refers (Special) to rtexit2.o(.ARM.Collect$$rtexit$$00000004) for __rt_exit_exit
    rtexit.o(.ARM.exidx) refers (Special) to rtexit2.o(.ARM.Collect$$rtexit$$00000003) for __rt_exit_ls
    rtexit.o(.ARM.exidx) refers (Special) to rtexit2.o(.ARM.Collect$$rtexit$$00000002) for __rt_exit_prels_1
    rtexit.o(.ARM.exidx) refers to rtexit.o(.ARM.Collect$$rtexit$$00000000) for .ARM.Collect$$rtexit$$00000000
    rt_raise.o(.text) refers to __raise.o(.text) for __raise
    rt_raise.o(.text) refers to sys_exit.o(.text) for _sys_exit
    defsig_exit.o(.text) refers to sys_exit.o(.text) for _sys_exit
    defsig_fpe_inner.o(.text) refers to defsig_general.o(.text) for __default_signal_display
    libinit2.o(.ARM.Collect$$libinit$$00000012) refers to libinit2.o(.ARM.Collect$$libinit$$00000011) for .ARM.Collect$$libinit$$00000011
    libinit2.o(.ARM.Collect$$libinit$$00000014) refers to libinit2.o(.ARM.Collect$$libinit$$00000011) for .ARM.Collect$$libinit$$00000011
    libinit2.o(.ARM.Collect$$libinit$$00000016) refers to libinit2.o(.ARM.Collect$$libinit$$00000011) for .ARM.Collect$$libinit$$00000011
    libinit2.o(.ARM.Collect$$libinit$$00000018) refers to libinit2.o(.ARM.Collect$$libinit$$00000011) for .ARM.Collect$$libinit$$00000011
    libinit2.o(.ARM.Collect$$libinit$$0000001A) refers to libinit2.o(.ARM.Collect$$libinit$$00000011) for .ARM.Collect$$libinit$$00000011
    libinit2.o(.ARM.Collect$$libinit$$00000028) refers to argv_veneer.o(.text) for __ARM_argv_veneer
    libinit2.o(.ARM.Collect$$libinit$$00000029) refers to argv_veneer.o(.text) for __ARM_argv_veneer
    sys_exit.o(.text) refers (Special) to use_no_semi.o(.text) for __I$use$semihosting
    sys_exit.o(.text) refers (Special) to indicate_semi.o(.text) for __semihosting_library_function
    sys_exit_hlt.o(.text) refers (Special) to use_no_semi.o(.text) for __I$use$semihosting
    sys_exit_hlt.o(.text) refers (Special) to indicate_semi.o(.text) for __semihosting_library_function
    rtexit2.o(.ARM.Collect$$rtexit$$00000003) refers to libshutdown.o(.ARM.Collect$$libshutdown$$00000000) for __rt_lib_shutdown
    rtexit2.o(.ARM.Collect$$rtexit$$00000004) refers to sys_exit.o(.text) for _sys_exit
    rtexit2.o(.ARM.exidx) refers to rtexit2.o(.ARM.Collect$$rtexit$$00000001) for .ARM.Collect$$rtexit$$00000001
    rtexit2.o(.ARM.exidx) refers to rtexit2.o(.ARM.Collect$$rtexit$$00000003) for .ARM.Collect$$rtexit$$00000003
    rtexit2.o(.ARM.exidx) refers to rtexit2.o(.ARM.Collect$$rtexit$$00000004) for .ARM.Collect$$rtexit$$00000004
    __raise.o(.text) refers to defsig.o(CL$$defsig) for __default_signal_handler
    defsig_general.o(.text) refers to sys_wrch.o(.text) for _ttywrch
    sys_wrch.o(.text) refers (Special) to use_no_semi.o(.text) for __I$use$semihosting
    sys_wrch.o(.text) refers (Special) to indicate_semi.o(.text) for __semihosting_library_function
    sys_wrch_hlt.o(.text) refers (Special) to use_no_semi.o(.text) for __I$use$semihosting
    sys_wrch_hlt.o(.text) refers (Special) to indicate_semi.o(.text) for __semihosting_library_function
    defsig.o(CL$$defsig) refers to defsig_fpe_inner.o(.text) for __rt_SIGFPE_inner
    defsig.o(CL$$defsig) refers to defsig_rtmem_inner.o(.text) for __rt_SIGRTMEM_inner
    _get_argv_nomalloc.o(.text) refers (Special) to hrguard.o(.text) for __heap_region$guard
    _get_argv_nomalloc.o(.text) refers to defsig_rtmem_outer.o(.text) for __rt_SIGRTMEM
    _get_argv_nomalloc.o(.text) refers to sys_command.o(.text) for _sys_command_string
    libshutdown.o(.ARM.Collect$$libshutdown$$00000000) refers (Special) to libshutdown2.o(.ARM.Collect$$libshutdown$$00000002) for __rt_lib_shutdown_cpp_1
    libshutdown.o(.ARM.Collect$$libshutdown$$00000000) refers (Special) to libshutdown2.o(.ARM.Collect$$libshutdown$$00000007) for __rt_lib_shutdown_fp_trap_1
    libshutdown.o(.ARM.Collect$$libshutdown$$00000000) refers (Special) to libshutdown2.o(.ARM.Collect$$libshutdown$$0000000F) for __rt_lib_shutdown_heap_1
    libshutdown.o(.ARM.Collect$$libshutdown$$00000000) refers (Special) to libshutdown2.o(.ARM.Collect$$libshutdown$$00000010) for __rt_lib_shutdown_return
    libshutdown.o(.ARM.Collect$$libshutdown$$00000000) refers (Special) to libshutdown2.o(.ARM.Collect$$libshutdown$$0000000A) for __rt_lib_shutdown_signal_1
    libshutdown.o(.ARM.Collect$$libshutdown$$00000000) refers (Special) to libshutdown2.o(.ARM.Collect$$libshutdown$$00000004) for __rt_lib_shutdown_stdio_1
    libshutdown.o(.ARM.Collect$$libshutdown$$00000000) refers (Special) to libshutdown2.o(.ARM.Collect$$libshutdown$$0000000C) for __rt_lib_shutdown_user_alloc_1
    sys_command.o(.text) refers (Special) to use_no_semi.o(.text) for __I$use$semihosting
    sys_command.o(.text) refers (Special) to indicate_semi.o(.text) for __semihosting_library_function
    sys_command_hlt.o(.text) refers (Special) to use_no_semi.o(.text) for __I$use$semihosting
    sys_command_hlt.o(.text) refers (Special) to indicate_semi.o(.text) for __semihosting_library_function
    defsig_abrt_inner.o(.text) refers to defsig_general.o(.text) for __default_signal_display
    defsig_rtred_inner.o(.text) refers to defsig_general.o(.text) for __default_signal_display
    defsig_rtmem_inner.o(.text) refers to defsig_general.o(.text) for __default_signal_display
    defsig_rtmem_outer.o(.text) refers to defsig_rtmem_inner.o(.text) for __rt_SIGRTMEM_inner
    defsig_rtmem_outer.o(.text) refers to defsig_exit.o(.text) for __sig_exit
    defsig_rtmem_formal.o(.text) refers to rt_raise.o(.text) for __rt_raise
    defsig_stak_inner.o(.text) refers to defsig_general.o(.text) for __default_signal_display
    defsig_pvfn_inner.o(.text) refers to defsig_general.o(.text) for __default_signal_display
    defsig_cppl_inner.o(.text) refers to defsig_general.o(.text) for __default_signal_display
    defsig_segv_inner.o(.text) refers to defsig_general.o(.text) for __default_signal_display
    defsig_other.o(.text) refers to defsig_general.o(.text) for __default_signal_display


==============================================================================

Removing Unused input sections from the image.

    Removing test.o(.ARM.exidx), (8 bytes).
    Removing test.o(.ARM.use_no_argv), (4 bytes).
    Removing hal_spi.o(.ARM.exidx), (40 bytes).
    Removing startup_ctboard.o(HEAP), (2048 bytes).
    Removing system_ctboard.o(.ARM.exidx), (72 bytes).
    Removing hal_fmc.o(.ARM.exidx), (16 bytes).
    Removing hal_gpio.o(.ARM.exidx), (136 bytes).
    Removing hal_pwr.o(.ARM.exidx), (56 bytes).
    Removing hal_rcc.o(.ARM.exidx), (40 bytes).

9 unused section(s) (total 2420 bytes) removed from the image.

==============================================================================

Image Symbol Table

    Local Symbols

    Symbol Name                              Value     Ov Type        Size  Object(Section)

    ../clib/angel/boardlib.s                 0x00000000   Number         0  boardinit1.o ABSOLUTE
    ../clib/angel/boardlib.s                 0x00000000   Number         0  boardinit2.o ABSOLUTE
    ../clib/angel/boardlib.s                 0x00000000   Number         0  boardinit3.o ABSOLUTE
    ../clib/angel/boardlib.s                 0x00000000   Number         0  boardshut.o ABSOLUTE
    ../clib/angel/handlers.s                 0x00000000   Number         0  __scatter_zi.o ABSOLUTE
    ../clib/angel/kernel.s                   0x00000000   Number         0  __rtentry.o ABSOLUTE
    ../clib/angel/kernel.s                   0x00000000   Number         0  __rtentry2.o ABSOLUTE
    ../clib/angel/kernel.s                   0x00000000   Number         0  __rtentry4.o ABSOLUTE
    ../clib/angel/kernel.s                   0x00000000   Number         0  rtexit.o ABSOLUTE
    ../clib/angel/kernel.s                   0x00000000   Number         0  rtexit2.o ABSOLUTE
    ../clib/angel/rt.s                       0x00000000   Number         0  aeabi_idiv0.o ABSOLUTE
    ../clib/angel/rt.s                       0x00000000   Number         0  aeabi_idiv0_sigfpe.o ABSOLUTE
    ../clib/angel/rt.s                       0x00000000   Number         0  rt_div0.o ABSOLUTE
    ../clib/angel/rt.s                       0x00000000   Number         0  rt_raise.o ABSOLUTE
    ../clib/angel/scatterp.s                 0x00000000   Number         0  __scatter.o ABSOLUTE
    ../clib/angel/sys.s                      0x00000000   Number         0  use_no_semi.o ABSOLUTE
    ../clib/angel/sys.s                      0x00000000   Number         0  indicate_semi.o ABSOLUTE
    ../clib/angel/sysapp.c                   0x00000000   Number         0  sys_exit.o ABSOLUTE
    ../clib/angel/sysapp.c                   0x00000000   Number         0  sys_exit_hlt.o ABSOLUTE
    ../clib/angel/sysapp.c                   0x00000000   Number         0  sys_wrch.o ABSOLUTE
    ../clib/angel/sysapp.c                   0x00000000   Number         0  sys_wrch_hlt.o ABSOLUTE
    ../clib/angel/sysapp.c                   0x00000000   Number         0  sys_command.o ABSOLUTE
    ../clib/angel/sysapp.c                   0x00000000   Number         0  sys_command_hlt.o ABSOLUTE
    ../clib/armsys.c                         0x00000000   Number         0  argv_veneer.o ABSOLUTE
    ../clib/armsys.c                         0x00000000   Number         0  _get_argv_nomalloc.o ABSOLUTE
    ../clib/armsys.c                         0x00000000   Number         0  no_argv.o ABSOLUTE
    ../clib/division.s                       0x00000000   Number         0  aeabi_sdiv.o ABSOLUTE
    ../clib/division.s                       0x00000000   Number         0  aeabi_sdiv_div0.o ABSOLUTE
    ../clib/heapalloc.c                      0x00000000   Number         0  hrguard.o ABSOLUTE
    ../clib/libinit.s                        0x00000000   Number         0  libinit.o ABSOLUTE
    ../clib/libinit.s                        0x00000000   Number         0  libinit2.o ABSOLUTE
    ../clib/libinit.s                        0x00000000   Number         0  libshutdown.o ABSOLUTE
    ../clib/libinit.s                        0x00000000   Number         0  libshutdown2.o ABSOLUTE
    ../clib/signal.c                         0x00000000   Number         0  defsig_fpe_outer.o ABSOLUTE
    ../clib/signal.c                         0x00000000   Number         0  defsig_fpe_formal.o ABSOLUTE
    ../clib/signal.c                         0x00000000   Number         0  defsig_exit.o ABSOLUTE
    ../clib/signal.c                         0x00000000   Number         0  defsig_fpe_inner.o ABSOLUTE
    ../clib/signal.c                         0x00000000   Number         0  __raise.o ABSOLUTE
    ../clib/signal.c                         0x00000000   Number         0  defsig_general.o ABSOLUTE
    ../clib/signal.c                         0x00000000   Number         0  defsig_abrt_inner.o ABSOLUTE
    ../clib/signal.c                         0x00000000   Number         0  defsig_rtred_inner.o ABSOLUTE
    ../clib/signal.c                         0x00000000   Number         0  defsig_rtmem_inner.o ABSOLUTE
    ../clib/signal.c                         0x00000000   Number         0  defsig_rtmem_outer.o ABSOLUTE
    ../clib/signal.c                         0x00000000   Number         0  defsig_rtmem_formal.o ABSOLUTE
    ../clib/signal.c                         0x00000000   Number         0  defsig_stak_inner.o ABSOLUTE
    ../clib/signal.c                         0x00000000   Number         0  defsig_pvfn_inner.o ABSOLUTE
    ../clib/signal.c                         0x00000000   Number         0  defsig_cppl_inner.o ABSOLUTE
    ../clib/signal.c                         0x00000000   Number         0  defsig_segv_inner.o ABSOLUTE
    ../clib/signal.c                         0x00000000   Number         0  defsig_other.o ABSOLUTE
    ../clib/signal.s                         0x00000000   Number         0  defsig.o ABSOLUTE
    ../clib/stdlib.c                         0x00000000   Number         0  exit.o ABSOLUTE
    ../fplib/cfplib/fpinit.c                 0x00000000   Number         0  fpinit.o ABSOLUTE
    RTE/Device/CT_Board_HS14_M0/datainit_ctboard.s 0x00000000   Number         0  datainit_ctboard.o ABSOLUTE
    RTE/Device/CT_Board_HS14_M0/startup_ctboard.s 0x00000000   Number         0  startup_ctboard.o ABSOLUTE
    dc.s                                     0x00000000   Number         0  dc.o ABSOLUTE
    hal_fmc.c                                0x00000000   Number         0  hal_fmc.o ABSOLUTE
    hal_gpio.c                               0x00000000   Number         0  hal_gpio.o ABSOLUTE
    hal_pwr.c                                0x00000000   Number         0  hal_pwr.o ABSOLUTE
    hal_rcc.c                                0x00000000   Number         0  hal_rcc.o ABSOLUTE
    hal_spi.c                                0x00000000   Number         0  hal_spi.o ABSOLUTE
    system_ctboard.c                         0x00000000   Number         0  system_ctboard.o ABSOLUTE
    test.c                                   0x00000000   Number         0  test.o ABSOLUTE
    RESET                                    0x08000000   Section      428  startup_ctboard.o(RESET)
    !!!scatter                               0x080001ac   Section       60  __scatter.o(!!!scatter)
    !!handler_zi                             0x080001e8   Section       28  __scatter_zi.o(!!handler_zi)
    .ARM.Collect$$libinit$$00000000          0x08000204   Section        2  libinit.o(.ARM.Collect$$libinit$$00000000)
    .ARM.Collect$$libinit$$00000002          0x08000206   Section        0  libinit2.o(.ARM.Collect$$libinit$$00000002)
    .ARM.Collect$$libinit$$00000004          0x08000206   Section        0  libinit2.o(.ARM.Collect$$libinit$$00000004)
    .ARM.Collect$$libinit$$00000006          0x08000206   Section        0  libinit2.o(.ARM.Collect$$libinit$$00000006)
    .ARM.Collect$$libinit$$0000000C          0x08000206   Section        0  libinit2.o(.ARM.Collect$$libinit$$0000000C)
    .ARM.Collect$$libinit$$0000000E          0x08000206   Section        0  libinit2.o(.ARM.Collect$$libinit$$0000000E)
    .ARM.Collect$$libinit$$00000010          0x08000206   Section        0  libinit2.o(.ARM.Collect$$libinit$$00000010)
    .ARM.Collect$$libinit$$00000013          0x08000206   Section        0  libinit2.o(.ARM.Collect$$libinit$$00000013)
    .ARM.Collect$$libinit$$00000015          0x08000206   Section        0  libinit2.o(.ARM.Collect$$libinit$$00000015)
    .ARM.Collect$$libinit$$00000017          0x08000206   Section        0  libinit2.o(.ARM.Collect$$libinit$$00000017)
    .ARM.Collect$$libinit$$00000019          0x08000206   Section        0  libinit2.o(.ARM.Collect$$libinit$$00000019)
    .ARM.Collect$$libinit$$0000001B          0x08000206   Section        0  libinit2.o(.ARM.Collect$$libinit$$0000001B)
    .ARM.Collect$$libinit$$0000001D          0x08000206   Section        0  libinit2.o(.ARM.Collect$$libinit$$0000001D)
    .ARM.Collect$$libinit$$0000001F          0x08000206   Section        0  libinit2.o(.ARM.Collect$$libinit$$0000001F)
    .ARM.Collect$$libinit$$00000021          0x08000206   Section        0  libinit2.o(.ARM.Collect$$libinit$$00000021)
    .ARM.Collect$$libinit$$00000023          0x08000206   Section        0  libinit2.o(.ARM.Collect$$libinit$$00000023)
    .ARM.Collect$$libinit$$00000025          0x08000206   Section        0  libinit2.o(.ARM.Collect$$libinit$$00000025)
    .ARM.Collect$$libinit$$00000027          0x08000206   Section        0  libinit2.o(.ARM.Collect$$libinit$$00000027)
    .ARM.Collect$$libinit$$0000002E          0x08000206   Section        0  libinit2.o(.ARM.Collect$$libinit$$0000002E)
    .ARM.Collect$$libinit$$00000030          0x08000206   Section        0  libinit2.o(.ARM.Collect$$libinit$$00000030)
    .ARM.Collect$$libinit$$00000032          0x08000206   Section        0  libinit2.o(.ARM.Collect$$libinit$$00000032)
    .ARM.Collect$$libinit$$00000034          0x08000206   Section        0  libinit2.o(.ARM.Collect$$libinit$$00000034)
    .ARM.Collect$$libinit$$00000035          0x08000206   Section        2  libinit2.o(.ARM.Collect$$libinit$$00000035)
    .ARM.Collect$$libshutdown$$00000000      0x08000208   Section        2  libshutdown.o(.ARM.Collect$$libshutdown$$00000000)
    .ARM.Collect$$libshutdown$$00000002      0x0800020a   Section        0  libshutdown2.o(.ARM.Collect$$libshutdown$$00000002)
    .ARM.Collect$$libshutdown$$00000004      0x0800020a   Section        0  libshutdown2.o(.ARM.Collect$$libshutdown$$00000004)
    .ARM.Collect$$libshutdown$$00000007      0x0800020a   Section        0  libshutdown2.o(.ARM.Collect$$libshutdown$$00000007)
    .ARM.Collect$$libshutdown$$0000000A      0x0800020a   Section        0  libshutdown2.o(.ARM.Collect$$libshutdown$$0000000A)
    .ARM.Collect$$libshutdown$$0000000C      0x0800020a   Section        0  libshutdown2.o(.ARM.Collect$$libshutdown$$0000000C)
    .ARM.Collect$$libshutdown$$0000000F      0x0800020a   Section        0  libshutdown2.o(.ARM.Collect$$libshutdown$$0000000F)
    .ARM.Collect$$libshutdown$$00000010      0x0800020a   Section        2  libshutdown2.o(.ARM.Collect$$libshutdown$$00000010)
    .ARM.Collect$$rtentry$$00000000          0x0800020c   Section        0  __rtentry.o(.ARM.Collect$$rtentry$$00000000)
    .ARM.Collect$$rtentry$$00000002          0x0800020c   Section        0  __rtentry2.o(.ARM.Collect$$rtentry$$00000002)
    .ARM.Collect$$rtentry$$00000004          0x0800020c   Section        6  __rtentry4.o(.ARM.Collect$$rtentry$$00000004)
    .ARM.Collect$$rtentry$$00000009          0x08000212   Section        0  __rtentry2.o(.ARM.Collect$$rtentry$$00000009)
    .ARM.Collect$$rtentry$$0000000A          0x08000212   Section        4  __rtentry2.o(.ARM.Collect$$rtentry$$0000000A)
    .ARM.Collect$$rtentry$$0000000C          0x08000216   Section        0  __rtentry2.o(.ARM.Collect$$rtentry$$0000000C)
    .ARM.Collect$$rtentry$$0000000D          0x08000216   Section        8  __rtentry2.o(.ARM.Collect$$rtentry$$0000000D)
    .ARM.Collect$$rtexit$$00000000           0x0800021e   Section        2  rtexit.o(.ARM.Collect$$rtexit$$00000000)
    .ARM.Collect$$rtexit$$00000002           0x08000220   Section        0  rtexit2.o(.ARM.Collect$$rtexit$$00000002)
    .ARM.Collect$$rtexit$$00000003           0x08000220   Section        4  rtexit2.o(.ARM.Collect$$rtexit$$00000003)
    .ARM.Collect$$rtexit$$00000004           0x08000224   Section        6  rtexit2.o(.ARM.Collect$$rtexit$$00000004)
    [Anonymous Symbol]                       0x0800022c   Section        0  test.o(.text)
    __arm_cp.0_0                             0x0800025c   Number         4  test.o(.text)
    __arm_cp.0_1                             0x08000260   Number         4  test.o(.text)
    __arm_cp.0_2                             0x08000264   Number         4  test.o(.text)
    [Anonymous Symbol]                       0x08000268   Section        0  hal_spi.o(.text)
    __arm_cp.0_0                             0x080002ec   Number         4  hal_spi.o(.text)
    __arm_cp.0_1                             0x080002f0   Number         4  hal_spi.o(.text)
    __arm_cp.0_2                             0x080002f4   Number         4  hal_spi.o(.text)
    __arm_cp.0_3                             0x080002f8   Number         4  hal_spi.o(.text)
    __arm_cp.0_4                             0x080002fc   Number         4  hal_spi.o(.text)
    __arm_cp.0_5                             0x08000300   Number         4  hal_spi.o(.text)
    __arm_cp.0_6                             0x08000304   Number         4  hal_spi.o(.text)
    __arm_cp.0_7                             0x08000308   Number         4  hal_spi.o(.text)
    __arm_cp.0_8                             0x0800030c   Number         4  hal_spi.o(.text)
    __arm_cp.0_9                             0x08000310   Number         4  hal_spi.o(.text)
    __arm_cp.0_10                            0x08000314   Number         4  hal_spi.o(.text)
    set_ss_pin_high                          0x08000319   Thumb Code     8  hal_spi.o(.text)
    __arm_cp.1_0                             0x08000320   Number         4  hal_spi.o(.text)
    __arm_cp.2_0                             0x08000374   Number         4  hal_spi.o(.text)
    __arm_cp.2_1                             0x08000378   Number         4  hal_spi.o(.text)
    set_ss_pin_low                           0x0800037d   Thumb Code    12  hal_spi.o(.text)
    __arm_cp.3_0                             0x08000388   Number         4  hal_spi.o(.text)
    wait_10_us                               0x0800038d   Thumb Code    34  hal_spi.o(.text)
    .text                                    0x080003b0   Section       40  datainit_ctboard.o(.text)
    .text                                    0x080003d8   Section       36  startup_ctboard.o(.text)
    [Anonymous Symbol]                       0x080003fc   Section        0  system_ctboard.o(.text)
    init_SystemClock                         0x08000419   Thumb Code   196  system_ctboard.o(.text)
    __arm_cp.2_0                             0x080004dc   Number         4  system_ctboard.o(.text)
    __arm_cp.2_1                             0x080004e0   Number         4  system_ctboard.o(.text)
    __arm_cp.2_2                             0x080004e4   Number         4  system_ctboard.o(.text)
    __arm_cp.2_3                             0x080004e8   Number         4  system_ctboard.o(.text)
    __arm_cp.2_4                             0x080004ec   Number         4  system_ctboard.o(.text)
    init_FPU                                 0x080004f1   Thumb Code     2  system_ctboard.o(.text)
    init_FMC_SRAM                            0x080004f5   Thumb Code   340  system_ctboard.o(.text)
    __arm_cp.4_0                             0x08000648   Number         4  system_ctboard.o(.text)
    __arm_cp.4_1                             0x0800064c   Number         4  system_ctboard.o(.text)
    __arm_cp.4_2                             0x08000650   Number         4  system_ctboard.o(.text)
    __arm_cp.4_3                             0x08000654   Number         4  system_ctboard.o(.text)
    __arm_cp.4_4                             0x08000658   Number         4  system_ctboard.o(.text)
    __arm_cp.4_5                             0x0800065c   Number         4  system_ctboard.o(.text)
    __arm_cp.4_6                             0x08000660   Number         4  system_ctboard.o(.text)
    __arm_cp.4_7                             0x08000664   Number         4  system_ctboard.o(.text)
    __arm_cp.4_8                             0x08000668   Number         4  system_ctboard.o(.text)
    __arm_cp.4_9                             0x0800066c   Number         4  system_ctboard.o(.text)
    init_LCD                                 0x08000671   Thumb Code    32  system_ctboard.o(.text)
    __arm_cp.5_0                             0x08000690   Number         4  system_ctboard.o(.text)
    [Anonymous Symbol]                       0x080006b0   Section        0  hal_fmc.o(.text)
    __arm_cp.0_0                             0x0800071c   Number         4  hal_fmc.o(.text)
    __arm_cp.0_1                             0x08000720   Number         4  hal_fmc.o(.text)
    __arm_cp.0_2                             0x08000724   Number         4  hal_fmc.o(.text)
    __arm_cp.0_3                             0x08000728   Number         4  hal_fmc.o(.text)
    __arm_cp.0_4                             0x0800072c   Number         4  hal_fmc.o(.text)
    __arm_cp.0_5                             0x08000730   Number         4  hal_fmc.o(.text)
    __arm_cp.0_6                             0x08000734   Number         4  hal_fmc.o(.text)
    __arm_cp.0_7                             0x08000738   Number         4  hal_fmc.o(.text)
    __arm_cp.0_8                             0x0800073c   Number         4  hal_fmc.o(.text)
    __arm_cp.0_9                             0x08000740   Number         4  hal_fmc.o(.text)
    __arm_cp.1_0                             0x08000978   Number         4  hal_fmc.o(.text)
    __arm_cp.1_1                             0x0800097c   Number         4  hal_fmc.o(.text)
    __arm_cp.1_2                             0x08000980   Number         4  hal_fmc.o(.text)
    __arm_cp.1_3                             0x08000984   Number         4  hal_fmc.o(.text)
    __arm_cp.1_4                             0x08000988   Number         4  hal_fmc.o(.text)
    __arm_cp.1_5                             0x0800098c   Number         4  hal_fmc.o(.text)
    __arm_cp.1_6                             0x08000990   Number         4  hal_fmc.o(.text)
    [Anonymous Symbol]                       0x08000994   Section        0  hal_gpio.o(.text)
    __arm_cp.0_0                             0x08000a04   Number         4  hal_gpio.o(.text)
    __arm_cp.0_1                             0x08000a08   Number         4  hal_gpio.o(.text)
    intercept_overwrite_register             0x08000a8d   Thumb Code    48  hal_gpio.o(.text)
    __arm_cp.2_0                             0x08000abc   Number         4  hal_gpio.o(.text)
    __arm_cp.2_1                             0x08000ac0   Number         4  hal_gpio.o(.text)
    __arm_cp.2_2                             0x08000ac4   Number         4  hal_gpio.o(.text)
    create_pattern_mask                      0x08000ac9   Thumb Code   156  hal_gpio.o(.text)
    __arm_cp.13_0                            0x08001190   Number         4  hal_gpio.o(.text)
    __arm_cp.13_1                            0x08001194   Number         4  hal_gpio.o(.text)
    __arm_cp.13_2                            0x08001198   Number         4  hal_gpio.o(.text)
    __arm_cp.13_3                            0x0800119c   Number         4  hal_gpio.o(.text)
    __arm_cp.13_4                            0x080011a0   Number         4  hal_gpio.o(.text)
    __arm_cp.13_5                            0x080011a4   Number         4  hal_gpio.o(.text)
    __arm_cp.13_6                            0x080011a8   Number         4  hal_gpio.o(.text)
    __arm_cp.13_7                            0x080011ac   Number         4  hal_gpio.o(.text)
    __arm_cp.13_8                            0x080011b0   Number         4  hal_gpio.o(.text)
    __arm_cp.13_9                            0x080011b4   Number         4  hal_gpio.o(.text)
    __arm_cp.13_10                           0x080011b8   Number         4  hal_gpio.o(.text)
    __arm_cp.13_11                           0x080011bc   Number         4  hal_gpio.o(.text)
    __arm_cp.13_12                           0x080011c0   Number         4  hal_gpio.o(.text)
    get_syscfg_mask                          0x080011c5   Thumb Code   232  hal_gpio.o(.text)
    __arm_cp.14_0                            0x080012ac   Number         4  hal_gpio.o(.text)
    __arm_cp.14_1                            0x080012b0   Number         4  hal_gpio.o(.text)
    __arm_cp.14_2                            0x080012b4   Number         4  hal_gpio.o(.text)
    __arm_cp.14_3                            0x080012b8   Number         4  hal_gpio.o(.text)
    __arm_cp.14_4                            0x080012bc   Number         4  hal_gpio.o(.text)
    __arm_cp.14_5                            0x080012c0   Number         4  hal_gpio.o(.text)
    __arm_cp.14_6                            0x080012c4   Number         4  hal_gpio.o(.text)
    __arm_cp.14_7                            0x080012c8   Number         4  hal_gpio.o(.text)
    __arm_cp.14_8                            0x080012cc   Number         4  hal_gpio.o(.text)
    __arm_cp.14_9                            0x080012d0   Number         4  hal_gpio.o(.text)
    __arm_cp.15_0                            0x08001318   Number         4  hal_gpio.o(.text)
    __arm_cp.15_1                            0x0800131c   Number         4  hal_gpio.o(.text)
    __arm_cp.16_0                            0x08001338   Number         4  hal_gpio.o(.text)
    [Anonymous Symbol]                       0x0800133c   Section        0  hal_pwr.o(.text)
    __arm_cp.0_0                             0x0800134c   Number         4  hal_pwr.o(.text)
    __arm_cp.0_1                             0x08001350   Number         4  hal_pwr.o(.text)
    __arm_cp.1_0                             0x080013f4   Number         4  hal_pwr.o(.text)
    __arm_cp.2_0                             0x08001428   Number         4  hal_pwr.o(.text)
    __arm_cp.3_0                             0x0800145c   Number         4  hal_pwr.o(.text)
    __arm_cp.4_0                             0x08001490   Number         4  hal_pwr.o(.text)
    [Anonymous Symbol]                       0x080014ac   Section        0  hal_rcc.o(.text)
    __arm_cp.0_0                             0x08001540   Number         4  hal_rcc.o(.text)
    __arm_cp.0_1                             0x08001544   Number         4  hal_rcc.o(.text)
    __arm_cp.0_2                             0x08001548   Number         4  hal_rcc.o(.text)
    __arm_cp.0_3                             0x0800154c   Number         4  hal_rcc.o(.text)
    __arm_cp.0_4                             0x08001550   Number         4  hal_rcc.o(.text)
    __arm_cp.0_5                             0x08001554   Number         4  hal_rcc.o(.text)
    __arm_cp.0_6                             0x08001558   Number         4  hal_rcc.o(.text)
    __arm_cp.0_7                             0x0800155c   Number         4  hal_rcc.o(.text)
    __arm_cp.0_8                             0x08001560   Number         4  hal_rcc.o(.text)
    __arm_cp.0_9                             0x08001564   Number         4  hal_rcc.o(.text)
    __arm_cp.0_10                            0x08001568   Number         4  hal_rcc.o(.text)
    __arm_cp.0_11                            0x0800156c   Number         4  hal_rcc.o(.text)
    __arm_cp.0_12                            0x08001570   Number         4  hal_rcc.o(.text)
    __arm_cp.0_13                            0x08001574   Number         4  hal_rcc.o(.text)
    __arm_cp.0_14                            0x08001578   Number         4  hal_rcc.o(.text)
    __arm_cp.0_15                            0x0800157c   Number         4  hal_rcc.o(.text)
    __arm_cp.0_16                            0x08001580   Number         4  hal_rcc.o(.text)
    __arm_cp.0_17                            0x08001584   Number         4  hal_rcc.o(.text)
    __arm_cp.0_18                            0x08001588   Number         4  hal_rcc.o(.text)
    __arm_cp.0_19                            0x0800158c   Number         4  hal_rcc.o(.text)
    __arm_cp.0_20                            0x08001590   Number         4  hal_rcc.o(.text)
    __arm_cp.0_21                            0x08001594   Number         4  hal_rcc.o(.text)
    __arm_cp.0_22                            0x08001598   Number         4  hal_rcc.o(.text)
    __arm_cp.0_23                            0x0800159c   Number         4  hal_rcc.o(.text)
    __arm_cp.0_24                            0x080015a0   Number         4  hal_rcc.o(.text)
    __arm_cp.0_25                            0x080015a4   Number         4  hal_rcc.o(.text)
    __arm_cp.0_26                            0x080015a8   Number         4  hal_rcc.o(.text)
    __arm_cp.0_27                            0x080015ac   Number         4  hal_rcc.o(.text)
    __arm_cp.0_28                            0x080015b0   Number         4  hal_rcc.o(.text)
    __arm_cp.0_29                            0x080015b4   Number         4  hal_rcc.o(.text)
    __arm_cp.0_30                            0x080015b8   Number         4  hal_rcc.o(.text)
    __arm_cp.0_31                            0x080015bc   Number         4  hal_rcc.o(.text)
    __arm_cp.1_0                             0x08001754   Number         4  hal_rcc.o(.text)
    __arm_cp.1_1                             0x08001758   Number         4  hal_rcc.o(.text)
    __arm_cp.1_2                             0x0800175c   Number         4  hal_rcc.o(.text)
    __arm_cp.1_3                             0x08001760   Number         4  hal_rcc.o(.text)
    __arm_cp.2_0                             0x08001870   Number         4  hal_rcc.o(.text)
    __arm_cp.2_1                             0x08001874   Number         4  hal_rcc.o(.text)
    __arm_cp.2_2                             0x08001878   Number         4  hal_rcc.o(.text)
    __arm_cp.3_0                             0x080019c4   Number         4  hal_rcc.o(.text)
    __arm_cp.3_1                             0x080019c8   Number         4  hal_rcc.o(.text)
    __arm_cp.3_2                             0x080019cc   Number         4  hal_rcc.o(.text)
    __arm_cp.3_3                             0x080019d0   Number         4  hal_rcc.o(.text)
    __arm_cp.3_4                             0x080019d4   Number         4  hal_rcc.o(.text)
    __arm_cp.3_5                             0x080019d8   Number         4  hal_rcc.o(.text)
    __arm_cp.4_0                             0x08001a7c   Number         4  hal_rcc.o(.text)
    __arm_cp.4_1                             0x08001a80   Number         4  hal_rcc.o(.text)
    .text                                    0x08001a84   Section      364  aeabi_sdiv.o(.text)
    .text                                    0x08001bf0   Section        0  exit.o(.text)
    .text                                    0x08001c00   Section        0  sys_exit.o(.text)
    .text                                    0x08001c0c   Section        2  use_no_semi.o(.text)
    .text                                    0x08001c0e   Section        0  indicate_semi.o(.text)
    STACK                                    0x20000000   Section     8192  startup_ctboard.o(STACK)
    __initial_sp                             0x20002000   Data           0  startup_ctboard.o(STACK)

    Global Symbols

    Symbol Name                              Value     Ov Type        Size  Object(Section)

    BuildAttributes$$THM_ISAv3M$S$PE$A:L22$X:L11$S22$IEEE1$IW$~IW$USESV6$~STKCKD$USESV7$~SHL$OSPACE$ROPI$EBA8$UX$STANDARDLIB$REQ8$PRES8$EABIv2 0x00000000   Number         0  anon$$obj.o ABSOLUTE
    __ARM_exceptions_init                     - Undefined Weak Reference
    __alloca_initialize                       - Undefined Weak Reference
    __arm_preinit_                            - Undefined Weak Reference
    __arm_relocate_pie_                       - Undefined Weak Reference
    __cpp_initialize__aeabi_                  - Undefined Weak Reference
    __cxa_finalize                            - Undefined Weak Reference
    __rt_locale                               - Undefined Weak Reference
    __sigvec_lookup                           - Undefined Weak Reference
    _atexit_init                              - Undefined Weak Reference
    _call_atexit_fns                          - Undefined Weak Reference
    _clock_init                               - Undefined Weak Reference
    _fp_trap_init                             - Undefined Weak Reference
    _fp_trap_shutdown                         - Undefined Weak Reference
    _get_lc_collate                           - Undefined Weak Reference
    _get_lc_ctype                             - Undefined Weak Reference
    _get_lc_monetary                          - Undefined Weak Reference
    _get_lc_numeric                           - Undefined Weak Reference
    _get_lc_time                              - Undefined Weak Reference
    _getenv_init                              - Undefined Weak Reference
    _handle_redirection                       - Undefined Weak Reference
    _init_alloc                               - Undefined Weak Reference
    _init_user_alloc                          - Undefined Weak Reference
    _initio                                   - Undefined Weak Reference
    _rand_init                                - Undefined Weak Reference
    _signal_finish                            - Undefined Weak Reference
    _signal_init                              - Undefined Weak Reference
    _terminate_alloc                          - Undefined Weak Reference
    _terminate_user_alloc                     - Undefined Weak Reference
    _terminateio                              - Undefined Weak Reference
    __Vectors_Size                           0x000001ac   Number         0  startup_ctboard.o ABSOLUTE
    Stack_Size                               0x00002000   Number         0  startup_ctboard.o ABSOLUTE
    __Vectors                                0x08000000   Data           4  startup_ctboard.o(RESET)
    __Vectors_End                            0x080001ac   Data           0  startup_ctboard.o(RESET)
    __scatterload                            0x080001ad   Thumb Code     0  __scatter.o(!!!scatter)
    __scatterload_rt2                        0x080001ad   Thumb Code    52  __scatter.o(!!!scatter)
    __scatterload_rt2_thumb_only             0x080001ad   Thumb Code     0  __scatter.o(!!!scatter)
    __scatterload_null                       0x080001bd   Thumb Code     0  __scatter.o(!!!scatter)
    __scatterload_zeroinit                   0x080001e9   Thumb Code    28  __scatter_zi.o(!!handler_zi)
    __rt_lib_init                            0x08000205   Thumb Code     0  libinit.o(.ARM.Collect$$libinit$$00000000)
    __rt_lib_init_alloca_1                   0x08000207   Thumb Code     0  libinit2.o(.ARM.Collect$$libinit$$00000030)
    __rt_lib_init_argv_1                     0x08000207   Thumb Code     0  libinit2.o(.ARM.Collect$$libinit$$0000002E)
    __rt_lib_init_atexit_1                   0x08000207   Thumb Code     0  libinit2.o(.ARM.Collect$$libinit$$0000001D)
    __rt_lib_init_clock_1                    0x08000207   Thumb Code     0  libinit2.o(.ARM.Collect$$libinit$$00000023)
    __rt_lib_init_cpp_1                      0x08000207   Thumb Code     0  libinit2.o(.ARM.Collect$$libinit$$00000034)
    __rt_lib_init_exceptions_1               0x08000207   Thumb Code     0  libinit2.o(.ARM.Collect$$libinit$$00000032)
    __rt_lib_init_fp_1                       0x08000207   Thumb Code     0  libinit2.o(.ARM.Collect$$libinit$$00000002)
    __rt_lib_init_fp_trap_1                  0x08000207   Thumb Code     0  libinit2.o(.ARM.Collect$$libinit$$00000021)
    __rt_lib_init_getenv_1                   0x08000207   Thumb Code     0  libinit2.o(.ARM.Collect$$libinit$$00000025)
    __rt_lib_init_heap_1                     0x08000207   Thumb Code     0  libinit2.o(.ARM.Collect$$libinit$$0000000C)
    __rt_lib_init_lc_collate_1               0x08000207   Thumb Code     0  libinit2.o(.ARM.Collect$$libinit$$00000013)
    __rt_lib_init_lc_ctype_1                 0x08000207   Thumb Code     0  libinit2.o(.ARM.Collect$$libinit$$00000015)
    __rt_lib_init_lc_monetary_1              0x08000207   Thumb Code     0  libinit2.o(.ARM.Collect$$libinit$$00000017)
    __rt_lib_init_lc_numeric_1               0x08000207   Thumb Code     0  libinit2.o(.ARM.Collect$$libinit$$00000019)
    __rt_lib_init_lc_time_1                  0x08000207   Thumb Code     0  libinit2.o(.ARM.Collect$$libinit$$0000001B)
    __rt_lib_init_preinit_1                  0x08000207   Thumb Code     0  libinit2.o(.ARM.Collect$$libinit$$00000006)
    __rt_lib_init_rand_1                     0x08000207   Thumb Code     0  libinit2.o(.ARM.Collect$$libinit$$00000010)
    __rt_lib_init_relocate_pie_1             0x08000207   Thumb Code     0  libinit2.o(.ARM.Collect$$libinit$$00000004)
    __rt_lib_init_return                     0x08000207   Thumb Code     0  libinit2.o(.ARM.Collect$$libinit$$00000035)
    __rt_lib_init_signal_1                   0x08000207   Thumb Code     0  libinit2.o(.ARM.Collect$$libinit$$0000001F)
    __rt_lib_init_stdio_1                    0x08000207   Thumb Code     0  libinit2.o(.ARM.Collect$$libinit$$00000027)
    __rt_lib_init_user_alloc_1               0x08000207   Thumb Code     0  libinit2.o(.ARM.Collect$$libinit$$0000000E)
    __rt_lib_shutdown                        0x08000209   Thumb Code     0  libshutdown.o(.ARM.Collect$$libshutdown$$00000000)
    __rt_lib_shutdown_cpp_1                  0x0800020b   Thumb Code     0  libshutdown2.o(.ARM.Collect$$libshutdown$$00000002)
    __rt_lib_shutdown_fp_trap_1              0x0800020b   Thumb Code     0  libshutdown2.o(.ARM.Collect$$libshutdown$$00000007)
    __rt_lib_shutdown_heap_1                 0x0800020b   Thumb Code     0  libshutdown2.o(.ARM.Collect$$libshutdown$$0000000F)
    __rt_lib_shutdown_return                 0x0800020b   Thumb Code     0  libshutdown2.o(.ARM.Collect$$libshutdown$$00000010)
    __rt_lib_shutdown_signal_1               0x0800020b   Thumb Code     0  libshutdown2.o(.ARM.Collect$$libshutdown$$0000000A)
    __rt_lib_shutdown_stdio_1                0x0800020b   Thumb Code     0  libshutdown2.o(.ARM.Collect$$libshutdown$$00000004)
    __rt_lib_shutdown_user_alloc_1           0x0800020b   Thumb Code     0  libshutdown2.o(.ARM.Collect$$libshutdown$$0000000C)
    __rt_entry                               0x0800020d   Thumb Code     0  __rtentry.o(.ARM.Collect$$rtentry$$00000000)
    __rt_entry_presh_1                       0x0800020d   Thumb Code     0  __rtentry2.o(.ARM.Collect$$rtentry$$00000002)
    __rt_entry_sh                            0x0800020d   Thumb Code     0  __rtentry4.o(.ARM.Collect$$rtentry$$00000004)
    __rt_entry_li                            0x08000213   Thumb Code     0  __rtentry2.o(.ARM.Collect$$rtentry$$0000000A)
    __rt_entry_postsh_1                      0x08000213   Thumb Code     0  __rtentry2.o(.ARM.Collect$$rtentry$$00000009)
    __rt_entry_main                          0x08000217   Thumb Code     0  __rtentry2.o(.ARM.Collect$$rtentry$$0000000D)
    __rt_entry_postli_1                      0x08000217   Thumb Code     0  __rtentry2.o(.ARM.Collect$$rtentry$$0000000C)
    __rt_exit                                0x0800021f   Thumb Code     0  rtexit.o(.ARM.Collect$$rtexit$$00000000)
    __rt_exit_ls                             0x08000221   Thumb Code     0  rtexit2.o(.ARM.Collect$$rtexit$$00000003)
    __rt_exit_prels_1                        0x08000221   Thumb Code     0  rtexit2.o(.ARM.Collect$$rtexit$$00000002)
    __rt_exit_exit                           0x08000225   Thumb Code     0  rtexit2.o(.ARM.Collect$$rtexit$$00000004)
    main                                     0x0800022d   Thumb Code    48  test.o(.text)
    hal_spi_init                             0x08000269   Thumb Code   132  hal_spi.o(.text)
    hal_spi_read_write                       0x08000325   Thumb Code    80  hal_spi.o(.text)
    __main                                   0x080003b1   Thumb Code     8  datainit_ctboard.o(.text)
    __user_setup_stackheap                   0x080003b9   Thumb Code    16  datainit_ctboard.o(.text)
    Reset_Handler                            0x080003d9   Thumb Code     8  startup_ctboard.o(.text)
    NMI_Handler                              0x080003e1   Thumb Code     2  startup_ctboard.o(.text)
    HardFault_Handler                        0x080003e3   Thumb Code     2  startup_ctboard.o(.text)
    MemManage_Handler                        0x080003e5   Thumb Code     2  startup_ctboard.o(.text)
    BusFault_Handler                         0x080003e7   Thumb Code     2  startup_ctboard.o(.text)
    UsageFault_Handler                       0x080003e9   Thumb Code     2  startup_ctboard.o(.text)
    SVC_Handler                              0x080003eb   Thumb Code     2  startup_ctboard.o(.text)
    DebugMon_Handler                         0x080003ed   Thumb Code     2  startup_ctboard.o(.text)
    PendSV_Handler                           0x080003ef   Thumb Code     2  startup_ctboard.o(.text)
    SysTick_Handler                          0x080003f1   Thumb Code     2  startup_ctboard.o(.text)
    ADC_IRQHandler                           0x080003f3   Thumb Code     0  startup_ctboard.o(.text)
    CAN1_RX0_IRQHandler                      0x080003f3   Thumb Code     0  startup_ctboard.o(.text)
    CAN1_RX1_IRQHandler                      0x080003f3   Thumb Code     0  startup_ctboard.o(.text)
    CAN1_SCE_IRQHandler                      0x080003f3   Thumb Code     0  startup_ctboard.o(.text)
    CAN1_TX_IRQHandler                       0x080003f3   Thumb Code     0  startup_ctboard.o(.text)
    CAN2_RX0_IRQHandler                      0x080003f3   Thumb Code     0  startup_ctboard.o(.text)
    CAN2_RX1_IRQHandler                      0x080003f3   Thumb Code     0  startup_ctboard.o(.text)
    CAN2_SCE_IRQHandler                      0x080003f3   Thumb Code     0  startup_ctboard.o(.text)
    CAN2_TX_IRQHandler                       0x080003f3   Thumb Code     0  startup_ctboard.o(.text)
    CRYP_IRQHandler                          0x080003f3   Thumb Code     0  startup_ctboard.o(.text)
    DCMI_IRQHandler                          0x080003f3   Thumb Code     0  startup_ctboard.o(.text)
    DMA1_Stream0_IRQHandler                  0x080003f3   Thumb Code     0  startup_ctboard.o(.text)
    DMA1_Stream1_IRQHandler                  0x080003f3   Thumb Code     0  startup_ctboard.o(.text)
    DMA1_Stream2_IRQHandler                  0x080003f3   Thumb Code     0  startup_ctboard.o(.text)
    DMA1_Stream3_IRQHandler                  0x080003f3   Thumb Code     0  startup_ctboard.o(.text)
    DMA1_Stream4_IRQHandler                  0x080003f3   Thumb Code     0  startup_ctboard.o(.text)
    DMA1_Stream5_IRQHandler                  0x080003f3   Thumb Code     0  startup_ctboard.o(.text)
    DMA1_Stream6_IRQHandler                  0x080003f3   Thumb Code     0  startup_ctboard.o(.text)
    DMA1_Stream7_IRQHandler                  0x080003f3   Thumb Code     0  startup_ctboard.o(.text)
    DMA2D_IRQHandler                         0x080003f3   Thumb Code     0  startup_ctboard.o(.text)
    DMA2_Stream0_IRQHandler                  0x080003f3   Thumb Code     0  startup_ctboard.o(.text)
    DMA2_Stream1_IRQHandler                  0x080003f3   Thumb Code     0  startup_ctboard.o(.text)
    DMA2_Stream2_IRQHandler                  0x080003f3   Thumb Code     0  startup_ctboard.o(.text)
    DMA2_Stream3_IRQHandler                  0x080003f3   Thumb Code     0  startup_ctboard.o(.text)
    DMA2_Stream4_IRQHandler                  0x080003f3   Thumb Code     0  startup_ctboard.o(.text)
    DMA2_Stream5_IRQHandler                  0x080003f3   Thumb Code     0  startup_ctboard.o(.text)
    DMA2_Stream6_IRQHandler                  0x080003f3   Thumb Code     0  startup_ctboard.o(.text)
    DMA2_Stream7_IRQHandler                  0x080003f3   Thumb Code     0  startup_ctboard.o(.text)
    ETH_IRQHandler                           0x080003f3   Thumb Code     0  startup_ctboard.o(.text)
    ETH_WKUP_IRQHandler                      0x080003f3   Thumb Code     0  startup_ctboard.o(.text)
    EXTI0_IRQHandler                         0x080003f3   Thumb Code     0  startup_ctboard.o(.text)
    EXTI15_10_IRQHandler                     0x080003f3   Thumb Code     0  startup_ctboard.o(.text)
    EXTI1_IRQHandler                         0x080003f3   Thumb Code     0  startup_ctboard.o(.text)
    EXTI2_IRQHandler                         0x080003f3   Thumb Code     0  startup_ctboard.o(.text)
    EXTI3_IRQHandler                         0x080003f3   Thumb Code     0  startup_ctboard.o(.text)
    EXTI4_IRQHandler                         0x080003f3   Thumb Code     0  startup_ctboard.o(.text)
    EXTI9_5_IRQHandler                       0x080003f3   Thumb Code     0  startup_ctboard.o(.text)
    FLASH_IRQHandler                         0x080003f3   Thumb Code     0  startup_ctboard.o(.text)
    FMC_IRQHandler                           0x080003f3   Thumb Code     0  startup_ctboard.o(.text)
    FPU_IRQHandler                           0x080003f3   Thumb Code     0  startup_ctboard.o(.text)
    HASH_RNG_IRQHandler                      0x080003f3   Thumb Code     0  startup_ctboard.o(.text)
    I2C1_ER_IRQHandler                       0x080003f3   Thumb Code     0  startup_ctboard.o(.text)
    I2C1_EV_IRQHandler                       0x080003f3   Thumb Code     0  startup_ctboard.o(.text)
    I2C2_ER_IRQHandler                       0x080003f3   Thumb Code     0  startup_ctboard.o(.text)
    I2C2_EV_IRQHandler                       0x080003f3   Thumb Code     0  startup_ctboard.o(.text)
    I2C3_ER_IRQHandler                       0x080003f3   Thumb Code     0  startup_ctboard.o(.text)
    I2C3_EV_IRQHandler                       0x080003f3   Thumb Code     0  startup_ctboard.o(.text)
    LTDC_ER_IRQHandler                       0x080003f3   Thumb Code     0  startup_ctboard.o(.text)
    LTDC_IRQHandler                          0x080003f3   Thumb Code     0  startup_ctboard.o(.text)
    OTG_FS_IRQHandler                        0x080003f3   Thumb Code     0  startup_ctboard.o(.text)
    OTG_FS_WKUP_IRQHandler                   0x080003f3   Thumb Code     0  startup_ctboard.o(.text)
    OTG_HS_EP1_IN_IRQHandler                 0x080003f3   Thumb Code     0  startup_ctboard.o(.text)
    OTG_HS_EP1_OUT_IRQHandler                0x080003f3   Thumb Code     0  startup_ctboard.o(.text)
    OTG_HS_IRQHandler                        0x080003f3   Thumb Code     0  startup_ctboard.o(.text)
    OTG_HS_WKUP_IRQHandler                   0x080003f3   Thumb Code     0  startup_ctboard.o(.text)
    PVD_IRQHandler                           0x080003f3   Thumb Code     0  startup_ctboard.o(.text)
    RCC_IRQHandler                           0x080003f3   Thumb Code     0  startup_ctboard.o(.text)
    RTC_Alarm_IRQHandler                     0x080003f3   Thumb Code     0  startup_ctboard.o(.text)
    RTC_WKUP_IRQHandler                      0x080003f3   Thumb Code     0  startup_ctboard.o(.text)
    SAI1_IRQHandler                          0x080003f3   Thumb Code     0  startup_ctboard.o(.text)
    SDIO_IRQHandler                          0x080003f3   Thumb Code     0  startup_ctboard.o(.text)
    SPI1_IRQHandler                          0x080003f3   Thumb Code     0  startup_ctboard.o(.text)
    SPI2_IRQHandler                          0x080003f3   Thumb Code     0  startup_ctboard.o(.text)
    SPI3_IRQHandler                          0x080003f3   Thumb Code     0  startup_ctboard.o(.text)
    SPI4_IRQHandler                          0x080003f3   Thumb Code     0  startup_ctboard.o(.text)
    SPI5_IRQHandler                          0x080003f3   Thumb Code     0  startup_ctboard.o(.text)
    SPI6_IRQHandler                          0x080003f3   Thumb Code     0  startup_ctboard.o(.text)
    TAMP_STAMP_IRQHandler                    0x080003f3   Thumb Code     0  startup_ctboard.o(.text)
    TIM1_BRK_TIM9_IRQHandler                 0x080003f3   Thumb Code     0  startup_ctboard.o(.text)
    TIM1_CC_IRQHandler                       0x080003f3   Thumb Code     0  startup_ctboard.o(.text)
    TIM1_TRG_COM_TIM11_IRQHandler            0x080003f3   Thumb Code     0  startup_ctboard.o(.text)
    TIM1_UP_TIM10_IRQHandler                 0x080003f3   Thumb Code     0  startup_ctboard.o(.text)
    TIM2_IRQHandler                          0x080003f3   Thumb Code     0  startup_ctboard.o(.text)
    TIM3_IRQHandler                          0x080003f3   Thumb Code     0  startup_ctboard.o(.text)
    TIM4_IRQHandler                          0x080003f3   Thumb Code     0  startup_ctboard.o(.text)
    TIM5_IRQHandler                          0x080003f3   Thumb Code     0  startup_ctboard.o(.text)
    TIM6_DAC_IRQHandler                      0x080003f3   Thumb Code     0  startup_ctboard.o(.text)
    TIM7_IRQHandler                          0x080003f3   Thumb Code     0  startup_ctboard.o(.text)
    TIM8_BRK_TIM12_IRQHandler                0x080003f3   Thumb Code     0  startup_ctboard.o(.text)
    TIM8_CC_IRQHandler                       0x080003f3   Thumb Code     0  startup_ctboard.o(.text)
    TIM8_TRG_COM_TIM14_IRQHandler            0x080003f3   Thumb Code     0  startup_ctboard.o(.text)
    TIM8_UP_TIM13_IRQHandler                 0x080003f3   Thumb Code     0  startup_ctboard.o(.text)
    UART4_IRQHandler                         0x080003f3   Thumb Code     0  startup_ctboard.o(.text)
    UART5_IRQHandler                         0x080003f3   Thumb Code     0  startup_ctboard.o(.text)
    UART7_IRQHandler                         0x080003f3   Thumb Code     0  startup_ctboard.o(.text)
    UART8_IRQHandler                         0x080003f3   Thumb Code     0  startup_ctboard.o(.text)
    USART1_IRQHandler                        0x080003f3   Thumb Code     0  startup_ctboard.o(.text)
    USART2_IRQHandler                        0x080003f3   Thumb Code     0  startup_ctboard.o(.text)
    USART3_IRQHandler                        0x080003f3   Thumb Code     0  startup_ctboard.o(.text)
    USART6_IRQHandler                        0x080003f3   Thumb Code     0  startup_ctboard.o(.text)
    WWDG_IRQHandler                          0x080003f3   Thumb Code     0  startup_ctboard.o(.text)
    __system                                 0x080003fd   Thumb Code     8  system_ctboard.o(.text)
    system_enter_run                         0x08000405   Thumb Code    20  system_ctboard.o(.text)
    system_enter_sleep                       0x08000695   Thumb Code    10  system_ctboard.o(.text)
    system_enter_stop                        0x0800069f   Thumb Code    14  system_ctboard.o(.text)
    system_enter_standby                     0x080006ad   Thumb Code     2  system_ctboard.o(.text)
    hal_fmc_reset                            0x080006b1   Thumb Code   108  hal_fmc.o(.text)
    hal_fmc_init_sram                        0x08000745   Thumb Code   564  hal_fmc.o(.text)
    hal_gpio_reset                           0x08000995   Thumb Code   112  hal_gpio.o(.text)
    hal_gpio_init_input                      0x08000a0d   Thumb Code   126  hal_gpio.o(.text)
    hal_gpio_init_analog                     0x08000b65   Thumb Code    84  hal_gpio.o(.text)
    hal_gpio_init_output                     0x08000bb9   Thumb Code   208  hal_gpio.o(.text)
    hal_gpio_init_alternate                  0x08000c89   Thumb Code   194  hal_gpio.o(.text)
    hal_gpio_input_read                      0x08000d4b   Thumb Code    14  hal_gpio.o(.text)
    hal_gpio_output_read                     0x08000d59   Thumb Code    14  hal_gpio.o(.text)
    hal_gpio_output_write                    0x08000d67   Thumb Code    42  hal_gpio.o(.text)
    hal_gpio_bit_set                         0x08000d91   Thumb Code    54  hal_gpio.o(.text)
    hal_gpio_bit_reset                       0x08000dc7   Thumb Code    54  hal_gpio.o(.text)
    hal_gpio_bit_toggle                      0x08000dfd   Thumb Code    78  hal_gpio.o(.text)
    hal_gpio_irq_set                         0x08000e4d   Thumb Code   836  hal_gpio.o(.text)
    hal_gpio_irq_status                      0x080012d5   Thumb Code    68  hal_gpio.o(.text)
    hal_gpio_irq_clear                       0x08001321   Thumb Code    24  hal_gpio.o(.text)
    hal_pwr_reset                            0x0800133d   Thumb Code    16  hal_pwr.o(.text)
    hal_pwr_set_backup_domain                0x08001355   Thumb Code   160  hal_pwr.o(.text)
    hal_pwr_set_backup_access                0x080013f9   Thumb Code    48  hal_pwr.o(.text)
    hal_pwr_set_wakeup_pin                   0x0800142d   Thumb Code    48  hal_pwr.o(.text)
    hal_pwr_set_flash_powerdown              0x08001461   Thumb Code    48  hal_pwr.o(.text)
    hal_pwr_set_overdrive                    0x08001495   Thumb Code    12  hal_pwr.o(.text)
    hal_pwr_set_underdrive                   0x080014a1   Thumb Code    12  hal_pwr.o(.text)
    hal_rcc_reset                            0x080014ad   Thumb Code   148  hal_rcc.o(.text)
    hal_rcc_set_peripheral                   0x080015c1   Thumb Code   404  hal_rcc.o(.text)
    hal_rcc_set_osc                          0x08001765   Thumb Code   268  hal_rcc.o(.text)
    hal_rcc_setup_pll                        0x0800187d   Thumb Code   328  hal_rcc.o(.text)
    hal_rcc_setup_clock                      0x080019dd   Thumb Code   160  hal_rcc.o(.text)
    __aeabi_uidiv                            0x08001a85   Thumb Code     0  aeabi_sdiv.o(.text)
    __aeabi_uidivmod                         0x08001a85   Thumb Code    20  aeabi_sdiv.o(.text)
    __aeabi_idiv                             0x08001a99   Thumb Code     0  aeabi_sdiv.o(.text)
    __aeabi_idivmod                          0x08001a99   Thumb Code   338  aeabi_sdiv.o(.text)
    exit                                     0x08001bf1   Thumb Code    16  exit.o(.text)
    _sys_exit                                0x08001c01   Thumb Code     8  sys_exit.o(.text)
    __I$use$semihosting                      0x08001c0d   Thumb Code     0  use_no_semi.o(.text)
    __use_no_semihosting_swi                 0x08001c0d   Thumb Code     2  use_no_semi.o(.text)
    __semihosting_library_function           0x08001c0f   Thumb Code     0  indicate_semi.o(.text)
    Region$$Table$$Base                      0x08001c10   Number         0  anon$$obj.o(Region$$Table)
    Region$$Table$$Limit                     0x08001c20   Number         0  anon$$obj.o(Region$$Table)
    Stack_Mem                                0x20000000   Data        8192  startup_ctboard.o(STACK)



==============================================================================

Memory Map of the image

  Image Entry point : 0x080003d9

  Load Region LR_IROM1 (Base: 0x08000000, Size: 0x00001c20, Max: 0x00200000, ABSOLUTE)

    Execution Region ER_IROM1 (Exec base: 0x08000000, Load base: 0x08000000, Size: 0x00001c20, Max: 0x00200000, ABSOLUTE)

    Exec Addr    Load Addr    Size         Type   Attr      Idx    E Section Name        Object

    0x08000000   0x08000000   0x000001ac   Data   RO           24    RESET               startup_ctboard.o
    0x080001ac   0x080001ac   0x0000003c   Code   RO           70    !!!scatter          c_p.l(__scatter.o)
    0x080001e8   0x080001e8   0x0000001c   Code   RO          240    !!handler_zi        c_p.l(__scatter_zi.o)
    0x08000204   0x08000204   0x00000002   Code   RO          105    .ARM.Collect$$libinit$$00000000  c_p.l(libinit.o)
    0x08000206   0x08000206   0x00000000   Code   RO          115    .ARM.Collect$$libinit$$00000002  c_p.l(libinit2.o)
    0x08000206   0x08000206   0x00000000   Code   RO          117    .ARM.Collect$$libinit$$00000004  c_p.l(libinit2.o)
    0x08000206   0x08000206   0x00000000   Code   RO          119    .ARM.Collect$$libinit$$00000006  c_p.l(libinit2.o)
    0x08000206   0x08000206   0x00000000   Code   RO          122    .ARM.Collect$$libinit$$0000000C  c_p.l(libinit2.o)
    0x08000206   0x08000206   0x00000000   Code   RO          124    .ARM.Collect$$libinit$$0000000E  c_p.l(libinit2.o)
    0x08000206   0x08000206   0x00000000   Code   RO          126    .ARM.Collect$$libinit$$00000010  c_p.l(libinit2.o)
    0x08000206   0x08000206   0x00000000   Code   RO          129    .ARM.Collect$$libinit$$00000013  c_p.l(libinit2.o)
    0x08000206   0x08000206   0x00000000   Code   RO          131    .ARM.Collect$$libinit$$00000015  c_p.l(libinit2.o)
    0x08000206   0x08000206   0x00000000   Code   RO          133    .ARM.Collect$$libinit$$00000017  c_p.l(libinit2.o)
    0x08000206   0x08000206   0x00000000   Code   RO          135    .ARM.Collect$$libinit$$00000019  c_p.l(libinit2.o)
    0x08000206   0x08000206   0x00000000   Code   RO          137    .ARM.Collect$$libinit$$0000001B  c_p.l(libinit2.o)
    0x08000206   0x08000206   0x00000000   Code   RO          139    .ARM.Collect$$libinit$$0000001D  c_p.l(libinit2.o)
    0x08000206   0x08000206   0x00000000   Code   RO          141    .ARM.Collect$$libinit$$0000001F  c_p.l(libinit2.o)
    0x08000206   0x08000206   0x00000000   Code   RO          143    .ARM.Collect$$libinit$$00000021  c_p.l(libinit2.o)
    0x08000206   0x08000206   0x00000000   Code   RO          145    .ARM.Collect$$libinit$$00000023  c_p.l(libinit2.o)
    0x08000206   0x08000206   0x00000000   Code   RO          147    .ARM.Collect$$libinit$$00000025  c_p.l(libinit2.o)
    0x08000206   0x08000206   0x00000000   Code   RO          149    .ARM.Collect$$libinit$$00000027  c_p.l(libinit2.o)
    0x08000206   0x08000206   0x00000000   Code   RO          153    .ARM.Collect$$libinit$$0000002E  c_p.l(libinit2.o)
    0x08000206   0x08000206   0x00000000   Code   RO          155    .ARM.Collect$$libinit$$00000030  c_p.l(libinit2.o)
    0x08000206   0x08000206   0x00000000   Code   RO          157    .ARM.Collect$$libinit$$00000032  c_p.l(libinit2.o)
    0x08000206   0x08000206   0x00000000   Code   RO          159    .ARM.Collect$$libinit$$00000034  c_p.l(libinit2.o)
    0x08000206   0x08000206   0x00000002   Code   RO          160    .ARM.Collect$$libinit$$00000035  c_p.l(libinit2.o)
    0x08000208   0x08000208   0x00000002   Code   RO          195    .ARM.Collect$$libshutdown$$00000000  c_p.l(libshutdown.o)
    0x0800020a   0x0800020a   0x00000000   Code   RO          223    .ARM.Collect$$libshutdown$$00000002  c_p.l(libshutdown2.o)
    0x0800020a   0x0800020a   0x00000000   Code   RO          225    .ARM.Collect$$libshutdown$$00000004  c_p.l(libshutdown2.o)
    0x0800020a   0x0800020a   0x00000000   Code   RO          228    .ARM.Collect$$libshutdown$$00000007  c_p.l(libshutdown2.o)
    0x0800020a   0x0800020a   0x00000000   Code   RO          231    .ARM.Collect$$libshutdown$$0000000A  c_p.l(libshutdown2.o)
    0x0800020a   0x0800020a   0x00000000   Code   RO          233    .ARM.Collect$$libshutdown$$0000000C  c_p.l(libshutdown2.o)
    0x0800020a   0x0800020a   0x00000000   Code   RO          236    .ARM.Collect$$libshutdown$$0000000F  c_p.l(libshutdown2.o)
    0x0800020a   0x0800020a   0x00000002   Code   RO          237    .ARM.Collect$$libshutdown$$00000010  c_p.l(libshutdown2.o)
    0x0800020c   0x0800020c   0x00000000   Code   RO           72    .ARM.Collect$$rtentry$$00000000  c_p.l(__rtentry.o)
    0x0800020c   0x0800020c   0x00000000   Code   RO           78    .ARM.Collect$$rtentry$$00000002  c_p.l(__rtentry2.o)
    0x0800020c   0x0800020c   0x00000006   Code   RO           90    .ARM.Collect$$rtentry$$00000004  c_p.l(__rtentry4.o)
    0x08000212   0x08000212   0x00000000   Code   RO           80    .ARM.Collect$$rtentry$$00000009  c_p.l(__rtentry2.o)
    0x08000212   0x08000212   0x00000004   Code   RO           81    .ARM.Collect$$rtentry$$0000000A  c_p.l(__rtentry2.o)
    0x08000216   0x08000216   0x00000000   Code   RO           83    .ARM.Collect$$rtentry$$0000000C  c_p.l(__rtentry2.o)
    0x08000216   0x08000216   0x00000008   Code   RO           84    .ARM.Collect$$rtentry$$0000000D  c_p.l(__rtentry2.o)
    0x0800021e   0x0800021e   0x00000002   Code   RO          106    .ARM.Collect$$rtexit$$00000000  c_p.l(rtexit.o)
    0x08000220   0x08000220   0x00000000   Code   RO          166    .ARM.Collect$$rtexit$$00000002  c_p.l(rtexit2.o)
    0x08000220   0x08000220   0x00000004   Code   RO          167    .ARM.Collect$$rtexit$$00000003  c_p.l(rtexit2.o)
    0x08000224   0x08000224   0x00000006   Code   RO          168    .ARM.Collect$$rtexit$$00000004  c_p.l(rtexit2.o)
    0x0800022a   0x0800022a   0x00000002   PAD
    0x0800022c   0x0800022c   0x0000003c   Code   RO            1    .text               test.o
    0x08000268   0x08000268   0x00000146   Code   RO            9    .text               hal_spi.o
    0x080003ae   0x080003ae   0x00000002   PAD
    0x080003b0   0x080003b0   0x00000028   Code   RO           16    .text               datainit_ctboard.o
    0x080003d8   0x080003d8   0x00000024   Code   RO           25  * .text               startup_ctboard.o
    0x080003fc   0x080003fc   0x000002b2   Code   RO           29    .text               system_ctboard.o
    0x080006ae   0x080006ae   0x00000002   PAD
    0x080006b0   0x080006b0   0x000002e4   Code   RO           36    .text               hal_fmc.o
    0x08000994   0x08000994   0x000009a8   Code   RO           43    .text               hal_gpio.o
    0x0800133c   0x0800133c   0x00000170   Code   RO           50    .text               hal_pwr.o
    0x080014ac   0x080014ac   0x000005d8   Code   RO           57    .text               hal_rcc.o
    0x08001a84   0x08001a84   0x0000016c   Code   RO           66    .text               c_p.l(aeabi_sdiv.o)
    0x08001bf0   0x08001bf0   0x00000010   Code   RO           94    .text               c_p.l(exit.o)
    0x08001c00   0x08001c00   0x0000000c   Code   RO          161    .text               c_p.l(sys_exit.o)
    0x08001c0c   0x08001c0c   0x00000002   Code   RO          184    .text               c_p.l(use_no_semi.o)
    0x08001c0e   0x08001c0e   0x00000000   Code   RO          186    .text               c_p.l(indicate_semi.o)
    0x08001c0e   0x08001c0e   0x00000002   PAD
    0x08001c10   0x08001c10   0x00000010   Data   RO          239    Region$$Table       anon$$obj.o


    Execution Region RW_IRAM1 (Exec base: 0x20000000, Load base: 0x08001c20, Size: 0x00002000, Max: 0x00030000, ABSOLUTE)

    Exec Addr    Load Addr    Size         Type   Attr      Idx    E Section Name        Object

    0x20000000        -       0x00002000   Zero   RW           22    STACK               startup_ctboard.o


==============================================================================

Image component sizes


      Code (inc. data)   RO Data    RW Data    ZI Data      Debug   Object Name

        40         16          0          0          0        464   datainit_ctboard.o
       740        100          0          0          0       3194   hal_fmc.o
      2472        124          0          0          0       8388   hal_gpio.o
       368         24          0          0          0       1906   hal_pwr.o
      1496        280          0          0          0       4780   hal_rcc.o
       326         60          0          0          0       2426   hal_spi.o
        36          8        428          0       8192        808   startup_ctboard.o
       690         64          0          0          0       6735   system_ctboard.o
        60         12          0          0          0       1264   test.o

    ----------------------------------------------------------------------
      6232        688        444          0       8192      29965   Object Totals
         0          0         16          0          0          0   (incl. Generated)
         4          0          0          0          0          0   (incl. Padding)

    ----------------------------------------------------------------------

      Code (inc. data)   RO Data    RW Data    ZI Data      Debug   Library Member Name

         0          0          0          0          0          0   __rtentry.o
        12          0          0          0          0          0   __rtentry2.o
         6          0          0          0          0          0   __rtentry4.o
        60          8          0          0          0         68   __scatter.o
        28          0          0          0          0          0   __scatter_zi.o
       364          4          0          0          0         92   aeabi_sdiv.o
        16          0          0          0          0         68   exit.o
         0          0          0          0          0          0   indicate_semi.o
         2          0          0          0          0          0   libinit.o
         2          0          0          0          0          0   libinit2.o
         2          0          0          0          0          0   libshutdown.o
         2          0          0          0          0          0   libshutdown2.o
         2          0          0          0          0          0   rtexit.o
        10          0          0          0          0          0   rtexit2.o
        12          4          0          0          0         60   sys_exit.o
         2          0          0          0          0         68   use_no_semi.o

    ----------------------------------------------------------------------
       524         16          0          0          0        356   Library Totals
         4          0          0          0          0          0   (incl. Padding)

    ----------------------------------------------------------------------

      Code (inc. data)   RO Data    RW Data    ZI Data      Debug   Library Name

       520         16          0          0          0        356   c_p.l

    ----------------------------------------------------------------------
       524         16          0          0          0        356   Library Totals

    ----------------------------------------------------------------------

==============================================================================


      Code (inc. data)   RO Data    RW Data    ZI Data      Debug   

      6756        704        444          0       8192      30017   Grand Totals
      6756        704        444          0       8192      30017   ELF Image Totals
      6756        704        444          0          0          0   ROM Totals

==============================================================================

    Total RO  Size (Code + RO Data)                 7200 (   7.03kB)
    Total RW  Size (RW Data + ZI Data)              8192 (   8.00kB)
    Total ROM Size (Code + RO Data + RW Data)       7200 (   7.03kB)

==============================================================================

