<html>
<body>
<pre>
<h1>µVision Build Log</h1>
<h2>Tool Versions:</h2>
IDE-Version: µVision V5.37.0.0
Copyright (C) 2022 ARM Ltd and ARM Germany GmbH. All rights reserved.
License Information: test test, test, LIC=----
 
Tool Versions:
Toolchain:       MDK-Lite  Version: 5.37.0.0
Toolchain Path:  C:\Keil_v5\ARM\ARMCLANG\Bin
C Compiler:      ArmClang.exe V6.18
Assembler:       Armasm.exe V6.18
Linker/Locator:  ArmLink.exe V6.18
Library Manager: ArmAr.exe V6.18
Hex Converter:   FromElf.exe V6.18
CPU DLL:         SARMCM3.DLL V5.37.0.0
Dialog DLL:      DARMCM1.DLL V1.19.6.0
Target DLL:      STLink\ST-LINKIII-KEIL_SWO.dll V3.0.9.0
Dialog DLL:      TARMCM1.DLL V1.14.6.0
 
<h2>Project:</h2>
C:\Users\fuser\Downloads\lab_gpio\lab_gpio\project\gpio.uvprojx
Project File Date:  03/15/2023

<h2>Output:</h2>
*** Using Compiler 'V6.18', folder: 'C:\Keil_v5\ARM\ARMCLANG\Bin'
Build target 'Target 1'
compiling main.c...
app/main.c(70): warning: implicit conversion changes signedness: 'int' to 'unsigned int' [-Wsign-conversion]
                GPIOA->MODER &= ~(0x03 << 0);  // clear PA0 direction mode
                             ~~ ^~~~~~~~~~~~
app/main.c(73): warning: implicit conversion changes signedness: 'int' to 'unsigned int' [-Wsign-conversion]
                GPIOA->MODER &= ~(0x03 << 2);  // clear PA1 direction mode
                             ~~ ^~~~~~~~~~~~
app/main.c(76): warning: implicit conversion changes signedness: 'int' to 'unsigned int' [-Wsign-conversion]
                GPIOA->MODER &= ~(0x03 << 4);  // clear PA2 direction mode
                             ~~ ^~~~~~~~~~~~
app/main.c(79): warning: implicit conversion changes signedness: 'int' to 'unsigned int' [-Wsign-conversion]
                GPIOA->PUPDR &= ~(0x03 << 0);  // clear PA0 pull-up/pull-down
                             ~~ ^~~~~~~~~~~~
app/main.c(82): warning: implicit conversion changes signedness: 'int' to 'unsigned int' [-Wsign-conversion]
                GPIOA->PUPDR &= ~(0x03 << 2);  // clear PA1 pull-up/pull-down
                             ~~ ^~~~~~~~~~~~
app/main.c(85): warning: implicit conversion changes signedness: 'int' to 'unsigned int' [-Wsign-conversion]
                GPIOA->PUPDR &= ~(0x03 << 4);  // clear PA2 pull-up/pull-down
                             ~~ ^~~~~~~~~~~~
app/main.c(89): warning: implicit conversion changes signedness: 'int' to 'unsigned int' [-Wsign-conversion]
                GPIOB->MODER &= ~(0x03 << 0);  // clear PB0 direction mode
                             ~~ ^~~~~~~~~~~~
app/main.c(92): warning: implicit conversion changes signedness: 'int' to 'unsigned int' [-Wsign-conversion]
                GPIOB->MODER &= ~(0x03 << 2);  // clear PB1 direction mode
                             ~~ ^~~~~~~~~~~~
app/main.c(95): warning: implicit conversion changes signedness: 'int' to 'unsigned int' [-Wsign-conversion]
                GPIOB->MODER &= ~(0x03 << 4);  // clear PB2 direction mode
                             ~~ ^~~~~~~~~~~~
app/main.c(98): warning: implicit conversion changes signedness: 'int' to 'unsigned int' [-Wsign-conversion]
                GPIOB->OTYPER &= ~(0x01 << 0);  // clear PB0 type
                              ~~ ^~~~~~~~~~~~
app/main.c(101): warning: implicit conversion changes signedness: 'int' to 'unsigned int' [-Wsign-conversion]
                GPIOB->OTYPER &= ~(0x01 << 1);  // clear PB1 type
                              ~~ ^~~~~~~~~~~~
app/main.c(104): warning: implicit conversion changes signedness: 'int' to 'unsigned int' [-Wsign-conversion]
                GPIOB->OTYPER &= ~(0x01 << 2);  // clear PB2 type
                              ~~ ^~~~~~~~~~~~
app/main.c(107): warning: implicit conversion changes signedness: 'int' to 'unsigned int' [-Wsign-conversion]
                GPIOB->PUPDR &= ~(0x03 << 0);  // clear PB0 pull-up/pull-down
                             ~~ ^~~~~~~~~~~~
app/main.c(110): warning: implicit conversion changes signedness: 'int' to 'unsigned int' [-Wsign-conversion]
                GPIOB->PUPDR &= ~(0x03 << 2);  // clear PB1 pull-up/pull-down
                             ~~ ^~~~~~~~~~~~
app/main.c(113): warning: implicit conversion changes signedness: 'int' to 'unsigned int' [-Wsign-conversion]
                GPIOB->PUPDR &= ~(0x03 << 4);  // clear PB2 pull-up/pull-down
                             ~~ ^~~~~~~~~~~~
app/main.c(116): warning: implicit conversion changes signedness: 'int' to 'unsigned int' [-Wsign-conversion]
                GPIOB->OSPEEDR &= ~(0x03 << 0);  // clear PB0 speed
                               ~~ ^~~~~~~~~~~~
app/main.c(119): warning: implicit conversion changes signedness: 'int' to 'unsigned int' [-Wsign-conversion]
                GPIOB->OSPEEDR &= ~(0x03 << 2);  // clear PB1 speed
                               ~~ ^~~~~~~~~~~~
app/main.c(122): warning: implicit conversion changes signedness: 'int' to 'unsigned int' [-Wsign-conversion]
                GPIOB->OSPEEDR &= ~(0x03 << 4);  // clear PB2 speed
                               ~~ ^~~~~~~~~~~~
app/main.c(140): warning: mixing declarations and code is incompatible with standards before C99 [-Wdeclaration-after-statement]
                        uint8_t valueB = (CT_DIPSW->BYTE.S15_8 & MASK_3_BITS); //read bits PB2..PB0
                                ^
app/main.c(36): warning: unused variable 'data_dip_switch' [-Wunused-variable]
    uint8_t data_dip_switch;            // use to read values from dip switches
            ^
app/main.c(35): warning: unused variable 'data_gpio_in' [-Wunused-variable]
    uint16_t data_gpio_in;              // use to read input values from gpio
             ^
21 warnings generated.
linking...
Program Size: Code=6864 RO-data=444 RW-data=0 ZI-data=8192  
".\build\Lab.axf" - 0 Error(s), 21 Warning(s).

<h2>Software Packages used:</h2>

Package Vendor: InES
                https://ennis.zhaw.ch/pack/InES.CTBoard14_DFP.4.0.3.pack
                InES.CTBoard14_DFP.4.0.3
                CT Board 14 (STM32F429ZI) Device Support
   * Component: Startup Version: 4.0.3
   * Component: FMC Version: 3.0.1
   * Component: GPIO Version: 4.0.1
   * Component: PWR Version: 2.2.0
   * Component: RCC Version: 4.0.1
   * Component: TIMER Version: 4.0.1

<h2>Collection of Component include folders:</h2>
  ./RTE/_Target_1
  C:/Users/fuser/AppData/Local/Arm/Packs/InES/CTBoard14_DFP/4.0.3/Device/Include
  C:/Users/fuser/AppData/Local/Arm/Packs/InES/CTBoard14_DFP/4.0.3/Device/Include/m0
  C:/Users/fuser/AppData/Local/Arm/Packs/InES/CTBoard14_DFP/4.0.3/HAL/Include

<h2>Collection of Component Files used:</h2>

   * Component: InES::Device:Startup:4.0.3
      Include file:  Device/Include/reg_ctboard.h
      Include file:  Device/Include/m0/platform_ctboard.h
      Source file:   Device/Source/startup_ctboard.s
      Include file:  Device/Include/system_ctboard.h
      Include file:  Device/Include/reg_stm32f4xx.h
      Source file:   Device/Source/datainit_ctboard.s
      Source file:   Device/Source/system_ctboard.c

   * Component: InES::HAL:FMC:3.0.1
      Include file:  HAL/Include/hal_fmc.h
      Include file:  Device/Include/reg_stm32f4xx.h
      Include file:  HAL/Include/hal_common.h
      Source file:   HAL/Source/hal_fmc.c

   * Component: InES::HAL:GPIO:4.0.1
      Include file:  HAL/Include/hal_common.h
      Include file:  HAL/Include/hal_gpio.h
      Include file:  Device/Include/reg_stm32f4xx.h
      Source file:   HAL/Source/hal_gpio.c

   * Component: InES::HAL:PWR:2.2.0
      Source file:   HAL/Source/hal_pwr.c
      Include file:  Device/Include/reg_stm32f4xx.h
      Include file:  HAL/Include/hal_pwr.h
      Include file:  HAL/Include/hal_common.h

   * Component: InES::HAL:RCC:4.0.1
      Include file:  HAL/Include/hal_rcc.h
      Source file:   HAL/Source/hal_rcc.c
      Include file:  HAL/Include/hal_common.h
      Include file:  Device/Include/reg_stm32f4xx.h

   * Component: InES::HAL:TIMER:4.0.1
      Include file:  Device/Include/reg_stm32f4xx.h
      Include file:  HAL/Include/hal_timer.h
      Include file:  HAL/Include/hal_common.h
      Source file:   HAL/Source/hal_timer.c
Build Time Elapsed:  00:00:03
</pre>
</body>
</html>
