Component: Arm Compiler for Embedded 6.18 Tool: armlink [5e4cc100]

==============================================================================

Section Cross References

    dice_counter.o(.text) refers to dice_counter.o(.data.dice_counter) for [Anonymous Symbol]
    dice_counter.o(.ARM.exidx) refers to dice_counter.o(.text) for [Anonymous Symbol]
    main.o(.text) refers to lcd.o(.text) for hal_ct_lcd_clear
    main.o(.text) refers to dice_counter.o(.text) for dice_counter_read
    main.o(.text) refers to hal_ct_seg7.o(.text) for hal_ct_seg7_bin_write
    main.o(.text) refers to statistics.o(.text) for stat_add_throw
    main.o(.ARM.exidx) refers to main.o(.text) for [Anonymous Symbol]
    statistics.o(.text) refers to statistics.o(.bss.nr_of_throws) for [Anonymous Symbol]
    statistics.o(.ARM.exidx) refers to statistics.o(.text) for [Anonymous Symbol]
    lcd.o(.text) refers to snprintf.o(.text) for snprintf
    lcd.o(.text) refers to lcd.o(.rodata.str1.1) for [Anonymous Symbol]
    lcd.o(.ARM.exidx) refers to lcd.o(.text) for [Anonymous Symbol]
    datainit_ctboard.o(.text) refers (Weak) to startup_ctboard.o(STACK) for Stack_Mem
    datainit_ctboard.o(.text) refers to main.o(.text) for main
    startup_ctboard.o(RESET) refers to startup_ctboard.o(STACK) for __initial_sp
    startup_ctboard.o(RESET) refers to startup_ctboard.o(.text) for Reset_Handler
    startup_ctboard.o(.text) refers to system_ctboard.o(.text) for __system
    startup_ctboard.o(.text) refers to datainit_ctboard.o(.text) for __main
    system_ctboard.o(.text) refers to hal_rcc.o(.text) for hal_rcc_reset
    system_ctboard.o(.text) refers to hal_pwr.o(.text) for hal_pwr_set_overdrive
    system_ctboard.o(.text) refers to hal_gpio.o(.text) for hal_gpio_init_alternate
    system_ctboard.o(.text) refers to hal_fmc.o(.text) for hal_fmc_init_sram
    system_ctboard.o(.ARM.exidx) refers to system_ctboard.o(.text) for [Anonymous Symbol]
    hal_ct_seg7.o(.text) refers to aeabi_sdiv.o(.text) for __aeabi_uidivmod
    hal_ct_seg7.o(.text) refers to hal_ct_seg7.o(.rodata.hal_ct_seg7_get_seg7.conv_tab) for [Anonymous Symbol]
    hal_ct_seg7.o(.ARM.exidx) refers to hal_ct_seg7.o(.text) for [Anonymous Symbol]
    hal_fmc.o(.ARM.exidx) refers to hal_fmc.o(.text) for [Anonymous Symbol]
    hal_gpio.o(.text) refers to aeabi_sdiv.o(.text) for __aeabi_uidiv
    hal_gpio.o(.ARM.exidx) refers to hal_gpio.o(.text) for [Anonymous Symbol]
    hal_pwr.o(.ARM.exidx) refers to hal_pwr.o(.text) for [Anonymous Symbol]
    hal_rcc.o(.ARM.exidx) refers to hal_rcc.o(.text) for [Anonymous Symbol]
    snprintf.o(.text) refers (Special) to _printf_a.o(.ARM.Collect$$_printf_percent$$00000006) for _printf_a
    snprintf.o(.text) refers (Special) to _printf_c.o(.ARM.Collect$$_printf_percent$$00000013) for _printf_c
    snprintf.o(.text) refers (Special) to _printf_charcount.o(.text) for _printf_charcount
    snprintf.o(.text) refers (Special) to _printf_d.o(.ARM.Collect$$_printf_percent$$00000009) for _printf_d
    snprintf.o(.text) refers (Special) to _printf_e.o(.ARM.Collect$$_printf_percent$$00000004) for _printf_e
    snprintf.o(.text) refers (Special) to _printf_f.o(.ARM.Collect$$_printf_percent$$00000003) for _printf_f
    snprintf.o(.text) refers (Special) to printf1.o(x$fpl$printf1) for _printf_fp_dec
    snprintf.o(.text) refers (Special) to printf2.o(x$fpl$printf2) for _printf_fp_hex
    snprintf.o(.text) refers (Special) to _printf_g.o(.ARM.Collect$$_printf_percent$$00000005) for _printf_g
    snprintf.o(.text) refers (Special) to _printf_i.o(.ARM.Collect$$_printf_percent$$00000008) for _printf_i
    snprintf.o(.text) refers (Special) to _printf_dec.o(.text) for _printf_int_dec
    snprintf.o(.text) refers (Special) to _printf_l.o(.ARM.Collect$$_printf_percent$$00000012) for _printf_l
    snprintf.o(.text) refers (Special) to _printf_lc.o(.ARM.Collect$$_printf_percent$$00000015) for _printf_lc
    snprintf.o(.text) refers (Special) to _printf_ll.o(.ARM.Collect$$_printf_percent$$00000007) for _printf_ll
    snprintf.o(.text) refers (Special) to _printf_lld.o(.ARM.Collect$$_printf_percent$$0000000E) for _printf_lld
    snprintf.o(.text) refers (Special) to _printf_lli.o(.ARM.Collect$$_printf_percent$$0000000D) for _printf_lli
    snprintf.o(.text) refers (Special) to _printf_llo.o(.ARM.Collect$$_printf_percent$$00000010) for _printf_llo
    snprintf.o(.text) refers (Special) to _printf_llu.o(.ARM.Collect$$_printf_percent$$0000000F) for _printf_llu
    snprintf.o(.text) refers (Special) to _printf_llx.o(.ARM.Collect$$_printf_percent$$00000011) for _printf_llx
    snprintf.o(.text) refers (Special) to _printf_longlong_dec.o(.text) for _printf_longlong_dec
    snprintf.o(.text) refers (Special) to _printf_hex_int_ll_ptr.o(.text) for _printf_longlong_hex
    snprintf.o(.text) refers (Special) to _printf_oct_int_ll.o(.text) for _printf_longlong_oct
    snprintf.o(.text) refers (Special) to _printf_ls.o(.ARM.Collect$$_printf_percent$$00000016) for _printf_ls
[...]
    _printf_fp_hex.o(.text) refers (Weak) to _printf_pad.o(.text) for _printf_pre_padding
    _printf_fp_hex.o(.text) refers (Weak) to _printf_pad.o(.text) for _printf_pre_padding
    _printf_fp_hex.o(.text) refers (Weak) to _printf_pad.o(.text) for _printf_post_padding
    _printf_fp_hex.o(.text) refers to _printf_fp_hex.o(.constdata) for .constdata
    _printf_fp_hex.o(.constdata) refers (Special) to usenofp.o(x$fpl$usenofp) for __I$use$fp
    _printf_char.o(.text) refers (Weak) to _printf_str.o(.text) for _printf_str
    _printf_wchar.o(.text) refers (Weak) to _printf_wctomb.o(.text) for _printf_wctomb
    _c32rtomb.o(.text) refers to rt_ctype_table.o(.text) for __rt_ctype_table
    rt_ctype_table.o(.text) refers to rt_locale.o(.text) for __rt_locale
    rt_ctype_table.o(.text) refers to lc_ctype_c.o(locale$$code) for _get_lc_ctype
    rt_locale.o(.text) refers to rt_locale.o(.bss) for __rt_locale_data
    rt_locale_intlibspace.o(.text) refers to libspace.o(.bss) for __libspace_start
    _printf_fp_infnan.o(.text) refers (Weak) to _printf_pad.o(.text) for _printf_pre_padding
    _printf_fp_infnan.o(.text) refers (Weak) to _printf_pad.o(.text) for _printf_post_padding
    bigflt0.o(.text) refers (Special) to usenofp.o(x$fpl$usenofp) for __I$use$fp
    bigflt0.o(.text) refers to aeabi_sdiv.o(.text) for __aeabi_idivmod
    bigflt0.o(.text) refers to btod.o(.text) for _btod_emul
    bigflt0.o(.text) refers to bigflt0.o(.constdata) for .constdata
    bigflt0.o(.constdata) refers (Special) to usenofp.o(x$fpl$usenofp) for __I$use$fp
    btod.o(.text) refers to btod.o(i.__ARM_common_ll_muluu) for __ARM_common_ll_muluu
    btod_accurate.o(.text) refers to btod_accurate_common.o(.text) for _btod_common
    lc_numeric_c.o(locale$$data) refers (Special) to libinit2.o(.ARM.Collect$$libinit$$00000019) for __rt_lib_init_lc_numeric_2
    lc_numeric_c.o(locale$$code) refers (Special) to libinit2.o(.ARM.Collect$$libinit$$00000019) for __rt_lib_init_lc_numeric_2
    lc_numeric_c.o(locale$$code) refers to strcmp.o(.text) for strcmp
    lc_numeric_c.o(locale$$code) refers to lc_numeric_c.o(locale$$data) for __lcnum_c_name
    defsig_fpe_outer.o(.text) refers to defsig_fpe_inner.o(.text) for __rt_SIGFPE_inner
    defsig_fpe_outer.o(.text) refers to defsig_exit.o(.text) for __sig_exit
    defsig_fpe_formal.o(.text) refers to rt_raise.o(.text) for __rt_raise
    ieee_status.o(.text) refers (Special) to usenofp.o(x$fpl$usenofp) for __I$use$fp
    fpclassify.o(i.__ARM_fpclassify) refers (Special) to usenofp.o(x$fpl$usenofp) for __I$use$fp
    libspace.o(.text) refers to libspace.o(.bss) for __libspace_start
    rt_raise.o(.text) refers to __raise.o(.text) for __raise
    rt_raise.o(.text) refers to sys_exit.o(.text) for _sys_exit
    btod_accurate_common.o(.text) refers to aeabi_sdiv.o(.text) for __aeabi_uidivmod
    btod_accurate_common.o(.text) refers to llushr.o(.text) for __aeabi_llsr
    lc_ctype_c.o(locale$$data) refers (Special) to libinit2.o(.ARM.Collect$$libinit$$00000015) for __rt_lib_init_lc_ctype_2
    lc_ctype_c.o(locale$$code) refers (Special) to libinit2.o(.ARM.Collect$$libinit$$00000015) for __rt_lib_init_lc_ctype_2
    lc_ctype_c.o(locale$$code) refers to strcmp.o(.text) for strcmp
    lc_ctype_c.o(locale$$code) refers to lc_ctype_c.o(locale$$data) for __lcctype_c_name
    defsig_exit.o(.text) refers to sys_exit.o(.text) for _sys_exit
    defsig_fpe_inner.o(.text) refers to defsig_general.o(.text) for __default_signal_display
    libinit2.o(.ARM.Collect$$libinit$$00000011) refers (Weak) to rt_locale.o(.text) for __rt_locale
    libinit2.o(.ARM.Collect$$libinit$$00000012) refers to libinit2.o(.ARM.Collect$$libinit$$00000011) for .ARM.Collect$$libinit$$00000011
    libinit2.o(.ARM.Collect$$libinit$$00000014) refers to libinit2.o(.ARM.Collect$$libinit$$00000011) for .ARM.Collect$$libinit$$00000011
    libinit2.o(.ARM.Collect$$libinit$$00000014) refers (Weak) to lc_ctype_c.o(locale$$code) for _get_lc_ctype
    libinit2.o(.ARM.Collect$$libinit$$00000016) refers to libinit2.o(.ARM.Collect$$libinit$$00000011) for .ARM.Collect$$libinit$$00000011
    libinit2.o(.ARM.Collect$$libinit$$00000018) refers to libinit2.o(.ARM.Collect$$libinit$$00000011) for .ARM.Collect$$libinit$$00000011
    libinit2.o(.ARM.Collect$$libinit$$00000018) refers (Weak) to lc_numeric_c.o(locale$$code) for _get_lc_numeric
    libinit2.o(.ARM.Collect$$libinit$$0000001A) refers to libinit2.o(.ARM.Collect$$libinit$$00000011) for .ARM.Collect$$libinit$$00000011
    libinit2.o(.ARM.Collect$$libinit$$00000028) refers to argv_veneer.o(.text) for __ARM_argv_veneer
    libinit2.o(.ARM.Collect$$libinit$$00000029) refers to argv_veneer.o(.text) for __ARM_argv_veneer
    sys_exit.o(.text) refers (Special) to use_no_semi.o(.text) for __I$use$semihosting
    sys_exit.o(.text) refers (Special) to indicate_semi.o(.text) for __semihosting_library_function
    sys_exit_hlt.o(.text) refers (Special) to use_no_semi.o(.text) for __I$use$semihosting
    sys_exit_hlt.o(.text) refers (Special) to indicate_semi.o(.text) for __semihosting_library_function
    __raise.o(.text) refers to defsig.o(CL$$defsig) for __default_signal_handler
    defsig_general.o(.text) refers to sys_wrch.o(.text) for _ttywrch
    sys_wrch.o(.text) refers (Special) to use_no_semi.o(.text) for __I$use$semihosting
    sys_wrch.o(.text) refers (Special) to indicate_semi.o(.text) for __semihosting_library_function
    sys_wrch_hlt.o(.text) refers (Special) to use_no_semi.o(.text) for __I$use$semihosting
    sys_wrch_hlt.o(.text) refers (Special) to indicate_semi.o(.text) for __semihosting_library_function
    defsig.o(CL$$defsig) refers to defsig_fpe_inner.o(.text) for __rt_SIGFPE_inner
    defsig.o(CL$$defsig) refers to defsig_rtmem_inner.o(.text) for __rt_SIGRTMEM_inner
    _get_argv_nomalloc.o(.text) refers (Special) to hrguard.o(.text) for __heap_region$guard
    _get_argv_nomalloc.o(.text) refers to defsig_rtmem_outer.o(.text) for __rt_SIGRTMEM
    _get_argv_nomalloc.o(.text) refers to sys_command.o(.text) for _sys_command_string
    sys_command.o(.text) refers (Special) to use_no_semi.o(.text) for __I$use$semihosting
    sys_command.o(.text) refers (Special) to indicate_semi.o(.text) for __semihosting_library_function
    sys_command_hlt.o(.text) refers (Special) to use_no_semi.o(.text) for __I$use$semihosting
    sys_command_hlt.o(.text) refers (Special) to indicate_semi.o(.text) for __semihosting_library_function
    defsig_abrt_inner.o(.text) refers to defsig_general.o(.text) for __default_signal_display
    defsig_rtred_inner.o(.text) refers to defsig_general.o(.text) for __default_signal_display
    defsig_rtmem_inner.o(.text) refers to defsig_general.o(.text) for __default_signal_display
    defsig_rtmem_outer.o(.text) refers to defsig_rtmem_inner.o(.text) for __rt_SIGRTMEM_inner
    defsig_rtmem_outer.o(.text) refers to defsig_exit.o(.text) for __sig_exit
    defsig_rtmem_formal.o(.text) refers to rt_raise.o(.text) for __rt_raise
    defsig_stak_inner.o(.text) refers to defsig_general.o(.text) for __default_signal_display
    defsig_pvfn_inner.o(.text) refers to defsig_general.o(.text) for __default_signal_display
    defsig_cppl_inner.o(.text) refers to defsig_general.o(.text) for __default_signal_display
    defsig_segv_inner.o(.text) refers to defsig_general.o(.text) for __default_signal_display
    defsig_other.o(.text) refers to defsig_general.o(.text) for __default_signal_display


==============================================================================

Removing Unused input sections from the image.

    Removing dice_counter.o(.ARM.exidx), (16 bytes).
    Removing main.o(.ARM.exidx), (8 bytes).
    Removing main.o(.ARM.use_no_argv), (4 bytes).
    Removing statistics.o(.ARM.exidx), (16 bytes).
    Removing lcd.o(.ARM.exidx), (24 bytes).
    Removing startup_ctboard.o(HEAP), (2048 bytes).
    Removing system_ctboard.o(.ARM.exidx), (72 bytes).
    Removing hal_ct_seg7.o(.ARM.exidx), (64 bytes).
    Removing hal_fmc.o(.ARM.exidx), (16 bytes).
    Removing hal_gpio.o(.ARM.exidx), (136 bytes).
    Removing hal_pwr.o(.ARM.exidx), (56 bytes).
    Removing hal_rcc.o(.ARM.exidx), (40 bytes).

12 unused section(s) (total 2500 bytes) removed from the image.

==============================================================================

Image Symbol Table

    Local Symbols

    Symbol Name                              Value     Ov Type        Size  Object(Section)

    ../clib/angel/rt.s                       0x00000000   Number         0  aeabi_idiv0.o ABSOLUTE
    ../clib/angel/rt.s                       0x00000000   Number         0  aeabi_idiv0_sigfpe.o ABSOLUTE
    ../clib/angel/rt.s                       0x00000000   Number         0  rt_div0.o ABSOLUTE
    ../clib/angel/rt.s                       0x00000000   Number         0  rt_ctype_table.o ABSOLUTE
    ../clib/angel/rt.s                       0x00000000   Number         0  rt_locale.o ABSOLUTE
    ../clib/angel/rt.s                       0x00000000   Number         0  rt_locale_intlibspace.o ABSOLUTE
    ../clib/angel/rt.s                       0x00000000   Number         0  rt_raise.o ABSOLUTE
    ../clib/angel/sys.s                      0x00000000   Number         0  libspace.o ABSOLUTE
    ../clib/angel/sys.s                      0x00000000   Number         0  use_no_semi.o ABSOLUTE
    ../clib/angel/sys.s                      0x00000000   Number         0  indicate_semi.o ABSOLUTE
    ../clib/angel/sysapp.c                   0x00000000   Number         0  sys_exit.o ABSOLUTE
    ../clib/angel/sysapp.c                   0x00000000   Number         0  sys_exit_hlt.o ABSOLUTE
    ../clib/angel/sysapp.c                   0x00000000   Number         0  sys_wrch.o ABSOLUTE
    ../clib/angel/sysapp.c                   0x00000000   Number         0  sys_wrch_hlt.o ABSOLUTE
    ../clib/angel/sysapp.c                   0x00000000   Number         0  sys_command.o ABSOLUTE
    ../clib/angel/sysapp.c                   0x00000000   Number         0  sys_command_hlt.o ABSOLUTE
    ../clib/armsys.c                         0x00000000   Number         0  argv_veneer.o ABSOLUTE
    ../clib/armsys.c                         0x00000000   Number         0  _get_argv_nomalloc.o ABSOLUTE
    ../clib/armsys.c                         0x00000000   Number         0  no_argv.o ABSOLUTE
    ../clib/bigflt.c                         0x00000000   Number         0  bigflt0.o ABSOLUTE
    ../clib/btod.c                           0x00000000   Number         0  btod.o ABSOLUTE
    ../clib/btod_accurate.c                  0x00000000   Number         0  btod_accurate.o ABSOLUTE
    ../clib/btod_accurate.c                  0x00000000   Number         0  btod_accurate_common.o ABSOLUTE
    ../clib/division.c                       0x00000000   Number         0  lludiv10.o ABSOLUTE
    ../clib/division.c                       0x00000000   Number         0  rtudiv10.o ABSOLUTE
    ../clib/division.s                       0x00000000   Number         0  aeabi_sdiv.o ABSOLUTE
    ../clib/division.s                       0x00000000   Number         0  aeabi_sdiv_div0.o ABSOLUTE
    ../clib/heapalloc.c                      0x00000000   Number         0  hrguard.o ABSOLUTE
    ../clib/libinit.s                        0x00000000   Number         0  libinit2.o ABSOLUTE
    ../clib/locale.c                         0x00000000   Number         0  _c32rtomb.o ABSOLUTE
    ../clib/locale.s                         0x00000000   Number         0  lc_numeric_c.o ABSOLUTE
    ../clib/locale.s                         0x00000000   Number         0  lc_ctype_c.o ABSOLUTE
    ../clib/longlong.c                       0x00000000   Number         0  llushr.o ABSOLUTE
    ../clib/misc.s                           0x00000000   Number         0  printf_stubs.o ABSOLUTE
    ../clib/printf.c                         0x00000000   Number         0  snprintf.o ABSOLUTE
    ../clib/printf.c                         0x00000000   Number         0  __printf.o ABSOLUTE
    ../clib/printf.c                         0x00000000   Number         0  _printf_pad.o ABSOLUTE
    ../clib/printf.c                         0x00000000   Number         0  _printf_truncate.o ABSOLUTE
    ../clib/printf.c                         0x00000000   Number         0  _printf_str.o ABSOLUTE
    ../clib/printf.c                         0x00000000   Number         0  _printf_dec.o ABSOLUTE
    ../clib/printf.c                         0x00000000   Number         0  _printf_charcount.o ABSOLUTE
    ../clib/printf.c                         0x00000000   Number         0  _printf_char_common.o ABSOLUTE
    ../clib/printf.c                         0x00000000   Number         0  _snputc.o ABSOLUTE
    ../clib/printf.c                         0x00000000   Number         0  _printf_wctomb.o ABSOLUTE
    ../clib/printf.c                         0x00000000   Number         0  _printf_longlong_dec.o ABSOLUTE
    ../clib/printf.c                         0x00000000   Number         0  _printf_oct_ll.o ABSOLUTE
    ../clib/printf.c                         0x00000000   Number         0  _printf_oct_int.o ABSOLUTE
    ../clib/printf.c                         0x00000000   Number         0  _printf_oct_int_ll.o ABSOLUTE
    ../clib/printf.c                         0x00000000   Number         0  _printf_hex_ll.o ABSOLUTE
    ../clib/printf.c                         0x00000000   Number         0  _printf_hex_int.o ABSOLUTE
    ../clib/printf.c                         0x00000000   Number         0  _printf_hex_int_ll.o ABSOLUTE
    ../clib/printf.c                         0x00000000   Number         0  _printf_hex_ptr.o ABSOLUTE
    ../clib/printf.c                         0x00000000   Number         0  _printf_hex_int_ptr.o ABSOLUTE
    ../clib/printf.c                         0x00000000   Number         0  _printf_hex_ll_ptr.o ABSOLUTE
    ../clib/printf.c                         0x00000000   Number         0  _printf_hex_int_ll_ptr.o ABSOLUTE
    ../clib/printf.c                         0x00000000   Number         0  __printf_flags.o ABSOLUTE
    ../clib/printf.c                         0x00000000   Number         0  __printf_ss.o ABSOLUTE
    ../clib/printf.c                         0x00000000   Number         0  __printf_flags_ss.o ABSOLUTE
    ../clib/printf.c                         0x00000000   Number         0  __printf_wp.o ABSOLUTE
    ../clib/printf.c                         0x00000000   Number         0  __printf_flags_wp.o ABSOLUTE
    ../clib/printf.c                         0x00000000   Number         0  __printf_ss_wp.o ABSOLUTE
    ../clib/printf.c                         0x00000000   Number         0  __printf_flags_ss_wp.o ABSOLUTE
    ../clib/printf.c                         0x00000000   Number         0  _printf_intcommon.o ABSOLUTE
    ../clib/printf.c                         0x00000000   Number         0  _printf_fp_dec.o ABSOLUTE
    ../clib/printf.c                         0x00000000   Number         0  _printf_fp_dec_accurate.o ABSOLUTE
    ../clib/printf.c                         0x00000000   Number         0  _printf_fp_hex.o ABSOLUTE
    ../clib/printf.c                         0x00000000   Number         0  __printf_nopercent.o ABSOLUTE
    ../clib/printf.c                         0x00000000   Number         0  _printf_char.o ABSOLUTE
    ../clib/printf.c                         0x00000000   Number         0  _printf_wchar.o ABSOLUTE
    ../clib/printf.c                         0x00000000   Number         0  _printf_fp_infnan.o ABSOLUTE
    ../clib/printf_percent.s                 0x00000000   Number         0  _printf_c.o ABSOLUTE
    ../clib/printf_percent.s                 0x00000000   Number         0  _printf_s.o ABSOLUTE
    ../clib/printf_percent.s                 0x00000000   Number         0  _printf_n.o ABSOLUTE
    ../clib/printf_percent.s                 0x00000000   Number         0  _printf_x.o ABSOLUTE
    ../clib/printf_percent.s                 0x00000000   Number         0  _printf_p.o ABSOLUTE
    ../clib/printf_percent.s                 0x00000000   Number         0  _printf_o.o ABSOLUTE
    ../clib/printf_percent.s                 0x00000000   Number         0  _printf_i.o ABSOLUTE
    ../clib/printf_percent.s                 0x00000000   Number         0  _printf_d.o ABSOLUTE
    ../clib/printf_percent.s                 0x00000000   Number         0  _printf_u.o ABSOLUTE
    ../clib/printf_percent.s                 0x00000000   Number         0  _printf_f.o ABSOLUTE
    ../clib/printf_percent.s                 0x00000000   Number         0  _printf_e.o ABSOLUTE
    ../clib/printf_percent.s                 0x00000000   Number         0  _printf_g.o ABSOLUTE
    ../clib/printf_percent.s                 0x00000000   Number         0  _printf_a.o ABSOLUTE
    ../clib/printf_percent.s                 0x00000000   Number         0  _printf_percent.o ABSOLUTE
    ../clib/printf_percent.s                 0x00000000   Number         0  _printf_lli.o ABSOLUTE
    ../clib/printf_percent.s                 0x00000000   Number         0  _printf_lld.o ABSOLUTE
    ../clib/printf_percent.s                 0x00000000   Number         0  _printf_llu.o ABSOLUTE
    ../clib/printf_percent.s                 0x00000000   Number         0  _printf_ll.o ABSOLUTE
    ../clib/printf_percent.s                 0x00000000   Number         0  _printf_l.o ABSOLUTE
    ../clib/printf_percent.s                 0x00000000   Number         0  _printf_lc.o ABSOLUTE
    ../clib/printf_percent.s                 0x00000000   Number         0  _printf_ls.o ABSOLUTE
    ../clib/printf_percent.s                 0x00000000   Number         0  _printf_llo.o ABSOLUTE
    ../clib/printf_percent.s                 0x00000000   Number         0  _printf_llx.o ABSOLUTE
    ../clib/printf_percent.s                 0x00000000   Number         0  _printf_percent_end.o ABSOLUTE
    ../clib/signal.c                         0x00000000   Number         0  defsig_fpe_outer.o ABSOLUTE
    ../clib/signal.c                         0x00000000   Number         0  defsig_fpe_formal.o ABSOLUTE
    ../clib/signal.c                         0x00000000   Number         0  defsig_exit.o ABSOLUTE
    ../clib/signal.c                         0x00000000   Number         0  defsig_fpe_inner.o ABSOLUTE
    ../clib/signal.c                         0x00000000   Number         0  __raise.o ABSOLUTE
    ../clib/signal.c                         0x00000000   Number         0  defsig_general.o ABSOLUTE
    ../clib/signal.c                         0x00000000   Number         0  defsig_abrt_inner.o ABSOLUTE
    ../clib/signal.c                         0x00000000   Number         0  defsig_rtred_inner.o ABSOLUTE
    ../clib/signal.c                         0x00000000   Number         0  defsig_rtmem_inner.o ABSOLUTE
    ../clib/signal.c                         0x00000000   Number         0  defsig_rtmem_outer.o ABSOLUTE
    ../clib/signal.c                         0x00000000   Number         0  defsig_rtmem_formal.o ABSOLUTE
    ../clib/signal.c                         0x00000000   Number         0  defsig_stak_inner.o ABSOLUTE
    ../clib/signal.c                         0x00000000   Number         0  defsig_pvfn_inner.o ABSOLUTE
    ../clib/signal.c                         0x00000000   Number         0  defsig_cppl_inner.o ABSOLUTE
    ../clib/signal.c                         0x00000000   Number         0  defsig_segv_inner.o ABSOLUTE
    ../clib/signal.c                         0x00000000   Number         0  defsig_other.o ABSOLUTE
    ../clib/signal.s                         0x00000000   Number         0  defsig.o ABSOLUTE
    ../clib/string.c                         0x00000000   Number         0  strcmp.o ABSOLUTE
    ../fplib/cfplib/fpinit.c                 0x00000000   Number         0  fpinit.o ABSOLUTE
    ../fplib/cfplib/ieee_status.c            0x00000000   Number         0  ieee_status.o ABSOLUTE
    ../fplib/printf1.s                       0x00000000   Number         0  printf1.o ABSOLUTE
    ../fplib/printf2.s                       0x00000000   Number         0  printf2.o ABSOLUTE
    ../fplib/printf2a.s                      0x00000000   Number         0  printf2a.o ABSOLUTE
    ../fplib/printf2b.s                      0x00000000   Number         0  printf2b.o ABSOLUTE
    ../fplib/usenofp.s                       0x00000000   Number         0  usenofp.o ABSOLUTE
    ../mathlib/fpclassify.c                  0x00000000   Number         0  fpclassify.o ABSOLUTE
    RTE/Device/CT_Board_HS14_M0/datainit_ctboard.s 0x00000000   Number         0  datainit_ctboard.o ABSOLUTE
    RTE/Device/CT_Board_HS14_M0/startup_ctboard.s 0x00000000   Number         0  startup_ctboard.o ABSOLUTE
    dc.s                                     0x00000000   Number         0  dc.o ABSOLUTE
    dice_counter.c                           0x00000000   Number         0  dice_counter.o ABSOLUTE
    hal_ct_seg7.c                            0x00000000   Number         0  hal_ct_seg7.o ABSOLUTE
    hal_fmc.c                                0x00000000   Number         0  hal_fmc.o ABSOLUTE
    hal_gpio.c                               0x00000000   Number         0  hal_gpio.o ABSOLUTE
    hal_pwr.c                                0x00000000   Number         0  hal_pwr.o ABSOLUTE
    hal_rcc.c                                0x00000000   Number         0  hal_rcc.o ABSOLUTE
    lcd.c                                    0x00000000   Number         0  lcd.o ABSOLUTE
    main.c                                   0x00000000   Number         0  main.o ABSOLUTE
    statistics.c                             0x00000000   Number         0  statistics.o ABSOLUTE
    system_ctboard.c                         0x00000000   Number         0  system_ctboard.o ABSOLUTE
    RESET                                    0x08000000   Section      428  startup_ctboard.o(RESET)
    .ARM.Collect$$_printf_percent$$00000000  0x080001ac   Section        2  _printf_percent.o(.ARM.Collect$$_printf_percent$$00000000)
    .ARM.Collect$$_printf_percent$$00000001  0x080001ae   Section       10  _printf_n.o(.ARM.Collect$$_printf_percent$$00000001)
    .ARM.Collect$$_printf_percent$$00000002  0x080001b8   Section       10  _printf_p.o(.ARM.Collect$$_printf_percent$$00000002)
    .ARM.Collect$$_printf_percent$$00000003  0x080001c2   Section       10  _printf_f.o(.ARM.Collect$$_printf_percent$$00000003)
    .ARM.Collect$$_printf_percent$$00000004  0x080001cc   Section       10  _printf_e.o(.ARM.Collect$$_printf_percent$$00000004)
    .ARM.Collect$$_printf_percent$$00000005  0x080001d6   Section       10  _printf_g.o(.ARM.Collect$$_printf_percent$$00000005)
    .ARM.Collect$$_printf_percent$$00000006  0x080001e0   Section       10  _printf_a.o(.ARM.Collect$$_printf_percent$$00000006)
    .ARM.Collect$$_printf_percent$$00000007  0x080001ea   Section       10  _printf_ll.o(.ARM.Collect$$_printf_percent$$00000007)
    .ARM.Collect$$_printf_percent$$00000008  0x080001f4   Section       10  _printf_i.o(.ARM.Collect$$_printf_percent$$00000008)
    .ARM.Collect$$_printf_percent$$00000009  0x080001fe   Section       10  _printf_d.o(.ARM.Collect$$_printf_percent$$00000009)
    .ARM.Collect$$_printf_percent$$0000000A  0x08000208   Section       10  _printf_u.o(.ARM.Collect$$_printf_percent$$0000000A)
    .ARM.Collect$$_printf_percent$$0000000B  0x08000212   Section       10  _printf_o.o(.ARM.Collect$$_printf_percent$$0000000B)
    .ARM.Collect$$_printf_percent$$0000000C  0x0800021c   Section       10  _printf_x.o(.ARM.Collect$$_printf_percent$$0000000C)
    .ARM.Collect$$_printf_percent$$0000000D  0x08000226   Section       10  _printf_lli.o(.ARM.Collect$$_printf_percent$$0000000D)
    .ARM.Collect$$_printf_percent$$0000000E  0x08000230   Section       10  _printf_lld.o(.ARM.Collect$$_printf_percent$$0000000E)
    .ARM.Collect$$_printf_percent$$0000000F  0x0800023a   Section       10  _printf_llu.o(.ARM.Collect$$_printf_percent$$0000000F)
    .ARM.Collect$$_printf_percent$$00000010  0x08000244   Section       10  _printf_llo.o(.ARM.Collect$$_printf_percent$$00000010)
    .ARM.Collect$$_printf_percent$$00000011  0x0800024e   Section       10  _printf_llx.o(.ARM.Collect$$_printf_percent$$00000011)
    .ARM.Collect$$_printf_percent$$00000012  0x08000258   Section       10  _printf_l.o(.ARM.Collect$$_printf_percent$$00000012)
    .ARM.Collect$$_printf_percent$$00000013  0x08000262   Section       10  _printf_c.o(.ARM.Collect$$_printf_percent$$00000013)
    .ARM.Collect$$_printf_percent$$00000014  0x0800026c   Section       10  _printf_s.o(.ARM.Collect$$_printf_percent$$00000014)
    .ARM.Collect$$_printf_percent$$00000015  0x08000276   Section       10  _printf_lc.o(.ARM.Collect$$_printf_percent$$00000015)
    .ARM.Collect$$_printf_percent$$00000016  0x08000280   Section       10  _printf_ls.o(.ARM.Collect$$_printf_percent$$00000016)
    .ARM.Collect$$_printf_percent$$00000017  0x0800028a   Section        4  _printf_percent_end.o(.ARM.Collect$$_printf_percent$$00000017)
    .ARM.Collect$$libinit$$00000015          0x0800028e   Section        0  libinit2.o(.ARM.Collect$$libinit$$00000015)
    .ARM.Collect$$libinit$$00000019          0x0800028e   Section        0  libinit2.o(.ARM.Collect$$libinit$$00000019)
    [Anonymous Symbol]                       0x08000290   Section        0  dice_counter.o(.text)
    __arm_cp.0_0                             0x08000298   Number         4  dice_counter.o(.text)
    __arm_cp.1_0                             0x080002bc   Number         4  dice_counter.o(.text)
    [Anonymous Symbol]                       0x080002c0   Section        0  main.o(.text)
    __arm_cp.0_0                             0x08000364   Number         4  main.o(.text)
    [Anonymous Symbol]                       0x08000368   Section        0  statistics.o(.text)
    __arm_cp.0_0                             0x08000390   Number         4  statistics.o(.text)
    __arm_cp.1_0                             0x080003a8   Number         4  statistics.o(.text)
    [Anonymous Symbol]                       0x080003ac   Section        0  lcd.o(.text)
    __arm_cp.0_0                             0x080003f4   Number         4  lcd.o(.text)
    __arm_cp.0_1                             0x080003f8   Number         4  lcd.o(.text)
    __arm_cp.1_0                             0x08000438   Number         4  lcd.o(.text)
    __arm_cp.1_1                             0x0800043c   Number         4  lcd.o(.text)
    __arm_cp.2_0                             0x08000478   Number         4  lcd.o(.text)
    __arm_cp.2_2                             0x0800047c   Number         4  lcd.o(.text)
    __arm_cp.2_3                             0x08000480   Number         4  lcd.o(.text)
    __arm_cp.2_4                             0x08000484   Number         4  lcd.o(.text)
    .text                                    0x08000488   Section      124  datainit_ctboard.o(.text)
    .text                                    0x08000504   Section       36  startup_ctboard.o(.text)
    [Anonymous Symbol]                       0x08000528   Section        0  system_ctboard.o(.text)
    init_SystemClock                         0x08000545   Thumb Code   168  system_ctboard.o(.text)
    __arm_cp.2_0                             0x080005ec   Number         4  system_ctboard.o(.text)
    __arm_cp.2_1                             0x080005f0   Number         4  system_ctboard.o(.text)
    __arm_cp.2_2                             0x080005f4   Number         4  system_ctboard.o(.text)
    __arm_cp.2_3                             0x080005f8   Number         4  system_ctboard.o(.text)
    __arm_cp.2_4                             0x080005fc   Number         4  system_ctboard.o(.text)
    init_FPU                                 0x08000601   Thumb Code     2  system_ctboard.o(.text)
    init_FMC_SRAM                            0x08000605   Thumb Code   340  system_ctboard.o(.text)
    __arm_cp.4_0                             0x08000758   Number         4  system_ctboard.o(.text)
    __arm_cp.4_1                             0x0800075c   Number         4  system_ctboard.o(.text)
    __arm_cp.4_2                             0x08000760   Number         4  system_ctboard.o(.text)
    __arm_cp.4_3                             0x08000764   Number         4  system_ctboard.o(.text)
    __arm_cp.4_4                             0x08000768   Number         4  system_ctboard.o(.text)
    __arm_cp.4_5                             0x0800076c   Number         4  system_ctboard.o(.text)
    __arm_cp.4_6                             0x08000770   Number         4  system_ctboard.o(.text)
    __arm_cp.4_7                             0x08000774   Number         4  system_ctboard.o(.text)
    __arm_cp.4_8                             0x08000778   Number         4  system_ctboard.o(.text)
    __arm_cp.4_9                             0x0800077c   Number         4  system_ctboard.o(.text)
    init_LCD                                 0x08000781   Thumb Code    32  system_ctboard.o(.text)
    __arm_cp.5_0                             0x080007a0   Number         4  system_ctboard.o(.text)
    [Anonymous Symbol]                       0x080007b8   Section        0  hal_ct_seg7.o(.text)
    __arm_cp.0_0                             0x08000868   Number         4  hal_ct_seg7.o(.text)
    __arm_cp.0_1                             0x0800086c   Number         4  hal_ct_seg7.o(.text)
    __arm_cp.0_2                             0x08000870   Number         4  hal_ct_seg7.o(.text)
    __arm_cp.0_3                             0x08000874   Number         4  hal_ct_seg7.o(.text)
    __arm_cp.1_0                             0x08000888   Number         4  hal_ct_seg7.o(.text)
    __arm_cp.2_0                             0x080008a4   Number         4  hal_ct_seg7.o(.text)
    __arm_cp.3_0                             0x080008b4   Number         4  hal_ct_seg7.o(.text)
    __arm_cp.4_0                             0x080008d0   Number         4  hal_ct_seg7.o(.text)
    __arm_cp.5_0                             0x080008ec   Number         4  hal_ct_seg7.o(.text)
    __arm_cp.7_0                             0x08000958   Number         4  hal_ct_seg7.o(.text)
    [Anonymous Symbol]                       0x0800095c   Section        0  hal_fmc.o(.text)
    __arm_cp.0_0                             0x080009c4   Number         4  hal_fmc.o(.text)
    __arm_cp.0_1                             0x080009c8   Number         4  hal_fmc.o(.text)
    __arm_cp.0_2                             0x080009cc   Number         4  hal_fmc.o(.text)
    __arm_cp.0_3                             0x080009d0   Number         4  hal_fmc.o(.text)
    __arm_cp.0_4                             0x080009d4   Number         4  hal_fmc.o(.text)
    __arm_cp.0_5                             0x080009d8   Number         4  hal_fmc.o(.text)
    __arm_cp.0_6                             0x080009dc   Number         4  hal_fmc.o(.text)
    __arm_cp.0_7                             0x080009e0   Number         4  hal_fmc.o(.text)
    __arm_cp.0_8                             0x080009e4   Number         4  hal_fmc.o(.text)
    __arm_cp.0_9                             0x080009e8   Number         4  hal_fmc.o(.text)
    __arm_cp.1_0                             0x08000c18   Number         4  hal_fmc.o(.text)
    __arm_cp.1_1                             0x08000c1c   Number         4  hal_fmc.o(.text)
    __arm_cp.1_2                             0x08000c20   Number         4  hal_fmc.o(.text)
    __arm_cp.1_3                             0x08000c24   Number         4  hal_fmc.o(.text)
    __arm_cp.1_4                             0x08000c28   Number         4  hal_fmc.o(.text)
    __arm_cp.1_5                             0x08000c2c   Number         4  hal_fmc.o(.text)
    __arm_cp.1_6                             0x08000c30   Number         4  hal_fmc.o(.text)
    [Anonymous Symbol]                       0x08000c34   Section        0  hal_gpio.o(.text)
    __arm_cp.0_0                             0x08000ca4   Number         4  hal_gpio.o(.text)
    __arm_cp.0_1                             0x08000ca8   Number         4  hal_gpio.o(.text)
    intercept_overwrite_register             0x08000d29   Thumb Code    48  hal_gpio.o(.text)
    __arm_cp.2_0                             0x08000d58   Number         4  hal_gpio.o(.text)
    __arm_cp.2_1                             0x08000d5c   Number         4  hal_gpio.o(.text)
    __arm_cp.2_2                             0x08000d60   Number         4  hal_gpio.o(.text)
    create_pattern_mask                      0x08000d65   Thumb Code   156  hal_gpio.o(.text)
    __arm_cp.13_0                            0x08001414   Number         4  hal_gpio.o(.text)
    __arm_cp.13_1                            0x08001418   Number         4  hal_gpio.o(.text)
    __arm_cp.13_2                            0x0800141c   Number         4  hal_gpio.o(.text)
    __arm_cp.13_3                            0x08001420   Number         4  hal_gpio.o(.text)
    __arm_cp.13_4                            0x08001424   Number         4  hal_gpio.o(.text)
    __arm_cp.13_5                            0x08001428   Number         4  hal_gpio.o(.text)
    __arm_cp.13_6                            0x0800142c   Number         4  hal_gpio.o(.text)
    __arm_cp.13_7                            0x08001430   Number         4  hal_gpio.o(.text)
    __arm_cp.13_8                            0x08001434   Number         4  hal_gpio.o(.text)
    __arm_cp.13_9                            0x08001438   Number         4  hal_gpio.o(.text)
    __arm_cp.13_10                           0x0800143c   Number         4  hal_gpio.o(.text)
    __arm_cp.13_11                           0x08001440   Number         4  hal_gpio.o(.text)
    __arm_cp.13_12                           0x08001444   Number         4  hal_gpio.o(.text)
    get_syscfg_mask                          0x08001449   Thumb Code   232  hal_gpio.o(.text)
    __arm_cp.14_0                            0x08001530   Number         4  hal_gpio.o(.text)
    __arm_cp.14_1                            0x08001534   Number         4  hal_gpio.o(.text)
    __arm_cp.14_2                            0x08001538   Number         4  hal_gpio.o(.text)
    __arm_cp.14_3                            0x0800153c   Number         4  hal_gpio.o(.text)
    __arm_cp.14_4                            0x08001540   Number         4  hal_gpio.o(.text)
    __arm_cp.14_5                            0x08001544   Number         4  hal_gpio.o(.text)
    __arm_cp.14_6                            0x08001548   Number         4  hal_gpio.o(.text)
    __arm_cp.14_7                            0x0800154c   Number         4  hal_gpio.o(.text)
    __arm_cp.14_8                            0x08001550   Number         4  hal_gpio.o(.text)
    __arm_cp.14_9                            0x08001554   Number         4  hal_gpio.o(.text)
    __arm_cp.15_0                            0x08001598   Number         4  hal_gpio.o(.text)
    __arm_cp.15_1                            0x0800159c   Number         4  hal_gpio.o(.text)
    __arm_cp.16_0                            0x080015b8   Number         4  hal_gpio.o(.text)
    [Anonymous Symbol]                       0x080015bc   Section        0  hal_pwr.o(.text)
    __arm_cp.0_0                             0x080015cc   Number         4  hal_pwr.o(.text)
    __arm_cp.0_1                             0x080015d0   Number         4  hal_pwr.o(.text)
    __arm_cp.1_0                             0x08001668   Number         4  hal_pwr.o(.text)
    __arm_cp.2_0                             0x08001698   Number         4  hal_pwr.o(.text)
    __arm_cp.3_0                             0x080016c8   Number         4  hal_pwr.o(.text)
    __arm_cp.4_0                             0x080016f8   Number         4  hal_pwr.o(.text)
    [Anonymous Symbol]                       0x08001710   Section        0  hal_rcc.o(.text)
    __arm_cp.0_0                             0x080017a4   Number         4  hal_rcc.o(.text)
    __arm_cp.0_1                             0x080017a8   Number         4  hal_rcc.o(.text)
    __arm_cp.0_2                             0x080017ac   Number         4  hal_rcc.o(.text)
    __arm_cp.0_3                             0x080017b0   Number         4  hal_rcc.o(.text)
    __arm_cp.0_4                             0x080017b4   Number         4  hal_rcc.o(.text)
    __arm_cp.0_5                             0x080017b8   Number         4  hal_rcc.o(.text)
    __arm_cp.0_6                             0x080017bc   Number         4  hal_rcc.o(.text)
    __arm_cp.0_7                             0x080017c0   Number         4  hal_rcc.o(.text)
    __arm_cp.0_8                             0x080017c4   Number         4  hal_rcc.o(.text)
    __arm_cp.0_9                             0x080017c8   Number         4  hal_rcc.o(.text)
    __arm_cp.0_10                            0x080017cc   Number         4  hal_rcc.o(.text)
    __arm_cp.0_11                            0x080017d0   Number         4  hal_rcc.o(.text)
    __arm_cp.0_12                            0x080017d4   Number         4  hal_rcc.o(.text)
    __arm_cp.0_13                            0x080017d8   Number         4  hal_rcc.o(.text)
    __arm_cp.0_14                            0x080017dc   Number         4  hal_rcc.o(.text)
    __arm_cp.0_15                            0x080017e0   Number         4  hal_rcc.o(.text)
    __arm_cp.0_16                            0x080017e4   Number         4  hal_rcc.o(.text)
    __arm_cp.0_17                            0x080017e8   Number         4  hal_rcc.o(.text)
    __arm_cp.0_18                            0x080017ec   Number         4  hal_rcc.o(.text)
    __arm_cp.0_19                            0x080017f0   Number         4  hal_rcc.o(.text)
    __arm_cp.0_20                            0x080017f4   Number         4  hal_rcc.o(.text)
    __arm_cp.0_21                            0x080017f8   Number         4  hal_rcc.o(.text)
    __arm_cp.0_22                            0x080017fc   Number         4  hal_rcc.o(.text)
    __arm_cp.0_23                            0x08001800   Number         4  hal_rcc.o(.text)
    __arm_cp.0_24                            0x08001804   Number         4  hal_rcc.o(.text)
    __arm_cp.0_25                            0x08001808   Number         4  hal_rcc.o(.text)
    __arm_cp.0_26                            0x0800180c   Number         4  hal_rcc.o(.text)
    __arm_cp.0_27                            0x08001810   Number         4  hal_rcc.o(.text)
    __arm_cp.0_28                            0x08001814   Number         4  hal_rcc.o(.text)
    __arm_cp.0_29                            0x08001818   Number         4  hal_rcc.o(.text)
    __arm_cp.0_30                            0x0800181c   Number         4  hal_rcc.o(.text)
    __arm_cp.0_31                            0x08001820   Number         4  hal_rcc.o(.text)
    __arm_cp.1_0                             0x080019b0   Number         4  hal_rcc.o(.text)
    __arm_cp.1_1                             0x080019b4   Number         4  hal_rcc.o(.text)
    __arm_cp.1_2                             0x080019b8   Number         4  hal_rcc.o(.text)
    __arm_cp.1_3                             0x080019bc   Number         4  hal_rcc.o(.text)
    __arm_cp.2_0                             0x08001ab0   Number         4  hal_rcc.o(.text)
    __arm_cp.2_1                             0x08001ab4   Number         4  hal_rcc.o(.text)
    __arm_cp.2_2                             0x08001ab8   Number         4  hal_rcc.o(.text)
    __arm_cp.3_0                             0x08001bf4   Number         4  hal_rcc.o(.text)
    __arm_cp.3_1                             0x08001bf8   Number         4  hal_rcc.o(.text)
    __arm_cp.3_2                             0x08001bfc   Number         4  hal_rcc.o(.text)
    __arm_cp.3_3                             0x08001c00   Number         4  hal_rcc.o(.text)
    __arm_cp.3_4                             0x08001c04   Number         4  hal_rcc.o(.text)
    __arm_cp.3_5                             0x08001c08   Number         4  hal_rcc.o(.text)
    __arm_cp.4_0                             0x08001ca0   Number         4  hal_rcc.o(.text)
    __arm_cp.4_1                             0x08001ca4   Number         4  hal_rcc.o(.text)
    .text                                    0x08001ca8   Section        0  snprintf.o(.text)
    .text                                    0x08001ce8   Section      364  aeabi_sdiv.o(.text)
    .text                                    0x08001e54   Section        0  _printf_pad.o(.text)
    .text                                    0x08001ea2   Section        0  _printf_truncate.o(.text)
    .text                                    0x08001ec6   Section        0  _printf_str.o(.text)
    .text                                    0x08001f18   Section        0  _printf_dec.o(.text)
    .text                                    0x08001f84   Section        0  _printf_charcount.o(.text)
    _printf_input_char                       0x08001fad   Thumb Code    10  _printf_char_common.o(.text)
    .text                                    0x08001fac   Section        0  _printf_char_common.o(.text)
    .text                                    0x08001fdc   Section        0  _snputc.o(.text)
    .text                                    0x08001fec   Section        0  _printf_wctomb.o(.text)
    .text                                    0x080020a8   Section        0  _printf_longlong_dec.o(.text)
    _printf_longlong_oct_internal            0x08002119   Thumb Code     0  _printf_oct_int_ll.o(.text)
    .text                                    0x08002118   Section        0  _printf_oct_int_ll.o(.text)
    _printf_hex_common                       0x08002189   Thumb Code     0  _printf_hex_int_ll_ptr.o(.text)
    .text                                    0x08002188   Section        0  _printf_hex_int_ll_ptr.o(.text)
    .text                                    0x08002220   Section        0  __printf_flags_ss_wp.o(.text)
    .text                                    0x080023a8   Section        0  lludiv10.o(.text)
    .text                                    0x08002422   Section        0  _printf_intcommon.o(.text)
    _fp_digits                               0x080024d5   Thumb Code   412  _printf_fp_dec.o(.text)
    .text                                    0x080024d4   Section        0  _printf_fp_dec.o(.text)
    .text                                    0x080028e8   Section        0  _printf_fp_hex.o(.text)
    .text                                    0x08002bc0   Section        0  _printf_char.o(.text)
    .text                                    0x08002bee   Section        0  _printf_wchar.o(.text)
    .text                                    0x08002c1c   Section        0  _c32rtomb.o(.text)
    .text                                    0x08002c5e   Section        0  rtudiv10.o(.text)
    .text                                    0x08002c88   Section       16  rt_ctype_table.o(.text)
    .text                                    0x08002c98   Section        8  rt_locale.o(.text)
    .text                                    0x08002ca0   Section        0  _printf_fp_infnan.o(.text)
    .text                                    0x08002d28   Section        0  bigflt0.o(.text)
    .text                                    0x08002e00   Section        0  btod.o(.text)
    btod_internal_mul                        0x08002e41   Thumb Code   492  btod.o(.text)
    btod_internal_div                        0x0800302d   Thumb Code   520  btod.o(.text)
    .text                                    0x08003380   Section        0  strcmp.o(.text)
    i.__ARM_common_ll_muluu                  0x08003408   Section        0  btod.o(i.__ARM_common_ll_muluu)
    i.__ARM_fpclassify                       0x08003438   Section        0  fpclassify.o(i.__ARM_fpclassify)
    i._is_digit                              0x08003464   Section        0  __printf_wp.o(i._is_digit)
    locale$$code                             0x08003474   Section       44  lc_numeric_c.o(locale$$code)
    locale$$code                             0x080034a0   Section       44  lc_ctype_c.o(locale$$code)
    x$fpl$printf1                            0x080034cc   Section       16  printf1.o(x$fpl$printf1)
    x$fpl$printf2                            0x080034dc   Section       16  printf2.o(x$fpl$printf2)
    initial_mbstate                          0x080034ec   Data           8  _printf_wctomb.o(.constdata)
    .constdata                               0x080034ec   Section        8  _printf_wctomb.o(.constdata)
    x$fpl$usenofp                            0x080034ec   Section        0  usenofp.o(x$fpl$usenofp)
    uc_hextab                                0x080034f4   Data          20  _printf_hex_int_ll_ptr.o(.constdata)
    .constdata                               0x080034f4   Section       40  _printf_hex_int_ll_ptr.o(.constdata)
    lc_hextab                                0x08003508   Data          20  _printf_hex_int_ll_ptr.o(.constdata)
    maptable                                 0x0800351c   Data          17  __printf_flags_ss_wp.o(.constdata)
    .constdata                               0x0800351c   Section       17  __printf_flags_ss_wp.o(.constdata)
    lc_hextab                                0x0800352d   Data          19  _printf_fp_hex.o(.constdata)
    .constdata                               0x0800352d   Section       38  _printf_fp_hex.o(.constdata)
    uc_hextab                                0x08003540   Data          19  _printf_fp_hex.o(.constdata)
    tenpwrs_x                                0x08003554   Data          60  bigflt0.o(.constdata)
    .constdata                               0x08003554   Section      148  bigflt0.o(.constdata)
    tenpwrs_i                                0x08003590   Data          64  bigflt0.o(.constdata)
    hal_ct_seg7_get_seg7.conv_tab            0x080035e8   Data          16  hal_ct_seg7.o(.rodata.hal_ct_seg7_get_seg7.conv_tab)
    [Anonymous Symbol]                       0x080035e8   Section        0  hal_ct_seg7.o(.rodata.hal_ct_seg7_get_seg7.conv_tab)
    [Anonymous Symbol]                       0x080035f8   Section        0  lcd.o(.rodata.str1.1)
    locale$$data                             0x08003620   Section       28  lc_numeric_c.o(locale$$data)
    __lcnum_c_name                           0x08003624   Data           2  lc_numeric_c.o(locale$$data)
    __lcnum_c_start                          0x0800362c   Data           0  lc_numeric_c.o(locale$$data)
    __lcnum_c_point                          0x08003638   Data           0  lc_numeric_c.o(locale$$data)
    __lcnum_c_thousands                      0x0800363a   Data           0  lc_numeric_c.o(locale$$data)
    __lcnum_c_grouping                       0x0800363b   Data           0  lc_numeric_c.o(locale$$data)
    __lcnum_c_end                            0x0800363c   Data           0  lc_numeric_c.o(locale$$data)
    locale$$data                             0x0800363c   Section      272  lc_ctype_c.o(locale$$data)
    __lcctype_c_name                         0x08003640   Data           2  lc_ctype_c.o(locale$$data)
    __lcctype_c_start                        0x08003648   Data           0  lc_ctype_c.o(locale$$data)
    __lcctype_c_end                          0x0800374c   Data           0  lc_ctype_c.o(locale$$data)
    dice_counter                             0x20000000   Data           1  dice_counter.o(.data.dice_counter)
    [Anonymous Symbol]                       0x20000000   Section        0  dice_counter.o(.data.dice_counter)
    __rt_locale_data                         0x20000008   Data          20  rt_locale.o(.bss)
    .bss                                     0x20000008   Section       20  rt_locale.o(.bss)
    nr_of_throws                             0x2000001c   Data           7  statistics.o(.bss.nr_of_throws)
    [Anonymous Symbol]                       0x2000001c   Section        0  statistics.o(.bss.nr_of_throws)
    STACK                                    0x20000028   Section     8192  startup_ctboard.o(STACK)
    __initial_sp                             0x20002028   Data           0  startup_ctboard.o(STACK)

    Global Symbols

    Symbol Name                              Value     Ov Type        Size  Object(Section)

    BuildAttributes$$THM_ISAv3M$S$PE$A:L22$X:L11$S22$IEEE1$IW$~IW$USESV6$~STKCKD$USESV7$WCHAR32$ENUMINT$~SHL$OTIME$ROPI$IEEEJ$EBA8$STANDARDLIB$REQ8$PRES8$EABIv2 0x00000000   Number         0  anon$$obj.o ABSOLUTE
    _printf_flags                            0x00000000   Number         0  printf_stubs.o ABSOLUTE
    _printf_return_value                     0x00000000   Number         0  printf_stubs.o ABSOLUTE
    _printf_sizespec                         0x00000000   Number         0  printf_stubs.o ABSOLUTE
    _printf_widthprec                        0x00000000   Number         0  printf_stubs.o ABSOLUTE
    Image$$RO$$Limit                          - Undefined Weak Reference
    Image$$RW$$Base                           - Undefined Weak Reference
    Image$$ZI$$Base                           - Undefined Weak Reference
    Image$$ZI$$Limit                          - Undefined Weak Reference
    __ARM_exceptions_init                     - Undefined Weak Reference
    __alloca_initialize                       - Undefined Weak Reference
    __arm_preinit_                            - Undefined Weak Reference
    __arm_relocate_pie_                       - Undefined Weak Reference
    __cpp_initialize__aeabi_                  - Undefined Weak Reference
    __sigvec_lookup                           - Undefined Weak Reference
    _atexit_init                              - Undefined Weak Reference
    _clock_init                               - Undefined Weak Reference
    _fp_trap_init                             - Undefined Weak Reference
    _get_lc_collate                           - Undefined Weak Reference
    _get_lc_monetary                          - Undefined Weak Reference
    _get_lc_time                              - Undefined Weak Reference
    _getenv_init                              - Undefined Weak Reference
    _handle_redirection                       - Undefined Weak Reference
    _init_alloc                               - Undefined Weak Reference
    _init_user_alloc                          - Undefined Weak Reference
    _initio                                   - Undefined Weak Reference
    _printf_mbtowc                            - Undefined Weak Reference
    _printf_wc                                - Undefined Weak Reference
    _rand_init                                - Undefined Weak Reference
    _signal_init                              - Undefined Weak Reference
    __Vectors_Size                           0x000001ac   Number         0  startup_ctboard.o ABSOLUTE
    Stack_Size                               0x00002000   Number         0  startup_ctboard.o ABSOLUTE
    __Vectors                                0x08000000   Data           4  startup_ctboard.o(RESET)
    __Vectors_End                            0x080001ac   Data           0  startup_ctboard.o(RESET)
    _printf_percent                          0x080001ad   Thumb Code     0  _printf_percent.o(.ARM.Collect$$_printf_percent$$00000000)
    _printf_n                                0x080001af   Thumb Code     0  _printf_n.o(.ARM.Collect$$_printf_percent$$00000001)
    _printf_p                                0x080001b9   Thumb Code     0  _printf_p.o(.ARM.Collect$$_printf_percent$$00000002)
    _printf_f                                0x080001c3   Thumb Code     0  _printf_f.o(.ARM.Collect$$_printf_percent$$00000003)
    _printf_e                                0x080001cd   Thumb Code     0  _printf_e.o(.ARM.Collect$$_printf_percent$$00000004)
    _printf_g                                0x080001d7   Thumb Code     0  _printf_g.o(.ARM.Collect$$_printf_percent$$00000005)
    _printf_a                                0x080001e1   Thumb Code     0  _printf_a.o(.ARM.Collect$$_printf_percent$$00000006)
    _printf_ll                               0x080001eb   Thumb Code     0  _printf_ll.o(.ARM.Collect$$_printf_percent$$00000007)
    _printf_i                                0x080001f5   Thumb Code     0  _printf_i.o(.ARM.Collect$$_printf_percent$$00000008)
    _printf_d                                0x080001ff   Thumb Code     0  _printf_d.o(.ARM.Collect$$_printf_percent$$00000009)
    _printf_u                                0x08000209   Thumb Code     0  _printf_u.o(.ARM.Collect$$_printf_percent$$0000000A)
    _printf_o                                0x08000213   Thumb Code     0  _printf_o.o(.ARM.Collect$$_printf_percent$$0000000B)
    _printf_x                                0x0800021d   Thumb Code     0  _printf_x.o(.ARM.Collect$$_printf_percent$$0000000C)
    _printf_lli                              0x08000227   Thumb Code     0  _printf_lli.o(.ARM.Collect$$_printf_percent$$0000000D)
    _printf_lld                              0x08000231   Thumb Code     0  _printf_lld.o(.ARM.Collect$$_printf_percent$$0000000E)
    _printf_llu                              0x0800023b   Thumb Code     0  _printf_llu.o(.ARM.Collect$$_printf_percent$$0000000F)
    _printf_llo                              0x08000245   Thumb Code     0  _printf_llo.o(.ARM.Collect$$_printf_percent$$00000010)
    _printf_llx                              0x0800024f   Thumb Code     0  _printf_llx.o(.ARM.Collect$$_printf_percent$$00000011)
    _printf_l                                0x08000259   Thumb Code     0  _printf_l.o(.ARM.Collect$$_printf_percent$$00000012)
    _printf_c                                0x08000263   Thumb Code     0  _printf_c.o(.ARM.Collect$$_printf_percent$$00000013)
    _printf_s                                0x0800026d   Thumb Code     0  _printf_s.o(.ARM.Collect$$_printf_percent$$00000014)
    _printf_lc                               0x08000277   Thumb Code     0  _printf_lc.o(.ARM.Collect$$_printf_percent$$00000015)
    _printf_ls                               0x08000281   Thumb Code     0  _printf_ls.o(.ARM.Collect$$_printf_percent$$00000016)
    _printf_percent_end                      0x0800028b   Thumb Code     0  _printf_percent_end.o(.ARM.Collect$$_printf_percent$$00000017)
    __rt_lib_init_lc_ctype_2                 0x0800028f   Thumb Code     0  libinit2.o(.ARM.Collect$$libinit$$00000015)
    __rt_lib_init_lc_numeric_2               0x0800028f   Thumb Code     0  libinit2.o(.ARM.Collect$$libinit$$00000019)
    dice_counter_read                        0x08000291   Thumb Code     8  dice_counter.o(.text)
    dice_counter_increment                   0x0800029d   Thumb Code    32  dice_counter.o(.text)
    main                                     0x080002c1   Thumb Code   164  main.o(.text)
    stat_add_throw                           0x08000369   Thumb Code    40  statistics.o(.text)
    stat_read                                0x08000395   Thumb Code    20  statistics.o(.text)
    lcd_write_value                          0x080003ad   Thumb Code    72  lcd.o(.text)
    lcd_write_total                          0x080003fd   Thumb Code    60  lcd.o(.text)
    hal_ct_lcd_clear                         0x08000441   Thumb Code    56  lcd.o(.text)
    __main                                   0x08000489   Thumb Code    74  datainit_ctboard.o(.text)
    Reset_Handler                            0x08000505   Thumb Code     8  startup_ctboard.o(.text)
    NMI_Handler                              0x0800050d   Thumb Code     2  startup_ctboard.o(.text)
    HardFault_Handler                        0x0800050f   Thumb Code     2  startup_ctboard.o(.text)
    MemManage_Handler                        0x08000511   Thumb Code     2  startup_ctboard.o(.text)
    BusFault_Handler                         0x08000513   Thumb Code     2  startup_ctboard.o(.text)
    UsageFault_Handler                       0x08000515   Thumb Code     2  startup_ctboard.o(.text)
    SVC_Handler                              0x08000517   Thumb Code     2  startup_ctboard.o(.text)
    DebugMon_Handler                         0x08000519   Thumb Code     2  startup_ctboard.o(.text)
    PendSV_Handler                           0x0800051b   Thumb Code     2  startup_ctboard.o(.text)
    SysTick_Handler                          0x0800051d   Thumb Code     2  startup_ctboard.o(.text)
    ADC_IRQHandler                           0x0800051f   Thumb Code     0  startup_ctboard.o(.text)
    CAN1_RX0_IRQHandler                      0x0800051f   Thumb Code     0  startup_ctboard.o(.text)
    CAN1_RX1_IRQHandler                      0x0800051f   Thumb Code     0  startup_ctboard.o(.text)
    CAN1_SCE_IRQHandler                      0x0800051f   Thumb Code     0  startup_ctboard.o(.text)
    CAN1_TX_IRQHandler                       0x0800051f   Thumb Code     0  startup_ctboard.o(.text)
    CAN2_RX0_IRQHandler                      0x0800051f   Thumb Code     0  startup_ctboard.o(.text)
    CAN2_RX1_IRQHandler                      0x0800051f   Thumb Code     0  startup_ctboard.o(.text)
    CAN2_SCE_IRQHandler                      0x0800051f   Thumb Code     0  startup_ctboard.o(.text)
    CAN2_TX_IRQHandler                       0x0800051f   Thumb Code     0  startup_ctboard.o(.text)
    CRYP_IRQHandler                          0x0800051f   Thumb Code     0  startup_ctboard.o(.text)
    DCMI_IRQHandler                          0x0800051f   Thumb Code     0  startup_ctboard.o(.text)
    DMA1_Stream0_IRQHandler                  0x0800051f   Thumb Code     0  startup_ctboard.o(.text)
    DMA1_Stream1_IRQHandler                  0x0800051f   Thumb Code     0  startup_ctboard.o(.text)
    DMA1_Stream2_IRQHandler                  0x0800051f   Thumb Code     0  startup_ctboard.o(.text)
    DMA1_Stream3_IRQHandler                  0x0800051f   Thumb Code     0  startup_ctboard.o(.text)
    DMA1_Stream4_IRQHandler                  0x0800051f   Thumb Code     0  startup_ctboard.o(.text)
    DMA1_Stream5_IRQHandler                  0x0800051f   Thumb Code     0  startup_ctboard.o(.text)
    DMA1_Stream6_IRQHandler                  0x0800051f   Thumb Code     0  startup_ctboard.o(.text)
    DMA1_Stream7_IRQHandler                  0x0800051f   Thumb Code     0  startup_ctboard.o(.text)
    DMA2D_IRQHandler                         0x0800051f   Thumb Code     0  startup_ctboard.o(.text)
    DMA2_Stream0_IRQHandler                  0x0800051f   Thumb Code     0  startup_ctboard.o(.text)
    DMA2_Stream1_IRQHandler                  0x0800051f   Thumb Code     0  startup_ctboard.o(.text)
    DMA2_Stream2_IRQHandler                  0x0800051f   Thumb Code     0  startup_ctboard.o(.text)
    DMA2_Stream3_IRQHandler                  0x0800051f   Thumb Code     0  startup_ctboard.o(.text)
    DMA2_Stream4_IRQHandler                  0x0800051f   Thumb Code     0  startup_ctboard.o(.text)
    DMA2_Stream5_IRQHandler                  0x0800051f   Thumb Code     0  startup_ctboard.o(.text)
    DMA2_Stream6_IRQHandler                  0x0800051f   Thumb Code     0  startup_ctboard.o(.text)
    DMA2_Stream7_IRQHandler                  0x0800051f   Thumb Code     0  startup_ctboard.o(.text)
    ETH_IRQHandler                           0x0800051f   Thumb Code     0  startup_ctboard.o(.text)
    ETH_WKUP_IRQHandler                      0x0800051f   Thumb Code     0  startup_ctboard.o(.text)
    EXTI0_IRQHandler                         0x0800051f   Thumb Code     0  startup_ctboard.o(.text)
    EXTI15_10_IRQHandler                     0x0800051f   Thumb Code     0  startup_ctboard.o(.text)
    EXTI1_IRQHandler                         0x0800051f   Thumb Code     0  startup_ctboard.o(.text)
    EXTI2_IRQHandler                         0x0800051f   Thumb Code     0  startup_ctboard.o(.text)
    EXTI3_IRQHandler                         0x0800051f   Thumb Code     0  startup_ctboard.o(.text)
    EXTI4_IRQHandler                         0x0800051f   Thumb Code     0  startup_ctboard.o(.text)
    EXTI9_5_IRQHandler                       0x0800051f   Thumb Code     0  startup_ctboard.o(.text)
    FLASH_IRQHandler                         0x0800051f   Thumb Code     0  startup_ctboard.o(.text)
    FMC_IRQHandler                           0x0800051f   Thumb Code     0  startup_ctboard.o(.text)
    FPU_IRQHandler                           0x0800051f   Thumb Code     0  startup_ctboard.o(.text)
    HASH_RNG_IRQHandler                      0x0800051f   Thumb Code     0  startup_ctboard.o(.text)
    I2C1_ER_IRQHandler                       0x0800051f   Thumb Code     0  startup_ctboard.o(.text)
    I2C1_EV_IRQHandler                       0x0800051f   Thumb Code     0  startup_ctboard.o(.text)
    I2C2_ER_IRQHandler                       0x0800051f   Thumb Code     0  startup_ctboard.o(.text)
    I2C2_EV_IRQHandler                       0x0800051f   Thumb Code     0  startup_ctboard.o(.text)
    I2C3_ER_IRQHandler                       0x0800051f   Thumb Code     0  startup_ctboard.o(.text)
    I2C3_EV_IRQHandler                       0x0800051f   Thumb Code     0  startup_ctboard.o(.text)
    LTDC_ER_IRQHandler                       0x0800051f   Thumb Code     0  startup_ctboard.o(.text)
    LTDC_IRQHandler                          0x0800051f   Thumb Code     0  startup_ctboard.o(.text)
    OTG_FS_IRQHandler                        0x0800051f   Thumb Code     0  startup_ctboard.o(.text)
    OTG_FS_WKUP_IRQHandler                   0x0800051f   Thumb Code     0  startup_ctboard.o(.text)
    OTG_HS_EP1_IN_IRQHandler                 0x0800051f   Thumb Code     0  startup_ctboard.o(.text)
    OTG_HS_EP1_OUT_IRQHandler                0x0800051f   Thumb Code     0  startup_ctboard.o(.text)
    OTG_HS_IRQHandler                        0x0800051f   Thumb Code     0  startup_ctboard.o(.text)
    OTG_HS_WKUP_IRQHandler                   0x0800051f   Thumb Code     0  startup_ctboard.o(.text)
    PVD_IRQHandler                           0x0800051f   Thumb Code     0  startup_ctboard.o(.text)
    RCC_IRQHandler                           0x0800051f   Thumb Code     0  startup_ctboard.o(.text)
    RTC_Alarm_IRQHandler                     0x0800051f   Thumb Code     0  startup_ctboard.o(.text)
    RTC_WKUP_IRQHandler                      0x0800051f   Thumb Code     0  startup_ctboard.o(.text)
    SAI1_IRQHandler                          0x0800051f   Thumb Code     0  startup_ctboard.o(.text)
    SDIO_IRQHandler                          0x0800051f   Thumb Code     0  startup_ctboard.o(.text)
    SPI1_IRQHandler                          0x0800051f   Thumb Code     0  startup_ctboard.o(.text)
    SPI2_IRQHandler                          0x0800051f   Thumb Code     0  startup_ctboard.o(.text)
    SPI3_IRQHandler                          0x0800051f   Thumb Code     0  startup_ctboard.o(.text)
    SPI4_IRQHandler                          0x0800051f   Thumb Code     0  startup_ctboard.o(.text)
    SPI5_IRQHandler                          0x0800051f   Thumb Code     0  startup_ctboard.o(.text)
    SPI6_IRQHandler                          0x0800051f   Thumb Code     0  startup_ctboard.o(.text)
    TAMP_STAMP_IRQHandler                    0x0800051f   Thumb Code     0  startup_ctboard.o(.text)
    TIM1_BRK_TIM9_IRQHandler                 0x0800051f   Thumb Code     0  startup_ctboard.o(.text)
    TIM1_CC_IRQHandler                       0x0800051f   Thumb Code     0  startup_ctboard.o(.text)
    TIM1_TRG_COM_TIM11_IRQHandler            0x0800051f   Thumb Code     0  startup_ctboard.o(.text)
    TIM1_UP_TIM10_IRQHandler                 0x0800051f   Thumb Code     0  startup_ctboard.o(.text)
    TIM2_IRQHandler                          0x0800051f   Thumb Code     0  startup_ctboard.o(.text)
    TIM3_IRQHandler                          0x0800051f   Thumb Code     0  startup_ctboard.o(.text)
    TIM4_IRQHandler                          0x0800051f   Thumb Code     0  startup_ctboard.o(.text)
    TIM5_IRQHandler                          0x0800051f   Thumb Code     0  startup_ctboard.o(.text)
    TIM6_DAC_IRQHandler                      0x0800051f   Thumb Code     0  startup_ctboard.o(.text)
    TIM7_IRQHandler                          0x0800051f   Thumb Code     0  startup_ctboard.o(.text)
    TIM8_BRK_TIM12_IRQHandler                0x0800051f   Thumb Code     0  startup_ctboard.o(.text)
    TIM8_CC_IRQHandler                       0x0800051f   Thumb Code     0  startup_ctboard.o(.text)
    TIM8_TRG_COM_TIM14_IRQHandler            0x0800051f   Thumb Code     0  startup_ctboard.o(.text)
    TIM8_UP_TIM13_IRQHandler                 0x0800051f   Thumb Code     0  startup_ctboard.o(.text)
    UART4_IRQHandler                         0x0800051f   Thumb Code     0  startup_ctboard.o(.text)
    UART5_IRQHandler                         0x0800051f   Thumb Code     0  startup_ctboard.o(.text)
    UART7_IRQHandler                         0x0800051f   Thumb Code     0  startup_ctboard.o(.text)
    UART8_IRQHandler                         0x0800051f   Thumb Code     0  startup_ctboard.o(.text)
    USART1_IRQHandler                        0x0800051f   Thumb Code     0  startup_ctboard.o(.text)
    USART2_IRQHandler                        0x0800051f   Thumb Code     0  startup_ctboard.o(.text)
    USART3_IRQHandler                        0x0800051f   Thumb Code     0  startup_ctboard.o(.text)
    USART6_IRQHandler                        0x0800051f   Thumb Code     0  startup_ctboard.o(.text)
    WWDG_IRQHandler                          0x0800051f   Thumb Code     0  startup_ctboard.o(.text)
    __system                                 0x08000529   Thumb Code     8  system_ctboard.o(.text)
    system_enter_run                         0x08000531   Thumb Code    20  system_ctboard.o(.text)
    system_enter_sleep                       0x080007a5   Thumb Code     8  system_ctboard.o(.text)
    system_enter_stop                        0x080007ad   Thumb Code    10  system_ctboard.o(.text)
    system_enter_standby                     0x080007b7   Thumb Code     2  system_ctboard.o(.text)
    hal_ct_seg7_raw_write                    0x080007b9   Thumb Code   176  hal_ct_seg7.o(.text)
    hal_ct_seg7_bin_write                    0x08000879   Thumb Code    16  hal_ct_seg7.o(.text)
    hal_ct_seg7_clear                        0x0800088d   Thumb Code    24  hal_ct_seg7.o(.text)
    hal_ct_seg7_clear_all                    0x080008a9   Thumb Code    12  hal_ct_seg7.o(.text)
    hal_ct_seg7_dot_set                      0x080008b9   Thumb Code    24  hal_ct_seg7.o(.text)
    hal_ct_seg7_dot_clear                    0x080008d5   Thumb Code    24  hal_ct_seg7.o(.text)
    hal_ct_seg7_get_bcd                      0x080008f1   Thumb Code    54  hal_ct_seg7.o(.text)
    hal_ct_seg7_get_seg7                     0x08000929   Thumb Code    48  hal_ct_seg7.o(.text)
    hal_fmc_reset                            0x0800095d   Thumb Code   104  hal_fmc.o(.text)
    hal_fmc_init_sram                        0x080009ed   Thumb Code   556  hal_fmc.o(.text)
    hal_gpio_reset                           0x08000c35   Thumb Code   112  hal_gpio.o(.text)
    hal_gpio_init_input                      0x08000cad   Thumb Code   122  hal_gpio.o(.text)
    hal_gpio_init_analog                     0x08000e01   Thumb Code    74  hal_gpio.o(.text)
    hal_gpio_init_output                     0x08000e4b   Thumb Code   206  hal_gpio.o(.text)
    hal_gpio_init_alternate                  0x08000f19   Thumb Code   186  hal_gpio.o(.text)
    hal_gpio_input_read                      0x08000fd3   Thumb Code    14  hal_gpio.o(.text)
    hal_gpio_output_read                     0x08000fe1   Thumb Code    14  hal_gpio.o(.text)
    hal_gpio_output_write                    0x08000fef   Thumb Code    42  hal_gpio.o(.text)
    hal_gpio_bit_set                         0x08001019   Thumb Code    54  hal_gpio.o(.text)
    hal_gpio_bit_reset                       0x0800104f   Thumb Code    54  hal_gpio.o(.text)
    hal_gpio_bit_toggle                      0x08001085   Thumb Code    78  hal_gpio.o(.text)
    hal_gpio_irq_set                         0x080010d5   Thumb Code   832  hal_gpio.o(.text)
    hal_gpio_irq_status                      0x08001559   Thumb Code    64  hal_gpio.o(.text)
    hal_gpio_irq_clear                       0x080015a1   Thumb Code    24  hal_gpio.o(.text)
    hal_pwr_reset                            0x080015bd   Thumb Code    16  hal_pwr.o(.text)
    hal_pwr_set_backup_domain                0x080015d5   Thumb Code   148  hal_pwr.o(.text)
    hal_pwr_set_backup_access                0x0800166d   Thumb Code    44  hal_pwr.o(.text)
    hal_pwr_set_wakeup_pin                   0x0800169d   Thumb Code    44  hal_pwr.o(.text)
    hal_pwr_set_flash_powerdown              0x080016cd   Thumb Code    44  hal_pwr.o(.text)
    hal_pwr_set_overdrive                    0x080016fd   Thumb Code    10  hal_pwr.o(.text)
    hal_pwr_set_underdrive                   0x08001707   Thumb Code    10  hal_pwr.o(.text)
    hal_rcc_reset                            0x08001711   Thumb Code   148  hal_rcc.o(.text)
    hal_rcc_set_peripheral                   0x08001825   Thumb Code   396  hal_rcc.o(.text)
    hal_rcc_set_osc                          0x080019c1   Thumb Code   240  hal_rcc.o(.text)
    hal_rcc_setup_pll                        0x08001abd   Thumb Code   312  hal_rcc.o(.text)
    hal_rcc_setup_clock                      0x08001c0d   Thumb Code   148  hal_rcc.o(.text)
    snprintf                                 0x08001ca9   Thumb Code    60  snprintf.o(.text)
    __aeabi_uidiv                            0x08001ce9   Thumb Code     0  aeabi_sdiv.o(.text)
    __aeabi_uidivmod                         0x08001ce9   Thumb Code    20  aeabi_sdiv.o(.text)
    __aeabi_idiv                             0x08001cfd   Thumb Code     0  aeabi_sdiv.o(.text)
    __aeabi_idivmod                          0x08001cfd   Thumb Code   338  aeabi_sdiv.o(.text)
    _printf_pre_padding                      0x08001e55   Thumb Code    44  _printf_pad.o(.text)
    _printf_post_padding                     0x08001e81   Thumb Code    34  _printf_pad.o(.text)
    _printf_truncate_signed                  0x08001ea3   Thumb Code    18  _printf_truncate.o(.text)
    _printf_truncate_unsigned                0x08001eb5   Thumb Code    18  _printf_truncate.o(.text)
    _printf_str                              0x08001ec7   Thumb Code    82  _printf_str.o(.text)
    _printf_int_dec                          0x08001f19   Thumb Code    90  _printf_dec.o(.text)
    _printf_charcount                        0x08001f85   Thumb Code    38  _printf_charcount.o(.text)
    _printf_char_common                      0x08001fb7   Thumb Code    32  _printf_char_common.o(.text)
    _snputc                                  0x08001fdd   Thumb Code    16  _snputc.o(.text)
    _printf_wctomb                           0x08001fed   Thumb Code   182  _printf_wctomb.o(.text)
    _printf_longlong_dec                     0x080020a9   Thumb Code    94  _printf_longlong_dec.o(.text)
    _printf_longlong_oct                     0x08002119   Thumb Code    68  _printf_oct_int_ll.o(.text)
    _printf_int_oct                          0x0800215d   Thumb Code    24  _printf_oct_int_ll.o(.text)
    _printf_ll_oct                           0x08002175   Thumb Code    10  _printf_oct_int_ll.o(.text)
    _printf_longlong_hex                     0x08002189   Thumb Code    88  _printf_hex_int_ll_ptr.o(.text)
    _printf_int_hex                          0x080021e1   Thumb Code    28  _printf_hex_int_ll_ptr.o(.text)
    _printf_ll_hex                           0x080021fd   Thumb Code    10  _printf_hex_int_ll_ptr.o(.text)
    _printf_hex_ptr                          0x08002207   Thumb Code    22  _printf_hex_int_ll_ptr.o(.text)
    __printf                                 0x08002221   Thumb Code   386  __printf_flags_ss_wp.o(.text)
    _ll_udiv10                               0x080023a9   Thumb Code   122  lludiv10.o(.text)
    _printf_int_common                       0x08002423   Thumb Code   176  _printf_intcommon.o(.text)
    _printf_fp_dec_real                      0x08002671   Thumb Code   620  _printf_fp_dec.o(.text)
    _printf_fp_hex_real                      0x080028e9   Thumb Code   718  _printf_fp_hex.o(.text)
    _printf_cs_common                        0x08002bc1   Thumb Code    22  _printf_char.o(.text)
    _printf_char                             0x08002bd7   Thumb Code    16  _printf_char.o(.text)
    _printf_string                           0x08002be7   Thumb Code     8  _printf_char.o(.text)
    _printf_lcs_common                       0x08002bef   Thumb Code    22  _printf_wchar.o(.text)
    _printf_wchar                            0x08002c05   Thumb Code    16  _printf_wchar.o(.text)
    _printf_wstring                          0x08002c15   Thumb Code     8  _printf_wchar.o(.text)
    _c32rtomb                                0x08002c1d   Thumb Code    66  _c32rtomb.o(.text)
    _wcrtomb                                 0x08002c1d   Thumb Code     0  _c32rtomb.o(.text)
    __rt_udiv10                              0x08002c5f   Thumb Code    40  rtudiv10.o(.text)
    __rt_ctype_table                         0x08002c89   Thumb Code    16  rt_ctype_table.o(.text)
    __rt_locale                              0x08002c99   Thumb Code     8  rt_locale.o(.text)
    _printf_fp_infnan                        0x08002ca1   Thumb Code   120  _printf_fp_infnan.o(.text)
    _btod_etento                             0x08002d29   Thumb Code   210  bigflt0.o(.text)
    _btod_d2e                                0x08002e01   Thumb Code    64  btod.o(.text)
    _btod_emul                               0x08003235   Thumb Code    28  btod.o(.text)
    _btod_emuld                              0x08003251   Thumb Code   144  btod.o(.text)
    _btod_ediv                               0x080032e1   Thumb Code    26  btod.o(.text)
    _btod_edivd                              0x080032fb   Thumb Code   124  btod.o(.text)
    strcmp                                   0x08003381   Thumb Code   132  strcmp.o(.text)
    __ARM_common_ll_muluu                    0x08003409   Thumb Code    48  btod.o(i.__ARM_common_ll_muluu)
    __ARM_fpclassify                         0x08003439   Thumb Code    40  fpclassify.o(i.__ARM_fpclassify)
    _is_digit                                0x08003465   Thumb Code    14  __printf_wp.o(i._is_digit)
    _get_lc_numeric                          0x08003475   Thumb Code    44  lc_numeric_c.o(locale$$code)
    _get_lc_ctype                            0x080034a1   Thumb Code    44  lc_ctype_c.o(locale$$code)
    _printf_fp_dec                           0x080034cd   Thumb Code    16  printf1.o(x$fpl$printf1)
    _printf_fp_hex                           0x080034dd   Thumb Code    16  printf2.o(x$fpl$printf2)
    __I$use$fp                               0x080034ec   Number         0  usenofp.o(x$fpl$usenofp)
    __ctype                                  0x08003649   Data           0  lc_ctype_c.o(locale$$data)
    Image$$ER_IROM1$$Limit                   0x0800374c   Number         0  anon$$obj.o ABSOLUTE
    Image$$RW_IRAM1$$Base                    0x20000000   Number         0  anon$$obj.o ABSOLUTE
    Image$$RW_IRAM1$$ZI$$Base                0x20000008   Number         0  anon$$obj.o ABSOLUTE
    Stack_Mem                                0x20000028   Data        8192  startup_ctboard.o(STACK)
    Image$$RW_IRAM1$$ZI$$Limit               0x20002028   Number         0  anon$$obj.o ABSOLUTE



==============================================================================

Memory Map of the image

  Image Entry point : 0x08000505

  Load Region LR_IROM1 (Base: 0x08000000, Size: 0x00003758, Max: 0x00200000, ABSOLUTE)

    Execution Region ER_IROM1 (Exec base: 0x08000000, Load base: 0x08000000, Size: 0x0000374c, Max: 0x00200000, ABSOLUTE)

    Exec Addr    Load Addr    Size         Type   Attr      Idx    E Section Name        Object

    0x08000000   0x08000000   0x000001ac   Data   RO           41    RESET               startup_ctboard.o
    0x080001ac   0x080001ac   0x00000002   Code   RO          182    .ARM.Collect$$_printf_percent$$00000000  c_pu.l(_printf_percent.o)
    0x080001ae   0x080001ae   0x0000000a   Code   RO          171    .ARM.Collect$$_printf_percent$$00000001  c_pu.l(_printf_n.o)
    0x080001b8   0x080001b8   0x0000000a   Code   RO          173    .ARM.Collect$$_printf_percent$$00000002  c_pu.l(_printf_p.o)
    0x080001c2   0x080001c2   0x0000000a   Code   RO          178    .ARM.Collect$$_printf_percent$$00000003  c_pu.l(_printf_f.o)
    0x080001cc   0x080001cc   0x0000000a   Code   RO          179    .ARM.Collect$$_printf_percent$$00000004  c_pu.l(_printf_e.o)
    0x080001d6   0x080001d6   0x0000000a   Code   RO          180    .ARM.Collect$$_printf_percent$$00000005  c_pu.l(_printf_g.o)
    0x080001e0   0x080001e0   0x0000000a   Code   RO          181    .ARM.Collect$$_printf_percent$$00000006  c_pu.l(_printf_a.o)
    0x080001ea   0x080001ea   0x0000000a   Code   RO          186    .ARM.Collect$$_printf_percent$$00000007  c_pu.l(_printf_ll.o)
    0x080001f4   0x080001f4   0x0000000a   Code   RO          175    .ARM.Collect$$_printf_percent$$00000008  c_pu.l(_printf_i.o)
    0x080001fe   0x080001fe   0x0000000a   Code   RO          176    .ARM.Collect$$_printf_percent$$00000009  c_pu.l(_printf_d.o)
    0x08000208   0x08000208   0x0000000a   Code   RO          177    .ARM.Collect$$_printf_percent$$0000000A  c_pu.l(_printf_u.o)
    0x08000212   0x08000212   0x0000000a   Code   RO          174    .ARM.Collect$$_printf_percent$$0000000B  c_pu.l(_printf_o.o)
    0x0800021c   0x0800021c   0x0000000a   Code   RO          172    .ARM.Collect$$_printf_percent$$0000000C  c_pu.l(_printf_x.o)
    0x08000226   0x08000226   0x0000000a   Code   RO          183    .ARM.Collect$$_printf_percent$$0000000D  c_pu.l(_printf_lli.o)
    0x08000230   0x08000230   0x0000000a   Code   RO          184    .ARM.Collect$$_printf_percent$$0000000E  c_pu.l(_printf_lld.o)
    0x0800023a   0x0800023a   0x0000000a   Code   RO          185    .ARM.Collect$$_printf_percent$$0000000F  c_pu.l(_printf_llu.o)
    0x08000244   0x08000244   0x0000000a   Code   RO          190    .ARM.Collect$$_printf_percent$$00000010  c_pu.l(_printf_llo.o)
    0x0800024e   0x0800024e   0x0000000a   Code   RO          191    .ARM.Collect$$_printf_percent$$00000011  c_pu.l(_printf_llx.o)
    0x08000258   0x08000258   0x0000000a   Code   RO          187    .ARM.Collect$$_printf_percent$$00000012  c_pu.l(_printf_l.o)
    0x08000262   0x08000262   0x0000000a   Code   RO          169    .ARM.Collect$$_printf_percent$$00000013  c_pu.l(_printf_c.o)
    0x0800026c   0x0800026c   0x0000000a   Code   RO          170    .ARM.Collect$$_printf_percent$$00000014  c_pu.l(_printf_s.o)
    0x08000276   0x08000276   0x0000000a   Code   RO          188    .ARM.Collect$$_printf_percent$$00000015  c_pu.l(_printf_lc.o)
    0x08000280   0x08000280   0x0000000a   Code   RO          189    .ARM.Collect$$_printf_percent$$00000016  c_pu.l(_printf_ls.o)
    0x0800028a   0x0800028a   0x00000004   Code   RO          219    .ARM.Collect$$_printf_percent$$00000017  c_pu.l(_printf_percent_end.o)
    0x0800028e   0x0800028e   0x00000000   Code   RO          287    .ARM.Collect$$libinit$$00000015  c_pu.l(libinit2.o)
    0x0800028e   0x0800028e   0x00000000   Code   RO          291    .ARM.Collect$$libinit$$00000019  c_pu.l(libinit2.o)
    0x0800028e   0x0800028e   0x00000002   PAD
    0x08000290   0x08000290   0x00000030   Code   RO            1    .text               dice_counter.o
    0x080002c0   0x080002c0   0x000000a8   Code   RO            9    .text               main.o
    0x08000368   0x08000368   0x00000044   Code   RO           17    .text               statistics.o
    0x080003ac   0x080003ac   0x000000dc   Code   RO           25    .text               lcd.o
    0x08000488   0x08000488   0x0000007c   Code   RO           33    .text               datainit_ctboard.o
    0x08000504   0x08000504   0x00000024   Code   RO           42  * .text               startup_ctboard.o
    0x08000528   0x08000528   0x00000290   Code   RO           46    .text               system_ctboard.o
    0x080007b8   0x080007b8   0x000001a4   Code   RO           53    .text               hal_ct_seg7.o
    0x0800095c   0x0800095c   0x000002d8   Code   RO           61    .text               hal_fmc.o
    0x08000c34   0x08000c34   0x00000988   Code   RO           68    .text               hal_gpio.o
    0x080015bc   0x080015bc   0x00000154   Code   RO           75    .text               hal_pwr.o
    0x08001710   0x08001710   0x00000598   Code   RO           82    .text               hal_rcc.o
    0x08001ca8   0x08001ca8   0x00000040   Code   RO           91    .text               c_pu.l(snprintf.o)
    0x08001ce8   0x08001ce8   0x0000016c   Code   RO           93    .text               c_pu.l(aeabi_sdiv.o)
    0x08001e54   0x08001e54   0x0000004e   Code   RO          103    .text               c_pu.l(_printf_pad.o)
    0x08001ea2   0x08001ea2   0x00000024   Code   RO          105    .text               c_pu.l(_printf_truncate.o)
    0x08001ec6   0x08001ec6   0x00000052   Code   RO          107    .text               c_pu.l(_printf_str.o)
    0x08001f18   0x08001f18   0x0000006c   Code   RO          109    .text               c_pu.l(_printf_dec.o)
    0x08001f84   0x08001f84   0x00000026   Code   RO          111    .text               c_pu.l(_printf_charcount.o)
    0x08001faa   0x08001faa   0x00000002   PAD
    0x08001fac   0x08001fac   0x00000030   Code   RO          113    .text               c_pu.l(_printf_char_common.o)
    0x08001fdc   0x08001fdc   0x00000010   Code   RO          115    .text               c_pu.l(_snputc.o)
    0x08001fec   0x08001fec   0x000000bc   Code   RO          117    .text               c_pu.l(_printf_wctomb.o)
    0x080020a8   0x080020a8   0x00000070   Code   RO          120    .text               c_pu.l(_printf_longlong_dec.o)
    0x08002118   0x08002118   0x00000070   Code   RO          126    .text               c_pu.l(_printf_oct_int_ll.o)
    0x08002188   0x08002188   0x00000098   Code   RO          146    .text               c_pu.l(_printf_hex_int_ll_ptr.o)
    0x08002220   0x08002220   0x00000188   Code   RO          166    .text               c_pu.l(__printf_flags_ss_wp.o)
    0x080023a8   0x080023a8   0x0000007a   Code   RO          202    .text               c_pu.l(lludiv10.o)
    0x08002422   0x08002422   0x000000b0   Code   RO          204    .text               c_pu.l(_printf_intcommon.o)
    0x080024d2   0x080024d2   0x00000002   PAD
    0x080024d4   0x080024d4   0x00000414   Code   RO          206    .text               c_pu.l(_printf_fp_dec.o)
    0x080028e8   0x080028e8   0x000002d8   Code   RO          210    .text               c_pu.l(_printf_fp_hex.o)
    0x08002bc0   0x08002bc0   0x0000002e   Code   RO          215    .text               c_pu.l(_printf_char.o)
    0x08002bee   0x08002bee   0x0000002e   Code   RO          217    .text               c_pu.l(_printf_wchar.o)
    0x08002c1c   0x08002c1c   0x00000042   Code   RO          220    .text               c_pu.l(_c32rtomb.o)
    0x08002c5e   0x08002c5e   0x00000028   Code   RO          222    .text               c_pu.l(rtudiv10.o)
    0x08002c86   0x08002c86   0x00000002   PAD
    0x08002c88   0x08002c88   0x00000010   Code   RO          224    .text               c_pu.l(rt_ctype_table.o)
    0x08002c98   0x08002c98   0x00000008   Code   RO          226    .text               c_pu.l(rt_locale.o)
    0x08002ca0   0x08002ca0   0x00000088   Code   RO          231    .text               c_pu.l(_printf_fp_infnan.o)
    0x08002d28   0x08002d28   0x000000d8   Code   RO          233    .text               c_pu.l(bigflt0.o)
    0x08002e00   0x08002e00   0x00000580   Code   RO          236    .text               c_pu.l(btod.o)
    0x08003380   0x08003380   0x00000088   Code   RO          268    .text               c_pu.l(strcmp.o)
    0x08003408   0x08003408   0x00000030   Code   RO          238    i.__ARM_common_ll_muluu  c_pu.l(btod.o)
    0x08003438   0x08003438   0x0000002c   Code   RO          252    i.__ARM_fpclassify  m_ps.l(fpclassify.o)
    0x08003464   0x08003464   0x0000000e   Code   RO          159    i._is_digit         c_pu.l(__printf_wp.o)
    0x08003472   0x08003472   0x00000002   PAD
    0x08003474   0x08003474   0x0000002c   Code   RO          243    locale$$code        c_pu.l(lc_numeric_c.o)
    0x080034a0   0x080034a0   0x0000002c   Code   RO          262    locale$$code        c_pu.l(lc_ctype_c.o)
    0x080034cc   0x080034cc   0x00000010   Code   RO          192    x$fpl$printf1       fz_ps.l(printf1.o)
    0x080034dc   0x080034dc   0x00000010   Code   RO          194    x$fpl$printf2       fz_ps.l(printf2.o)
    0x080034ec   0x080034ec   0x00000000   Code   RO          251    x$fpl$usenofp       fz_ps.l(usenofp.o)
    0x080034ec   0x080034ec   0x00000008   Data   RO          118    .constdata          c_pu.l(_printf_wctomb.o)
    0x080034f4   0x080034f4   0x00000028   Data   RO          147    .constdata          c_pu.l(_printf_hex_int_ll_ptr.o)
    0x0800351c   0x0800351c   0x00000011   Data   RO          167    .constdata          c_pu.l(__printf_flags_ss_wp.o)
    0x0800352d   0x0800352d   0x00000026   Data   RO          211    .constdata          c_pu.l(_printf_fp_hex.o)
    0x08003553   0x08003553   0x00000001   PAD
    0x08003554   0x08003554   0x00000094   Data   RO          234    .constdata          c_pu.l(bigflt0.o)
    0x080035e8   0x080035e8   0x00000010   Data   RO           55    .rodata.hal_ct_seg7_get_seg7.conv_tab  hal_ct_seg7.o
    0x080035f8   0x080035f8   0x00000027   Data   RO           27    .rodata.str1.1      lcd.o
    0x0800361f   0x0800361f   0x00000001   PAD
    0x08003620   0x08003620   0x0000001c   Data   RO          242    locale$$data        c_pu.l(lc_numeric_c.o)
    0x0800363c   0x0800363c   0x00000110   Data   RO          261    locale$$data        c_pu.l(lc_ctype_c.o)


    Execution Region RW_IRAM1 (Exec base: 0x20000000, Load base: 0x08003750, Size: 0x00002028, Max: 0x00030000, ABSOLUTE)

    Exec Addr    Load Addr    Size         Type   Attr      Idx    E Section Name        Object

    0x20000000   0x08003750   0x00000001   Data   RW            3    .data.dice_counter  dice_counter.o
    0x20000001   0x08003751   0x00000007   PAD
    0x20000008        -       0x00000014   Zero   RW          227    .bss                c_pu.l(rt_locale.o)
    0x2000001c        -       0x00000007   Zero   RW           19    .bss.nr_of_throws   statistics.o
    0x20000023   0x08003751   0x00000005   PAD
    0x20000028        -       0x00002000   Zero   RW           39    STACK               startup_ctboard.o


==============================================================================

Image component sizes


      Code (inc. data)   RO Data    RW Data    ZI Data      Debug   Object Name

       124         50          0          0          0        440   datainit_ctboard.o
        48          8          0          1          0        640   dice_counter.o
       420        140         16          0          0       2597   hal_ct_seg7.o
       728        100          0          0          0       3148   hal_fmc.o
      2440        124          0          0          0       8371   hal_gpio.o
       340         24          0          0          0       1874   hal_pwr.o
      1432        280          0          0          0       4720   hal_rcc.o
       220         32         39          0          0       2341   lcd.o
       168          4          0          0          0        846   main.o
        36          8        428          0       8192        808   startup_ctboard.o
        68          8          0          0          7        771   statistics.o
       656         64          0          0          0       6736   system_ctboard.o

    ----------------------------------------------------------------------
      6680        842        484          4       8208      33292   Object Totals
         0          0          0          0          0          0   (incl. Generated)
         0          0          1          3          9          0   (incl. Padding)

    ----------------------------------------------------------------------

      Code (inc. data)   RO Data    RW Data    ZI Data      Debug   Library Member Name

       392          6         17          0          0         76   __printf_flags_ss_wp.o
        14          0          0          0          0         60   __printf_wp.o
        66          0          0          0          0         76   _c32rtomb.o
        10          0          0          0          0          0   _printf_a.o
        10          0          0          0          0          0   _printf_c.o
        46          0          0          0          0        100   _printf_char.o
        48          6          0          0          0         88   _printf_char_common.o
        38          0          0          0          0         60   _printf_charcount.o
        10          0          0          0          0          0   _printf_d.o
       108         18          0          0          0         76   _printf_dec.o
        10          0          0          0          0          0   _printf_e.o
        10          0          0          0          0          0   _printf_f.o
      1044         12          0          0          0        116   _printf_fp_dec.o
       728         10         38          0          0         84   _printf_fp_hex.o
       136         16          0          0          0         76   _printf_fp_infnan.o
        10          0          0          0          0          0   _printf_g.o
       152          4         40          0          0        148   _printf_hex_int_ll_ptr.o
        10          0          0          0          0          0   _printf_i.o
       176          0          0          0          0         84   _printf_intcommon.o
        10          0          0          0          0          0   _printf_l.o
        10          0          0          0          0          0   _printf_lc.o
        10          0          0          0          0          0   _printf_ll.o
        10          0          0          0          0          0   _printf_lld.o
        10          0          0          0          0          0   _printf_lli.o
        10          0          0          0          0          0   _printf_llo.o
        10          0          0          0          0          0   _printf_llu.o
        10          0          0          0          0          0   _printf_llx.o
       112         18          0          0          0         76   _printf_longlong_dec.o
        10          0          0          0          0          0   _printf_ls.o
        10          0          0          0          0          0   _printf_n.o
        10          0          0          0          0          0   _printf_o.o
       112         10          0          0          0        112   _printf_oct_int_ll.o
        10          0          0          0          0          0   _printf_p.o
        78          0          0          0          0        100   _printf_pad.o
         2          0          0          0          0          0   _printf_percent.o
         4          0          0          0          0          0   _printf_percent_end.o
        10          0          0          0          0          0   _printf_s.o
        82          0          0          0          0         72   _printf_str.o
        36          0          0          0          0         76   _printf_truncate.o
        10          0          0          0          0          0   _printf_u.o
        46          0          0          0          0        100   _printf_wchar.o
       188          6          8          0          0         80   _printf_wctomb.o
        10          0          0          0          0          0   _printf_x.o
        16          0          0          0          0         60   _snputc.o
       364          4          0          0          0         92   aeabi_sdiv.o
       216          6        148          0          0         80   bigflt0.o
      1456         30          0          0          0        336   btod.o
        44         10        272          0          0         76   lc_ctype_c.o
        44         10         28          0          0         76   lc_numeric_c.o
         0          0          0          0          0          0   libinit2.o
       122          0          0          0          0         72   lludiv10.o
        16          4          0          0          0         76   rt_ctype_table.o
         8          4          0          0         20         68   rt_locale.o
        40          0          0          0          0         60   rtudiv10.o
        64          4          0          0          0         84   snprintf.o
       136          4          0          0          0         72   strcmp.o
        16          4          0          0          0         76   printf1.o
        16          4          0          0          0         76   printf2.o
         0          0          0          0          0          0   usenofp.o
        44          4          0          0          0         60   fpclassify.o

    ----------------------------------------------------------------------
      6440        194        552          0         20       3024   Library Totals
        10          0          1          0          0          0   (incl. Padding)

    ----------------------------------------------------------------------

      Code (inc. data)   RO Data    RW Data    ZI Data      Debug   Library Name

      6354        182        551          0         20       2812   c_pu.l
        32          8          0          0          0        152   fz_ps.l
        44          4          0          0          0         60   m_ps.l

    ----------------------------------------------------------------------
      6440        194        552          0         20       3024   Library Totals

    ----------------------------------------------------------------------

==============================================================================


      Code (inc. data)   RO Data    RW Data    ZI Data      Debug   

     13120       1036       1036          4       8228      34532   Grand Totals
     13120       1036       1036          4       8228      34532   ELF Image Totals
     13120       1036       1036          4          0          0   ROM Totals

==============================================================================

    Total RO  Size (Code + RO Data)                14156 (  13.82kB)
    Total RW  Size (RW Data + ZI Data)              8232 (   8.04kB)
    Total ROM Size (Code + RO Data + RW Data)      14160 (  13.83kB)

==============================================================================

